172.68.146.26 - metripping [19/Mar/2019:10:09:36 +0000] "GET /search_api?activity_tag=relax&adults=1&children=0&end_date=2019-03-29&infants=0&location_filter=%5B%7B%22geo_bounding_box%22:%7B%22top_right%22:%7B%22lat%22:76.8649241082939,%22lon%22:180%7D,%22bottom_left%22:%7B%22lat%22:-60.01190691432012,%22lon%22:-180%7D%7D%7D%5D&location_tag=world&mode=travel_and_stay&origin=25763&page=1&page_size=60&start_date=2019-03-24&type=top_destinations&user_id=32&user_preferences=%7B%22been%22:true,%22wish%22:true%7D&user_ui_id=ONuJOjrjpl HTTP/1.1" 200 5186 "http://localhost:3333/profile/" "Mozilla/5.0 (X11; Linux x86_64) AppleWebKit/537.36 (KHTML, like Gecko) Chrome/69.0.3497.100 Safari/537.36" "106.51.67.207" rt=2.198 ua="10.132.0.7:21015" us="200" ut="2.198" ul="24986" cs=-
172.68.146.26 - stay [19/Mar/2019:10:09:39 +0000] "POST /v1/get_details_package HTTP/1.1" 200 795 "-" "curl" "13.71.112.75" rt=0.473 ua="10.132.0.7:21015" us="200" ut="0.473" ul="795" cs=-
172.68.144.229 - stay [19/Mar/2019:10:09:40 +0000] "POST /v1/get_details_package HTTP/1.1" 200 794 "-" "curl" "13.71.112.75" rt=0.613 ua="10.132.0.7:21015" us="200" ut="0.613" ul="794" cs=-
162.158.167.96 - stay [19/Mar/2019:10:09:49 +0000] "POST /v1/get_details_package HTTP/1.1" 200 795 "-" "curl" "13.71.112.75" rt=0.363 ua="10.132.0.7:21015" us="200" ut="0.363" ul="795" cs=-
172.69.135.160 - stay [19/Mar/2019:10:09:50 +0000] "POST /v1/get_details_package HTTP/1.1" 200 794 "-" "curl" "13.71.112.75" rt=0.541 ua="10.132.0.7:21015" us="200" ut="0.541" ul="794" cs=-
172.68.146.74 - stay [19/Mar/2019:10:10:00 +0000] "POST /v1/get_details_package HTTP/1.1" 200 795 "-" "curl" "13.71.112.75" rt=0.574 ua="10.132.0.7:21015" us="200" ut="0.574" ul="795" cs=-
172.69.134.177 - stay [19/Mar/2019:10:10:00 +0000] "POST /v1/get_details_package HTTP/1.1" 200 794 "-" "curl" "13.71.112.75" rt=0.456 ua="10.132.0.7:21015" us="200" ut="0.456" ul="794" cs=-
172.69.134.27 - stay [19/Mar/2019:10:10:09 +0000] "POST /v1/get_details_package HTTP/1.1" 200 795 "-" "curl" "13.71.112.75" rt=0.524 ua="10.132.0.7:21015" us="200" ut="0.524" ul="795" cs=-
172.69.134.201 - stay [19/Mar/2019:10:10:10 +0000] "POST /v1/get_details_package HTTP/1.1" 200 794 "-" "curl" "13.71.112.75" rt=0.469 ua="10.132.0.7:21015" us="200" ut="0.469" ul="794" cs=-
172.69.134.99 - stay [19/Mar/2019:10:10:20 +0000] "POST /v1/get_details_package HTTP/1.1" 200 794 "-" "curl" "13.71.112.75" rt=0.422 ua="10.132.0.7:21015" us="200" ut="0.422" ul="794" cs=-
162.158.165.70 - stay [19/Mar/2019:10:10:20 +0000] "POST /v1/get_details_package HTTP/1.1" 200 795 "-" "curl" "13.71.112.75" rt=0.562 ua="10.132.0.7:21015" us="200" ut="0.562" ul="795" cs=-
172.69.134.27 - stay [19/Mar/2019:10:10:30 +0000] "POST /v1/get_details_package HTTP/1.1" 200 795 "-" "curl" "13.71.112.75" rt=0.591 ua="10.132.0.7:21015" us="200" ut="0.591" ul="795" cs=-
172.69.134.201 - stay [19/Mar/2019:10:10:30 +0000] "POST /v1/get_details_package HTTP/1.1" 200 794 "-" "curl" "13.71.112.75" rt=0.610 ua="10.132.0.7:21015" us="200" ut="0.610" ul="794" cs=-
162.158.166.239 - stay [19/Mar/2019:10:10:40 +0000] "POST /v1/get_details_package HTTP/1.1" 200 794 "-" "curl" "13.71.112.75" rt=0.758 ua="10.132.0.7:21015" us="200" ut="0.758" ul="794" cs=-
172.69.135.148 - stay [19/Mar/2019:10:10:40 +0000] "POST /v1/get_details_package HTTP/1.1" 200 795 "-" "curl" "13.71.112.75" rt=0.776 ua="10.132.0.7:21015" us="200" ut="0.776" ul="795" cs=-
162.158.165.70 - stay [19/Mar/2019:10:10:50 +0000] "POST /v1/get_details_package HTTP/1.1" 200 795 "-" "curl" "13.71.112.75" rt=0.494 ua="10.132.0.7:21015" us="200" ut="0.494" ul="795" cs=-
172.68.146.212 - stay [19/Mar/2019:10:10:50 +0000] "POST /v1/get_details_package HTTP/1.1" 200 794 "-" "curl" "13.71.112.75" rt=0.621 ua="10.132.0.7:21015" us="200" ut="0.621" ul="794" cs=-
162.158.165.116 - stay [19/Mar/2019:10:11:00 +0000] "POST /v1/get_details_package HTTP/1.1" 200 795 "-" "curl" "13.71.112.75" rt=0.499 ua="10.132.0.7:21015" us="200" ut="0.499" ul="795" cs=-
162.158.167.96 - stay [19/Mar/2019:10:11:00 +0000] "POST /v1/get_details_package HTTP/1.1" 200 794 "-" "curl" "13.71.112.75" rt=0.633 ua="10.132.0.7:21015" us="200" ut="0.633" ul="794" cs=-
162.158.166.239 - stay [19/Mar/2019:10:11:10 +0000] "POST /v1/get_details_package HTTP/1.1" 200 794 "-" "curl" "13.71.112.75" rt=0.477 ua="10.132.0.7:21015" us="200" ut="0.477" ul="794" cs=-
172.69.134.99 - stay [19/Mar/2019:10:11:10 +0000] "POST /v1/get_details_package HTTP/1.1" 200 795 "-" "curl" "13.71.112.75" rt=0.584 ua="10.132.0.7:21015" us="200" ut="0.584" ul="795" cs=-
172.68.146.212 - stay [19/Mar/2019:10:11:20 +0000] "POST /v1/get_details_package HTTP/1.1" 200 795 "-" "curl" "13.71.112.75" rt=0.613 ua="10.132.0.7:21015" us="200" ut="0.613" ul="795" cs=-
162.158.167.132 - stay [19/Mar/2019:10:11:20 +0000] "POST /v1/get_details_package HTTP/1.1" 200 794 "-" "curl" "13.71.112.75" rt=0.656 ua="10.132.0.7:21015" us="200" ut="0.656" ul="794" cs=-
172.69.134.27 - - [19/Mar/2019:10:11:23 +0000] "OPTIONS /check_auth/?broadcast=false&user_ui_id=ONuJOjrjpl&utm_profile=0 HTTP/1.1" 204 0 "-" "Mozilla/5.0 (X11; Linux x86_64) AppleWebKit/537.36 (KHTML, like Gecko) Chrome/69.0.3497.100 Safari/537.36" "106.51.67.207" rt=0.000 ua="-" us="-" ut="-" ul="-" cs=-
172.69.134.27 - - [19/Mar/2019:10:11:24 +0000] "OPTIONS /get_location_group_data?group_types=all HTTP/1.1" 204 0 "-" "Mozilla/5.0 (X11; Linux x86_64) AppleWebKit/537.36 (KHTML, like Gecko) Chrome/69.0.3497.100 Safari/537.36" "106.51.67.207" rt=0.000 ua="-" us="-" ut="-" ul="-" cs=-
172.68.146.26 - metripping [19/Mar/2019:10:11:24 +0000] "GET /check_auth/?broadcast=false&user_ui_id=ONuJOjrjpl&utm_profile=0 HTTP/1.1" 200 2984 "http://localhost:3333/profile/" "Mozilla/5.0 (X11; Linux x86_64) AppleWebKit/537.36 (KHTML, like Gecko) Chrome/69.0.3497.100 Safari/537.36" "106.51.67.207" rt=0.053 ua="unix:///tmp/MetrippingWeb.sock" us="200" ut="0.053" ul="40897" cs=-
172.69.134.27 - - [19/Mar/2019:10:11:25 +0000] "OPTIONS /getorder/ HTTP/1.1" 204 0 "-" "Mozilla/5.0 (X11; Linux x86_64) AppleWebKit/537.36 (KHTML, like Gecko) Chrome/69.0.3497.100 Safari/537.36" "106.51.67.207" rt=0.000 ua="-" us="-" ut="-" ul="-" cs=-
172.68.146.26 - metripping [19/Mar/2019:10:11:26 +0000] "POST /getorder/ HTTP/1.1" 200 480 "http://localhost:3333/profile/" "Mozilla/5.0 (X11; Linux x86_64) AppleWebKit/537.36 (KHTML, like Gecko) Chrome/69.0.3497.100 Safari/537.36" "106.51.67.207" rt=0.033 ua="unix:///tmp/MetrippingWeb.sock" us="200" ut="0.033" ul="2289" cs=-
172.69.134.27 - - [19/Mar/2019:10:11:27 +0000] "OPTIONS /location_details_ui HTTP/1.1" 204 0 "-" "Mozilla/5.0 (X11; Linux x86_64) AppleWebKit/537.36 (KHTML, like Gecko) Chrome/69.0.3497.100 Safari/537.36" "106.51.67.207" rt=0.000 ua="-" us="-" ut="-" ul="-" cs=-
172.69.134.27 - - [19/Mar/2019:10:11:28 +0000] "OPTIONS /search_api?activity_tag=relax&adults=1&children=0&end_date=2019-03-29&infants=0&location_tag=world&mode=travel_and_stay&origin=25763&page=1&page_size=60&start_date=2019-03-24&type=top_destinations&user_id=32&user_preferences=%7B%22been%22:false,%22wish%22:true%7D&user_ui_id=ONuJOjrjpl HTTP/1.1" 204 0 "-" "Mozilla/5.0 (X11; Linux x86_64) AppleWebKit/537.36 (KHTML, like Gecko) Chrome/69.0.3497.100 Safari/537.36" "106.51.67.207" rt=0.000 ua="-" us="-" ut="-" ul="-" cs=-
172.69.134.27 - - [19/Mar/2019:10:11:28 +0000] "OPTIONS /location_details_ui HTTP/1.1" 204 0 "-" "Mozilla/5.0 (X11; Linux x86_64) AppleWebKit/537.36 (KHTML, like Gecko) Chrome/69.0.3497.100 Safari/537.36" "106.51.67.207" rt=0.000 ua="-" us="-" ut="-" ul="-" cs=-
172.68.146.26 - metripping [19/Mar/2019:10:11:29 +0000] "POST /location_details_ui HTTP/1.1" 200 227934 "http://localhost:3333/profile/" "Mozilla/5.0 (X11; Linux x86_64) AppleWebKit/537.36 (KHTML, like Gecko) Chrome/69.0.3497.100 Safari/537.36" "106.51.67.207" rt=1.659 ua="10.132.0.7:21015" us="200" ut="1.093" ul="1014691" cs=-
172.68.146.26 - metripping [19/Mar/2019:10:11:29 +0000] "GET /search_api?activity_tag=relax&adults=1&children=0&end_date=2019-03-29&infants=0&location_tag=world&mode=travel_and_stay&origin=25763&page=1&page_size=60&start_date=2019-03-24&type=top_destinations&user_id=32&user_preferences=%7B%22been%22:false,%22wish%22:true%7D&user_ui_id=ONuJOjrjpl HTTP/1.1" 200 5058 "http://localhost:3333/profile/" "Mozilla/5.0 (X11; Linux x86_64) AppleWebKit/537.36 (KHTML, like Gecko) Chrome/69.0.3497.100 Safari/537.36" "106.51.67.207" rt=1.184 ua="10.132.0.7:21015" us="200" ut="1.184" ul="23522" cs=-
172.69.134.27 - - [19/Mar/2019:10:11:30 +0000] "OPTIONS /search_api?activity_tag=relax&adults=1&children=0&end_date=2019-03-29&infants=0&location_filter=%5B%7B%22geo_bounding_box%22:%7B%22top_right%22:%7B%22lat%22:76.8649241082939,%22lon%22:180%7D,%22bottom_left%22:%7B%22lat%22:-60.01190691432012,%22lon%22:-180%7D%7D%7D%5D&location_tag=world&mode=travel_and_stay&origin=25763&page=1&page_size=60&start_date=2019-03-24&type=top_destinations&user_id=32&user_preferences=%7B%22been%22:true,%22wish%22:true%7D&user_ui_id=ONuJOjrjpl HTTP/1.1" 204 0 "-" "Mozilla/5.0 (X11; Linux x86_64) AppleWebKit/537.36 (KHTML, like Gecko) Chrome/69.0.3497.100 Safari/537.36" "106.51.67.207" rt=0.000 ua="-" us="-" ut="-" ul="-" cs=-
162.158.166.239 - stay [19/Mar/2019:10:11:30 +0000] "POST /v1/get_details_package HTTP/1.1" 200 795 "-" "curl" "13.71.112.75" rt=0.636 ua="10.132.0.7:21015" us="200" ut="0.636" ul="795" cs=-
172.69.134.99 - stay [19/Mar/2019:10:11:30 +0000] "POST /v1/get_details_package HTTP/1.1" 200 794 "-" "curl" "13.71.112.75" rt=0.644 ua="10.132.0.7:21015" us="200" ut="0.644" ul="794" cs=-
172.68.146.26 - metripping [19/Mar/2019:10:11:31 +0000] "POST /location_details_ui HTTP/1.1" 200 227934 "http://localhost:3333/profile/" "Mozilla/5.0 (X11; Linux x86_64) AppleWebKit/537.36 (KHTML, like Gecko) Chrome/69.0.3497.100 Safari/537.36" "106.51.67.207" rt=2.262 ua="10.132.0.7:21015" us="200" ut="1.698" ul="1014691" cs=-
172.68.146.26 - metripping [19/Mar/2019:10:11:32 +0000] "GET /search_api?activity_tag=relax&adults=1&children=0&end_date=2019-03-29&infants=0&location_filter=%5B%7B%22geo_bounding_box%22:%7B%22top_right%22:%7B%22lat%22:76.8649241082939,%22lon%22:180%7D,%22bottom_left%22:%7B%22lat%22:-60.01190691432012,%22lon%22:-180%7D%7D%7D%5D&location_tag=world&mode=travel_and_stay&origin=25763&page=1&page_size=60&start_date=2019-03-24&type=top_destinations&user_id=32&user_preferences=%7B%22been%22:true,%22wish%22:true%7D&user_ui_id=ONuJOjrjpl HTTP/1.1" 200 5186 "http://localhost:3333/profile/" "Mozilla/5.0 (X11; Linux x86_64) AppleWebKit/537.36 (KHTML, like Gecko) Chrome/69.0.3497.100 Safari/537.36" "106.51.67.207" rt=2.138 ua="10.132.0.7:21015" us="200" ut="2.138" ul="24986" cs=-
172.68.146.212 - stay [19/Mar/2019:10:11:40 +0000] "POST /v1/get_details_package HTTP/1.1" 200 794 "-" "curl" "13.71.112.75" rt=0.569 ua="10.132.0.7:21015" us="200" ut="0.569" ul="794" cs=-
172.69.135.148 - stay [19/Mar/2019:10:11:40 +0000] "POST /v1/get_details_package HTTP/1.1" 200 795 "-" "curl" "13.71.112.75" rt=0.504 ua="10.132.0.7:21015" us="200" ut="0.504" ul="795" cs=-
172.69.134.81 - stay [19/Mar/2019:10:11:50 +0000] "POST /v1/get_details_package HTTP/1.1" 200 794 "-" "curl" "13.71.112.75" rt=0.717 ua="10.132.0.7:21015" us="200" ut="0.717" ul="794" cs=-
172.68.144.229 - stay [19/Mar/2019:10:11:50 +0000] "POST /v1/get_details_package HTTP/1.1" 200 795 "-" "curl" "13.71.112.75" rt=0.738 ua="10.132.0.7:21015" us="200" ut="0.738" ul="795" cs=-
172.68.146.26 - stay [19/Mar/2019:10:12:00 +0000] "POST /v1/get_details_package HTTP/1.1" 200 795 "-" "curl" "13.71.112.75" rt=0.701 ua="10.132.0.7:21015" us="200" ut="0.701" ul="795" cs=-
172.69.135.160 - stay [19/Mar/2019:10:12:00 +0000] "POST /v1/get_details_package HTTP/1.1" 200 794 "-" "curl" "13.71.112.75" rt=0.719 ua="10.132.0.7:21015" us="200" ut="0.719" ul="794" cs=-
172.69.134.99 - stay [19/Mar/2019:10:12:10 +0000] "POST /v1/get_details_package HTTP/1.1" 200 794 "-" "curl" "13.71.112.75" rt=0.705 ua="10.132.0.7:21015" us="200" ut="0.705" ul="794" cs=-
162.158.166.239 - stay [19/Mar/2019:10:12:10 +0000] "POST /v1/get_details_package HTTP/1.1" 200 795 "-" "curl" "13.71.112.75" rt=0.721 ua="10.132.0.7:21015" us="200" ut="0.721" ul="795" cs=-
172.69.134.201 - stay [19/Mar/2019:10:12:20 +0000] "POST /v1/get_details_package HTTP/1.1" 200 816 "-" "curl" "13.71.112.75" rt=0.427 ua="10.132.0.7:21015" us="200" ut="0.427" ul="816" cs=-
172.68.144.229 - stay [19/Mar/2019:10:12:20 +0000] "POST /v1/get_details_package HTTP/1.1" 200 795 "-" "curl" "13.71.112.75" rt=0.952 ua="10.132.0.7:21015" us="200" ut="0.952" ul="795" cs=-
172.68.146.26 - stay [19/Mar/2019:10:12:30 +0000] "POST /v1/get_details_package HTTP/1.1" 200 794 "-" "curl" "13.71.112.75" rt=0.495 ua="10.132.0.7:21015" us="200" ut="0.495" ul="794" cs=-
172.69.135.160 - stay [19/Mar/2019:10:12:30 +0000] "POST /v1/get_details_package HTTP/1.1" 200 795 "-" "curl" "13.71.112.75" rt=0.408 ua="10.132.0.7:21015" us="200" ut="0.408" ul="795" cs=-
172.68.146.74 - stay [19/Mar/2019:10:12:40 +0000] "POST /v1/get_details_package HTTP/1.1" 200 795 "-" "curl" "13.71.112.75" rt=0.665 ua="10.132.0.7:21015" us="200" ut="0.665" ul="795" cs=-
162.158.167.96 - stay [19/Mar/2019:10:12:40 +0000] "POST /v1/get_details_package HTTP/1.1" 200 794 "-" "curl" "13.71.112.75" rt=0.676 ua="10.132.0.7:21015" us="200" ut="0.676" ul="794" cs=-
172.69.134.99 - stay [19/Mar/2019:10:12:50 +0000] "POST /v1/get_details_package HTTP/1.1" 200 795 "-" "curl" "13.71.112.75" rt=0.402 ua="10.132.0.7:21015" us="200" ut="0.402" ul="795" cs=-
162.158.166.239 - stay [19/Mar/2019:10:12:50 +0000] "POST /v1/get_details_package HTTP/1.1" 200 794 "-" "curl" "13.71.112.75" rt=0.531 ua="10.132.0.7:21015" us="200" ut="0.531" ul="794" cs=-
162.158.167.96 - stay [19/Mar/2019:10:13:00 +0000] "POST /v1/get_details_package HTTP/1.1" 200 794 "-" "curl" "13.71.112.75" rt=0.542 ua="10.132.0.7:21015" us="200" ut="0.542" ul="794" cs=-
162.158.165.116 - stay [19/Mar/2019:10:13:00 +0000] "POST /v1/get_details_package HTTP/1.1" 200 795 "-" "curl" "13.71.112.75" rt=0.472 ua="10.132.0.7:21015" us="200" ut="0.472" ul="795" cs=-
172.69.134.201 - stay [19/Mar/2019:10:13:10 +0000] "POST /v1/get_details_package HTTP/1.1" 200 794 "-" "curl" "13.71.112.75" rt=0.508 ua="10.132.0.7:21015" us="200" ut="0.508" ul="794" cs=-
172.69.134.27 - stay [19/Mar/2019:10:13:10 +0000] "POST /v1/get_details_package HTTP/1.1" 200 795 "-" "curl" "13.71.112.75" rt=0.619 ua="10.132.0.7:21015" us="200" ut="0.619" ul="795" cs=-
162.158.165.70 - stay [19/Mar/2019:10:13:20 +0000] "POST /v1/get_details_package HTTP/1.1" 200 795 "-" "curl" "13.71.112.75" rt=0.419 ua="10.132.0.7:21015" us="200" ut="0.419" ul="795" cs=-
172.68.146.212 - stay [19/Mar/2019:10:13:20 +0000] "POST /v1/get_details_package HTTP/1.1" 200 794 "-" "curl" "13.71.112.75" rt=0.692 ua="10.132.0.7:21015" us="200" ut="0.692" ul="794" cs=-
162.158.167.96 - stay [19/Mar/2019:10:13:30 +0000] "POST /v1/get_details_package HTTP/1.1" 200 794 "-" "curl" "13.71.112.75" rt=0.591 ua="10.132.0.7:21015" us="200" ut="0.591" ul="794" cs=-
162.158.165.116 - stay [19/Mar/2019:10:13:30 +0000] "POST /v1/get_details_package HTTP/1.1" 200 817 "-" "curl" "13.71.112.75" rt=0.661 ua="10.132.0.7:21015" us="200" ut="0.661" ul="817" cs=-
162.158.166.239 - stay [19/Mar/2019:10:13:40 +0000] "POST /v1/get_details_package HTTP/1.1" 200 794 "-" "curl" "13.71.112.75" rt=0.622 ua="10.132.0.7:21015" us="200" ut="0.622" ul="794" cs=-
172.69.134.99 - stay [19/Mar/2019:10:13:40 +0000] "POST /v1/get_details_package HTTP/1.1" 200 795 "-" "curl" "13.71.112.75" rt=0.643 ua="10.132.0.7:21015" us="200" ut="0.643" ul="795" cs=-
172.69.134.99 - stay [19/Mar/2019:10:13:50 +0000] "POST /v1/get_details_package HTTP/1.1" 200 795 "-" "curl" "13.71.112.75" rt=0.439 ua="10.132.0.7:21015" us="200" ut="0.439" ul="795" cs=-
162.158.166.239 - stay [19/Mar/2019:10:13:50 +0000] "POST /v1/get_details_package HTTP/1.1" 200 794 "-" "curl" "13.71.112.75" rt=0.357 ua="10.132.0.7:21015" us="200" ut="0.357" ul="794" cs=-
162.158.166.239 - stay [19/Mar/2019:10:13:59 +0000] "POST /v1/get_details_package HTTP/1.1" 200 794 "-" "curl" "13.71.112.75" rt=0.350 ua="10.132.0.7:21015" us="200" ut="0.350" ul="794" cs=-
172.69.134.99 - stay [19/Mar/2019:10:14:00 +0000] "POST /v1/get_details_package HTTP/1.1" 200 795 "-" "curl" "13.71.112.75" rt=0.464 ua="10.132.0.7:21015" us="200" ut="0.464" ul="795" cs=-
162.158.165.116 - stay [19/Mar/2019:10:14:10 +0000] "POST /v1/get_details_package HTTP/1.1" 200 794 "-" "curl" "13.71.112.75" rt=0.418 ua="10.132.0.7:21015" us="200" ut="0.418" ul="794" cs=-
172.69.134.27 - stay [19/Mar/2019:10:14:10 +0000] "POST /v1/get_details_package HTTP/1.1" 200 795 "-" "curl" "13.71.112.75" rt=0.351 ua="10.132.0.7:21015" us="200" ut="0.351" ul="795" cs=-
172.69.134.201 - stay [19/Mar/2019:10:14:20 +0000] "POST /v1/get_details_package HTTP/1.1" 200 794 "-" "curl" "13.71.112.75" rt=0.512 ua="10.132.0.7:21015" us="200" ut="0.512" ul="794" cs=-
172.69.135.148 - stay [19/Mar/2019:10:14:20 +0000] "POST /v1/get_details_package HTTP/1.1" 200 795 "-" "curl" "13.71.112.75" rt=0.741 ua="10.132.0.7:21015" us="200" ut="0.741" ul="795" cs=-
172.68.146.212 - stay [19/Mar/2019:10:14:30 +0000] "POST /v1/get_details_package HTTP/1.1" 200 795 "-" "curl" "13.71.112.75" rt=0.586 ua="10.132.0.7:21015" us="200" ut="0.586" ul="795" cs=-
162.158.167.132 - stay [19/Mar/2019:10:14:30 +0000] "POST /v1/get_details_package HTTP/1.1" 200 794 "-" "curl" "13.71.112.75" rt=0.607 ua="10.132.0.7:21015" us="200" ut="0.607" ul="794" cs=-
162.158.165.70 - stay [19/Mar/2019:10:14:40 +0000] "POST /v1/get_details_package HTTP/1.1" 200 794 "-" "curl" "13.71.112.75" rt=0.513 ua="10.132.0.7:21015" us="200" ut="0.513" ul="794" cs=-
172.69.134.201 - stay [19/Mar/2019:10:14:40 +0000] "POST /v1/get_details_package HTTP/1.1" 200 795 "-" "curl" "13.71.112.75" rt=0.616 ua="10.132.0.7:21015" us="200" ut="0.616" ul="795" cs=-
162.158.167.96 - stay [19/Mar/2019:10:14:50 +0000] "POST /v1/get_details_package HTTP/1.1" 200 795 "-" "curl" "13.71.112.75" rt=0.360 ua="10.132.0.7:21015" us="200" ut="0.360" ul="795" cs=-
172.69.134.27 - stay [19/Mar/2019:10:14:50 +0000] "POST /v1/get_details_package HTTP/1.1" 200 794 "-" "curl" "13.71.112.75" rt=0.533 ua="10.132.0.7:21015" us="200" ut="0.533" ul="794" cs=-
172.69.134.177 - stay [19/Mar/2019:10:15:00 +0000] "POST /v1/get_details_package HTTP/1.1" 200 794 "-" "curl" "13.71.112.75" rt=0.508 ua="10.132.0.7:21015" us="200" ut="0.508" ul="794" cs=-
172.68.146.74 - stay [19/Mar/2019:10:15:00 +0000] "POST /v1/get_details_package HTTP/1.1" 200 795 "-" "curl" "13.71.112.75" rt=0.731 ua="10.132.0.7:21015" us="200" ut="0.731" ul="795" cs=-
172.69.134.177 - stay [19/Mar/2019:10:15:10 +0000] "POST /v1/get_details_package HTTP/1.1" 200 795 "-" "curl" "13.71.112.75" rt=0.439 ua="10.132.0.7:21015" us="200" ut="0.439" ul="795" cs=-
162.158.165.116 - stay [19/Mar/2019:10:15:10 +0000] "POST /v1/get_details_package HTTP/1.1" 200 794 "-" "curl" "13.71.112.75" rt=0.365 ua="10.132.0.7:21015" us="200" ut="0.365" ul="794" cs=-
172.69.134.27 - stay [19/Mar/2019:10:15:20 +0000] "POST /v1/get_details_package HTTP/1.1" 200 794 "-" "curl" "13.71.112.75" rt=0.654 ua="10.132.0.7:21015" us="200" ut="0.654" ul="794" cs=-
172.69.134.81 - stay [19/Mar/2019:10:15:20 +0000] "POST /v1/get_details_package HTTP/1.1" 200 795 "-" "curl" "13.71.112.75" rt=0.487 ua="10.132.0.7:21015" us="200" ut="0.487" ul="795" cs=-
172.69.134.177 - stay [19/Mar/2019:10:15:30 +0000] "POST /v1/get_details_package HTTP/1.1" 200 794 "-" "curl" "13.71.112.75" rt=0.620 ua="10.132.0.7:21015" us="200" ut="0.620" ul="794" cs=-
172.68.146.74 - stay [19/Mar/2019:10:15:30 +0000] "POST /v1/get_details_package HTTP/1.1" 200 795 "-" "curl" "13.71.112.75" rt=0.553 ua="10.132.0.7:21015" us="200" ut="0.553" ul="795" cs=-
162.158.165.70 - stay [19/Mar/2019:10:15:40 +0000] "POST /v1/get_details_package HTTP/1.1" 200 794 "-" "curl" "13.71.112.75" rt=0.423 ua="10.132.0.7:21015" us="200" ut="0.423" ul="794" cs=-
162.158.167.132 - stay [19/Mar/2019:10:15:40 +0000] "POST /v1/get_details_package HTTP/1.1" 200 795 "-" "curl" "13.71.112.75" rt=0.558 ua="10.132.0.7:21015" us="200" ut="0.558" ul="795" cs=-
172.68.146.212 - stay [19/Mar/2019:10:15:50 +0000] "POST /v1/get_details_package HTTP/1.1" 200 794 "-" "curl" "13.71.112.75" rt=0.574 ua="10.132.0.7:21015" us="200" ut="0.574" ul="794" cs=-
172.69.135.148 - stay [19/Mar/2019:10:15:50 +0000] "POST /v1/get_details_package HTTP/1.1" 200 795 "-" "curl" "13.71.112.75" rt=0.588 ua="10.132.0.7:21015" us="200" ut="0.588" ul="795" cs=-
172.69.134.81 - stay [19/Mar/2019:10:16:00 +0000] "POST /v1/get_details_package HTTP/1.1" 200 794 "-" "curl" "13.71.112.75" rt=0.501 ua="10.132.0.7:21015" us="200" ut="0.501" ul="794" cs=-
172.68.144.229 - stay [19/Mar/2019:10:16:00 +0000] "POST /v1/get_details_package HTTP/1.1" 200 795 "-" "curl" "13.71.112.75" rt=0.415 ua="10.132.0.7:21015" us="200" ut="0.415" ul="795" cs=-
172.68.146.26 - stay [19/Mar/2019:10:16:10 +0000] "POST /v1/get_details_package HTTP/1.1" 200 795 "-" "curl" "13.71.112.75" rt=0.675 ua="10.132.0.7:21015" us="200" ut="0.675" ul="795" cs=-
172.69.135.160 - stay [19/Mar/2019:10:16:10 +0000] "POST /v1/get_details_package HTTP/1.1" 200 794 "-" "curl" "13.71.112.75" rt=0.715 ua="10.132.0.7:21015" us="200" ut="0.715" ul="794" cs=-
162.158.166.239 - stay [19/Mar/2019:10:16:20 +0000] "POST /v1/get_details_package HTTP/1.1" 200 795 "-" "curl" "13.71.112.75" rt=0.438 ua="10.132.0.7:21015" us="200" ut="0.438" ul="795" cs=-
172.69.134.99 - stay [19/Mar/2019:10:16:20 +0000] "POST /v1/get_details_package HTTP/1.1" 200 794 "-" "curl" "13.71.112.75" rt=0.613 ua="10.132.0.7:21015" us="200" ut="0.613" ul="794" cs=-
172.68.144.229 - stay [19/Mar/2019:10:16:30 +0000] "POST /v1/get_details_package HTTP/1.1" 200 795 "-" "curl" "13.71.112.75" rt=0.553 ua="10.132.0.7:21015" us="200" ut="0.553" ul="795" cs=-
172.69.134.201 - stay [19/Mar/2019:10:16:30 +0000] "POST /v1/get_details_package HTTP/1.1" 200 794 "-" "curl" "13.71.112.75" rt=0.626 ua="10.132.0.7:21015" us="200" ut="0.626" ul="794" cs=-
172.69.134.201 - stay [19/Mar/2019:10:16:40 +0000] "POST /v1/get_details_package HTTP/1.1" 200 794 "-" "curl" "13.71.112.75" rt=0.487 ua="10.132.0.7:21015" us="200" ut="0.487" ul="794" cs=-
172.69.134.27 - stay [19/Mar/2019:10:16:40 +0000] "POST /v1/get_details_package HTTP/1.1" 200 795 "-" "curl" "13.71.112.75" rt=0.611 ua="10.132.0.7:21015" us="200" ut="0.611" ul="795" cs=-
162.158.165.116 - stay [19/Mar/2019:10:16:50 +0000] "POST /v1/get_details_package HTTP/1.1" 200 794 "-" "curl" "13.71.112.75" rt=0.568 ua="10.132.0.7:21015" us="200" ut="0.568" ul="794" cs=-
162.158.167.96 - stay [19/Mar/2019:10:16:50 +0000] "POST /v1/get_details_package HTTP/1.1" 200 795 "-" "curl" "13.71.112.75" rt=0.693 ua="10.132.0.7:21015" us="200" ut="0.693" ul="795" cs=-
162.158.167.96 - stay [19/Mar/2019:10:17:00 +0000] "POST /v1/get_details_package HTTP/1.1" 200 795 "-" "curl" "13.71.112.75" rt=0.562 ua="10.132.0.7:21015" us="200" ut="0.562" ul="795" cs=-
172.69.134.177 - stay [19/Mar/2019:10:17:00 +0000] "POST /v1/get_details_package HTTP/1.1" 200 794 "-" "curl" "13.71.112.75" rt=0.412 ua="10.132.0.7:21015" us="200" ut="0.412" ul="794" cs=-
172.69.134.81 - stay [19/Mar/2019:10:17:10 +0000] "POST /v1/get_details_package HTTP/1.1" 200 794 "-" "curl" "13.71.112.75" rt=0.945 ua="10.132.0.7:21015" us="200" ut="0.945" ul="794" cs=-
172.68.144.229 - stay [19/Mar/2019:10:17:11 +0000] "POST /v1/get_details_package HTTP/1.1" 200 795 "-" "curl" "13.71.112.75" rt=0.981 ua="10.132.0.7:21015" us="200" ut="0.981" ul="795" cs=-
162.158.165.70 - stay [19/Mar/2019:10:17:20 +0000] "POST /v1/get_details_package HTTP/1.1" 200 795 "-" "curl" "13.71.112.75" rt=0.491 ua="10.132.0.7:21015" us="200" ut="0.491" ul="795" cs=-
172.68.146.212 - stay [19/Mar/2019:10:17:20 +0000] "POST /v1/get_details_package HTTP/1.1" 200 794 "-" "curl" "13.71.112.75" rt=0.778 ua="10.132.0.7:21015" us="200" ut="0.778" ul="794" cs=-
162.158.167.96 - stay [19/Mar/2019:10:17:30 +0000] "POST /v1/get_details_package HTTP/1.1" 200 816 "-" "curl" "13.71.112.75" rt=0.578 ua="10.132.0.7:21015" us="200" ut="0.578" ul="816" cs=-
162.158.165.116 - stay [19/Mar/2019:10:17:30 +0000] "POST /v1/get_details_package HTTP/1.1" 200 795 "-" "curl" "13.71.112.75" rt=0.725 ua="10.132.0.7:21015" us="200" ut="0.725" ul="795" cs=-
172.68.146.26 - - [19/Mar/2019:10:17:36 +0000] "GET /profile/ HTTP/1.1" 200 6991 "https://staging.metripping.com/search/trips" "Mozilla/5.0 (X11; Linux x86_64) AppleWebKit/537.36 (KHTML, like Gecko) Chrome/69.0.3497.100 Safari/537.36" "106.51.67.207" rt=0.116 ua="unix:///tmp/MetrippingWeb.sock" us="200" ut="0.116" ul="20686" cs=-
172.69.134.27 - - [19/Mar/2019:10:17:39 +0000] "OPTIONS /check_auth/?broadcast=false&user_ui_id=ONuJOjrjpl&utm_profile=0 HTTP/1.1" 204 0 "-" "Mozilla/5.0 (X11; Linux x86_64) AppleWebKit/537.36 (KHTML, like Gecko) Chrome/69.0.3497.100 Safari/537.36" "106.51.67.207" rt=0.000 ua="-" us="-" ut="-" ul="-" cs=-
172.69.134.27 - - [19/Mar/2019:10:17:39 +0000] "OPTIONS /get_location_group_data?group_types=all HTTP/1.1" 204 0 "-" "Mozilla/5.0 (X11; Linux x86_64) AppleWebKit/537.36 (KHTML, like Gecko) Chrome/69.0.3497.100 Safari/537.36" "106.51.67.207" rt=0.000 ua="-" us="-" ut="-" ul="-" cs=-
172.68.146.26 - metripping [19/Mar/2019:10:17:40 +0000] "GET /check_auth/?broadcast=false&user_ui_id=ONuJOjrjpl&utm_profile=0 HTTP/1.1" 200 2984 "http://localhost:3333/profile/" "Mozilla/5.0 (X11; Linux x86_64) AppleWebKit/537.36 (KHTML, like Gecko) Chrome/69.0.3497.100 Safari/537.36" "106.51.67.207" rt=0.049 ua="unix:///tmp/MetrippingWeb.sock" us="200" ut="0.049" ul="40897" cs=-
162.158.166.239 - stay [19/Mar/2019:10:17:40 +0000] "POST /v1/get_details_package HTTP/1.1" 200 794 "-" "curl" "13.71.112.75" rt=0.501 ua="10.132.0.7:21015" us="200" ut="0.501" ul="794" cs=-
172.69.134.99 - stay [19/Mar/2019:10:17:40 +0000] "POST /v1/get_details_package HTTP/1.1" 200 795 "-" "curl" "13.71.112.75" rt=0.588 ua="10.132.0.7:21015" us="200" ut="0.588" ul="795" cs=-
172.68.146.26 - metripping [19/Mar/2019:10:17:40 +0000] "GET /check_auth/?broadcast=false&user_ui_id=ONuJOjrjpl&utm_profile=0 HTTP/1.1" 200 2984 "https://staging.metripping.com/profile/" "Mozilla/5.0 (X11; Linux x86_64) AppleWebKit/537.36 (KHTML, like Gecko) Chrome/69.0.3497.100 Safari/537.36" "106.51.67.207" rt=0.048 ua="unix:///tmp/MetrippingWeb.sock" us="200" ut="0.048" ul="40897" cs=-
172.69.134.27 - - [19/Mar/2019:10:17:41 +0000] "OPTIONS /getorder/ HTTP/1.1" 204 0 "-" "Mozilla/5.0 (X11; Linux x86_64) AppleWebKit/537.36 (KHTML, like Gecko) Chrome/69.0.3497.100 Safari/537.36" "106.51.67.207" rt=0.000 ua="-" us="-" ut="-" ul="-" cs=-
172.68.146.26 - metripping [19/Mar/2019:10:17:41 +0000] "POST /add_token/ HTTP/1.1" 200 47 "https://staging.metripping.com/profile/" "Mozilla/5.0 (X11; Linux x86_64) AppleWebKit/537.36 (KHTML, like Gecko) Chrome/69.0.3497.100 Safari/537.36" "106.51.67.207" rt=0.018 ua="unix:///tmp/MetrippingWeb.sock" us="200" ut="0.018" ul="16" cs=-
162.158.167.204 - - [19/Mar/2019:10:17:41 +0000] "GET /firebase-messaging-sw.js HTTP/1.1" 200 878 "https://staging.metripping.com/firebase-messaging-sw.js" "Mozilla/5.0 (X11; Linux x86_64) AppleWebKit/537.36 (KHTML, like Gecko) Chrome/69.0.3497.100 Safari/537.36" "106.51.67.207" rt=0.005 ua="unix:///tmp/MetrippingWeb.sock" us="200" ut="0.005" ul="1800" cs=-
172.68.146.26 - metripping [19/Mar/2019:10:17:41 +0000] "POST /getorder/ HTTP/1.1" 200 480 "http://localhost:3333/profile/" "Mozilla/5.0 (X11; Linux x86_64) AppleWebKit/537.36 (KHTML, like Gecko) Chrome/69.0.3497.100 Safari/537.36" "106.51.67.207" rt=0.029 ua="unix:///tmp/MetrippingWeb.sock" us="200" ut="0.029" ul="2289" cs=-
172.69.134.27 - - [19/Mar/2019:10:17:43 +0000] "OPTIONS /search_api?activity_tag=relax&adults=1&children=0&end_date=2019-03-29&infants=0&location_tag=world&mode=travel_and_stay&origin=25763&page=1&page_size=60&start_date=2019-03-24&type=top_destinations&user_id=32&user_preferences=%7B%22been%22:false,%22wish%22:true%7D&user_ui_id=ONuJOjrjpl HTTP/1.1" 204 0 "-" "Mozilla/5.0 (X11; Linux x86_64) AppleWebKit/537.36 (KHTML, like Gecko) Chrome/69.0.3497.100 Safari/537.36" "106.51.67.207" rt=0.000 ua="-" us="-" ut="-" ul="-" cs=-
172.69.134.27 - - [19/Mar/2019:10:17:43 +0000] "OPTIONS /location_details_ui HTTP/1.1" 204 0 "-" "Mozilla/5.0 (X11; Linux x86_64) AppleWebKit/537.36 (KHTML, like Gecko) Chrome/69.0.3497.100 Safari/537.36" "106.51.67.207" rt=0.000 ua="-" us="-" ut="-" ul="-" cs=-
172.69.134.27 - - [19/Mar/2019:10:17:43 +0000] "OPTIONS /location_details_ui HTTP/1.1" 204 0 "-" "Mozilla/5.0 (X11; Linux x86_64) AppleWebKit/537.36 (KHTML, like Gecko) Chrome/69.0.3497.100 Safari/537.36" "106.51.67.207" rt=0.000 ua="-" us="-" ut="-" ul="-" cs=-
172.68.146.26 - metripping [19/Mar/2019:10:17:44 +0000] "POST /getorder/ HTTP/1.1" 200 480 "https://staging.metripping.com/profile/" "Mozilla/5.0 (X11; Linux x86_64) AppleWebKit/537.36 (KHTML, like Gecko) Chrome/69.0.3497.100 Safari/537.36" "106.51.67.207" rt=0.030 ua="unix:///tmp/MetrippingWeb.sock" us="200" ut="0.030" ul="2289" cs=-
172.68.146.26 - metripping [19/Mar/2019:10:17:45 +0000] "GET /search_api?activity_tag=relax&adults=1&children=0&end_date=2019-03-29&infants=0&location_tag=world&mode=travel_and_stay&origin=25763&page=1&page_size=60&start_date=2019-03-24&type=top_destinations&user_id=32&user_preferences=%7B%22been%22:false,%22wish%22:true%7D&user_ui_id=ONuJOjrjpl HTTP/1.1" 200 5058 "http://localhost:3333/profile/" "Mozilla/5.0 (X11; Linux x86_64) AppleWebKit/537.36 (KHTML, like Gecko) Chrome/69.0.3497.100 Safari/537.36" "106.51.67.207" rt=1.940 ua="10.132.0.7:21015" us="200" ut="1.940" ul="23522" cs=-
172.68.146.26 - metripping [19/Mar/2019:10:17:46 +0000] "POST /location_details_ui HTTP/1.1" 200 227934 "http://localhost:3333/profile/" "Mozilla/5.0 (X11; Linux x86_64) AppleWebKit/537.36 (KHTML, like Gecko) Chrome/69.0.3497.100 Safari/537.36" "106.51.67.207" rt=2.086 ua="10.132.0.7:21015" us="200" ut="1.514" ul="1014691" cs=-
172.69.134.27 - - [19/Mar/2019:10:17:46 +0000] "OPTIONS /search_api?activity_tag=relax&adults=1&children=0&end_date=2019-03-29&infants=0&location_filter=%5B%7B%22geo_bounding_box%22:%7B%22top_right%22:%7B%22lat%22:76.8649241082939,%22lon%22:180%7D,%22bottom_left%22:%7B%22lat%22:-60.01190691432012,%22lon%22:-180%7D%7D%7D%5D&location_tag=world&mode=travel_and_stay&origin=25763&page=1&page_size=60&start_date=2019-03-24&type=top_destinations&user_id=32&user_preferences=%7B%22been%22:true,%22wish%22:true%7D&user_ui_id=ONuJOjrjpl HTTP/1.1" 204 0 "-" "Mozilla/5.0 (X11; Linux x86_64) AppleWebKit/537.36 (KHTML, like Gecko) Chrome/69.0.3497.100 Safari/537.36" "106.51.67.207" rt=0.000 ua="-" us="-" ut="-" ul="-" cs=-
172.68.146.26 - metripping [19/Mar/2019:10:17:46 +0000] "POST /location_details_ui HTTP/1.1" 200 227934 "http://localhost:3333/profile/" "Mozilla/5.0 (X11; Linux x86_64) AppleWebKit/537.36 (KHTML, like Gecko) Chrome/69.0.3497.100 Safari/537.36" "106.51.67.207" rt=2.429 ua="10.132.0.7:21015" us="200" ut="1.857" ul="1014691" cs=-
172.68.146.26 - metripping [19/Mar/2019:10:17:47 +0000] "POST /get_location_stats HTTP/1.1" 200 155 "https://staging.metripping.com/profile/" "Mozilla/5.0 (X11; Linux x86_64) AppleWebKit/537.36 (KHTML, like Gecko) Chrome/69.0.3497.100 Safari/537.36" "106.51.67.207" rt=0.863 ua="10.132.0.7:21015" us="200" ut="0.863" ul="155" cs=-
172.68.146.26 - metripping [19/Mar/2019:10:17:48 +0000] "GET /search_api?activity_tag=relax&adults=1&children=0&end_date=2019-03-29&infants=0&location_tag=world&mode=travel_and_stay&origin=25763&page=1&page_size=60&start_date=2019-03-24&type=top_destinations&user_id=32&user_preferences=%7B%22been%22:false,%22wish%22:true%7D&user_ui_id=ONuJOjrjpl HTTP/1.1" 200 5058 "https://staging.metripping.com/profile/" "Mozilla/5.0 (X11; Linux x86_64) AppleWebKit/537.36 (KHTML, like Gecko) Chrome/69.0.3497.100 Safari/537.36" "106.51.67.207" rt=1.650 ua="10.132.0.7:21015" us="200" ut="1.650" ul="23522" cs=-
172.68.65.180 - - [19/Mar/2019:10:17:49 +0000] "GET /user_prof/share/1552990668/ONuJOjrjpl HTTP/1.1" 200 6936 "-" "facebookexternalhit/1.1 (+http://www.facebook.com/externalhit_uatext.php)" "2a03:2880:20ff:17:0:0:face:b00c" rt=0.029 ua="unix:///tmp/MetrippingWeb.sock" us="200" ut="0.029" ul="20228" cs=-
172.68.146.26 - metripping [19/Mar/2019:10:17:49 +0000] "POST /location_details_ui HTTP/1.1" 200 227941 "https://staging.metripping.com/profile/" "Mozilla/5.0 (X11; Linux x86_64) AppleWebKit/537.36 (KHTML, like Gecko) Chrome/69.0.3497.100 Safari/537.36" "106.51.67.207" rt=2.801 ua="10.132.0.7:21015" us="200" ut="2.227" ul="1014691" cs=-
172.68.146.26 - metripping [19/Mar/2019:10:17:49 +0000] "POST /user_prof/update_world_traveled/ HTTP/1.1" 200 157 "https://staging.metripping.com/profile/" "Mozilla/5.0 (X11; Linux x86_64) AppleWebKit/537.36 (KHTML, like Gecko) Chrome/69.0.3497.100 Safari/537.36" "106.51.67.207" rt=1.551 ua="unix:///tmp/MetrippingWeb.sock" us="200" ut="1.551" ul="153" cs=-
172.68.146.26 - metripping [19/Mar/2019:10:17:55 +0000] "GET /search_api?activity_tag=relax&adults=1&children=0&end_date=2019-03-29&infants=0&location_filter=%5B%7B%22geo_bounding_box%22:%7B%22top_right%22:%7B%22lat%22:66.90269695293213,%22lon%22:171.921875%7D,%22bottom_left%22:%7B%22lat%22:-39.150106407404756,%22lon%22:-17.921875%7D%7D%7D%5D&location_tag=world&mode=travel_and_stay&origin=25763&page=1&page_size=60&start_date=2019-03-24&type=top_destinations&user_id=32&user_preferences=%7B%22been%22:true,%22wish%22:true%7D&user_ui_id=ONuJOjrjpl HTTP/1.1" 200 5092 "https://staging.metripping.com/profile/" "Mozilla/5.0 (X11; Linux x86_64) AppleWebKit/537.36 (KHTML, like Gecko) Chrome/69.0.3497.100 Safari/537.36" "106.51.67.207" rt=6.993 ua="10.132.0.7:21015" us="200" ut="6.993" ul="24827" cs=-
172.69.134.177 - stay [19/Mar/2019:10:17:56 +0000] "POST /v1/get_details_package HTTP/1.1" 200 794 "-" "curl" "13.71.112.75" rt=6.352 ua="10.132.0.7:21015" us="200" ut="6.352" ul="794" cs=-
172.68.146.74 - stay [19/Mar/2019:10:17:56 +0000] "POST /v1/get_details_package HTTP/1.1" 200 795 "-" "curl" "13.71.112.75" rt=6.102 ua="10.132.0.7:21015" us="200" ut="6.102" ul="795" cs=-
172.68.146.26 - metripping [19/Mar/2019:10:17:56 +0000] "POST /location_details_ui HTTP/1.1" 200 227934 "https://staging.metripping.com/profile/" "Mozilla/5.0 (X11; Linux x86_64) AppleWebKit/537.36 (KHTML, like Gecko) Chrome/69.0.3497.100 Safari/537.36" "106.51.67.207" rt=9.804 ua="10.132.0.7:21015" us="200" ut="9.264" ul="1014691" cs=-
172.68.146.26 - metripping [19/Mar/2019:10:17:57 +0000] "GET /search_api?activity_tag=relax&adults=1&children=0&end_date=2019-03-29&infants=0&location_filter=%5B%7B%22geo_bounding_box%22:%7B%22top_right%22:%7B%22lat%22:76.8649241082939,%22lon%22:180%7D,%22bottom_left%22:%7B%22lat%22:-60.01190691432012,%22lon%22:-180%7D%7D%7D%5D&location_tag=world&mode=travel_and_stay&origin=25763&page=1&page_size=60&start_date=2019-03-24&type=top_destinations&user_id=32&user_preferences=%7B%22been%22:true,%22wish%22:true%7D&user_ui_id=ONuJOjrjpl HTTP/1.1" 200 5186 "http://localhost:3333/profile/" "Mozilla/5.0 (X11; Linux x86_64) AppleWebKit/537.36 (KHTML, like Gecko) Chrome/69.0.3497.100 Safari/537.36" "106.51.67.207" rt=10.202 ua="10.132.0.7:21015" us="200" ut="10.202" ul="24986" cs=-
162.158.166.239 - stay [19/Mar/2019:10:18:00 +0000] "POST /v1/get_details_package HTTP/1.1" 200 794 "-" "curl" "13.71.112.75" rt=0.526 ua="10.132.0.7:21015" us="200" ut="0.526" ul="794" cs=-
172.69.135.148 - stay [19/Mar/2019:10:18:00 +0000] "POST /v1/get_details_package HTTP/1.1" 200 795 "-" "curl" "13.71.112.75" rt=0.661 ua="10.132.0.7:21015" us="200" ut="0.661" ul="795" cs=-
172.68.146.212 - stay [19/Mar/2019:10:18:10 +0000] "POST /v1/get_details_package HTTP/1.1" 200 795 "-" "curl" "13.71.112.75" rt=0.480 ua="10.132.0.7:21015" us="200" ut="0.480" ul="795" cs=-
162.158.167.132 - stay [19/Mar/2019:10:18:10 +0000] "POST /v1/get_details_package HTTP/1.1" 200 794 "-" "curl" "13.71.112.75" rt=0.597 ua="10.132.0.7:21015" us="200" ut="0.597" ul="794" cs=-
172.69.134.201 - stay [19/Mar/2019:10:18:20 +0000] "POST /v1/get_details_package HTTP/1.1" 200 795 "-" "curl" "13.71.112.75" rt=0.501 ua="10.132.0.7:21015" us="200" ut="0.501" ul="795" cs=-
162.158.165.70 - stay [19/Mar/2019:10:18:20 +0000] "POST /v1/get_details_package HTTP/1.1" 200 794 "-" "curl" "13.71.112.75" rt=0.580 ua="10.132.0.7:21015" us="200" ut="0.580" ul="794" cs=-
172.69.134.27 - stay [19/Mar/2019:10:18:30 +0000] "POST /v1/get_details_package HTTP/1.1" 200 794 "-" "curl" "13.71.112.75" rt=0.503 ua="10.132.0.7:21015" us="200" ut="0.503" ul="794" cs=-
172.69.134.99 - stay [19/Mar/2019:10:18:30 +0000] "POST /v1/get_details_package HTTP/1.1" 200 795 "-" "curl" "13.71.112.75" rt=0.505 ua="10.132.0.7:21015" us="200" ut="0.505" ul="795" cs=-
162.158.166.239 - stay [19/Mar/2019:10:18:40 +0000] "POST /v1/get_details_package HTTP/1.1" 200 794 "-" "curl" "13.71.112.75" rt=0.575 ua="10.132.0.7:21015" us="200" ut="0.575" ul="794" cs=-
172.68.146.212 - stay [19/Mar/2019:10:18:40 +0000] "POST /v1/get_details_package HTTP/1.1" 200 817 "-" "curl" "13.71.112.75" rt=0.629 ua="10.132.0.7:21015" us="200" ut="0.629" ul="817" cs=-
162.158.165.70 - stay [19/Mar/2019:10:18:50 +0000] "POST /v1/get_details_package HTTP/1.1" 200 794 "-" "curl" "13.71.112.75" rt=0.701 ua="10.132.0.7:21015" us="200" ut="0.701" ul="794" cs=-
172.69.135.148 - stay [19/Mar/2019:10:18:50 +0000] "POST /v1/get_details_package HTTP/1.1" 200 795 "-" "curl" "13.71.112.75" rt=0.722 ua="10.132.0.7:21015" us="200" ut="0.722" ul="795" cs=-
172.69.134.27 - - [19/Mar/2019:10:18:55 +0000] "OPTIONS /check_auth/?broadcast=false&user_ui_id=ONuJOjrjpl&utm_profile=0 HTTP/1.1" 204 0 "-" "Mozilla/5.0 (X11; Linux x86_64) AppleWebKit/537.36 (KHTML, like Gecko) Chrome/69.0.3497.100 Safari/537.36" "106.51.67.207" rt=0.000 ua="-" us="-" ut="-" ul="-" cs=-
172.69.134.27 - - [19/Mar/2019:10:18:55 +0000] "OPTIONS /get_location_group_data?group_types=all HTTP/1.1" 204 0 "-" "Mozilla/5.0 (X11; Linux x86_64) AppleWebKit/537.36 (KHTML, like Gecko) Chrome/69.0.3497.100 Safari/537.36" "106.51.67.207" rt=0.000 ua="-" us="-" ut="-" ul="-" cs=-
172.68.146.26 - metripping [19/Mar/2019:10:18:56 +0000] "GET /check_auth/?broadcast=false&user_ui_id=ONuJOjrjpl&utm_profile=0 HTTP/1.1" 200 11005 "http://localhost:3333/profile/" "Mozilla/5.0 (X11; Linux x86_64) AppleWebKit/537.36 (KHTML, like Gecko) Chrome/69.0.3497.100 Safari/537.36" "106.51.67.207" rt=0.000 ua="unix:///tmp/MetrippingWeb.sock" us="502" ut="0.000" ul="0" cs=-
172.69.134.27 - - [19/Mar/2019:10:18:59 +0000] "OPTIONS /getorder/ HTTP/1.1" 204 0 "-" "Mozilla/5.0 (X11; Linux x86_64) AppleWebKit/537.36 (KHTML, like Gecko) Chrome/69.0.3497.100 Safari/537.36" "106.51.67.207" rt=0.000 ua="-" us="-" ut="-" ul="-" cs=-
172.68.146.26 - metripping [19/Mar/2019:10:18:59 +0000] "POST /getorder/ HTTP/1.1" 200 11005 "http://localhost:3333/profile/" "Mozilla/5.0 (X11; Linux x86_64) AppleWebKit/537.36 (KHTML, like Gecko) Chrome/69.0.3497.100 Safari/537.36" "106.51.67.207" rt=0.000 ua="unix:///tmp/MetrippingWeb.sock" us="502" ut="0.000" ul="0" cs=-
162.158.166.239 - stay [19/Mar/2019:10:19:00 +0000] "POST /v1/get_details_package HTTP/1.1" 403 178 "-" "curl" "13.71.112.75" rt=0.000 ua="-" us="-" ut="-" ul="-" cs=-
172.69.134.99 - stay [19/Mar/2019:10:19:00 +0000] "POST /v1/get_details_package HTTP/1.1" 403 178 "-" "curl" "13.71.112.75" rt=0.000 ua="-" us="-" ut="-" ul="-" cs=-
172.69.134.27 - stay [19/Mar/2019:10:19:09 +0000] "POST /v1/get_details_package HTTP/1.1" 403 178 "-" "curl" "13.71.112.75" rt=0.000 ua="-" us="-" ut="-" ul="-" cs=-
162.158.165.116 - stay [19/Mar/2019:10:19:10 +0000] "POST /v1/get_details_package HTTP/1.1" 403 178 "-" "curl" "13.71.112.75" rt=0.000 ua="-" us="-" ut="-" ul="-" cs=-
172.69.134.27 - - [19/Mar/2019:10:19:16 +0000] "OPTIONS /get_location_group_data?group_types=all HTTP/1.1" 204 0 "-" "Mozilla/5.0 (X11; Linux x86_64) AppleWebKit/537.36 (KHTML, like Gecko) Chrome/69.0.3497.100 Safari/537.36" "106.51.67.207" rt=0.000 ua="-" us="-" ut="-" ul="-" cs=-
172.69.134.27 - - [19/Mar/2019:10:19:16 +0000] "OPTIONS /check_auth/?broadcast=false&user_ui_id=ONuJOjrjpl&utm_profile=0 HTTP/1.1" 204 0 "-" "Mozilla/5.0 (X11; Linux x86_64) AppleWebKit/537.36 (KHTML, like Gecko) Chrome/69.0.3497.100 Safari/537.36" "106.51.67.207" rt=0.000 ua="-" us="-" ut="-" ul="-" cs=-
172.68.146.26 - metripping [19/Mar/2019:10:19:17 +0000] "GET /check_auth/?broadcast=false&user_ui_id=ONuJOjrjpl&utm_profile=0 HTTP/1.1" 200 0 "http://localhost:3333/profile/" "Mozilla/5.0 (X11; Linux x86_64) AppleWebKit/537.36 (KHTML, like Gecko) Chrome/69.0.3497.100 Safari/537.36" "106.51.67.207" rt=0.000 ua="unix:///tmp/MetrippingWeb.sock" us="502" ut="0.000" ul="0" cs=-
172.69.134.27 - - [19/Mar/2019:10:19:19 +0000] "OPTIONS /getorder/ HTTP/1.1" 204 0 "-" "Mozilla/5.0 (X11; Linux x86_64) AppleWebKit/537.36 (KHTML, like Gecko) Chrome/69.0.3497.100 Safari/537.36" "106.51.67.207" rt=0.000 ua="-" us="-" ut="-" ul="-" cs=-
162.158.167.132 - stay [19/Mar/2019:10:19:20 +0000] "POST /v1/get_details_package HTTP/1.1" 403 178 "-" "curl" "13.71.112.75" rt=0.000 ua="-" us="-" ut="-" ul="-" cs=-
172.69.134.201 - stay [19/Mar/2019:10:19:20 +0000] "POST /v1/get_details_package HTTP/1.1" 403 178 "-" "curl" "13.71.112.75" rt=0.000 ua="-" us="-" ut="-" ul="-" cs=-
172.68.146.26 - metripping [19/Mar/2019:10:19:20 +0000] "POST /getorder/ HTTP/1.1" 200 11005 "http://localhost:3333/profile/" "Mozilla/5.0 (X11; Linux x86_64) AppleWebKit/537.36 (KHTML, like Gecko) Chrome/69.0.3497.100 Safari/537.36" "106.51.67.207" rt=0.000 ua="unix:///tmp/MetrippingWeb.sock" us="502" ut="0.000" ul="0" cs=-
172.69.134.81 - stay [19/Mar/2019:10:19:30 +0000] "POST /v1/get_details_package HTTP/1.1" 403 178 "-" "curl" "13.71.112.75" rt=0.000 ua="-" us="-" ut="-" ul="-" cs=-
172.68.144.229 - stay [19/Mar/2019:10:19:30 +0000] "POST /v1/get_details_package HTTP/1.1" 403 178 "-" "curl" "13.71.112.75" rt=0.000 ua="-" us="-" ut="-" ul="-" cs=-
172.69.134.177 - stay [19/Mar/2019:10:19:50 +0000] "POST /v1/get_details_package HTTP/1.1" 200 795 "-" "curl" "13.71.112.75" rt=0.411 ua="10.132.0.7:21015" us="200" ut="0.411" ul="795" cs=-
162.158.167.96 - stay [19/Mar/2019:10:19:50 +0000] "POST /v1/get_details_package HTTP/1.1" 200 794 "-" "curl" "13.71.112.75" rt=0.547 ua="10.132.0.7:21015" us="200" ut="0.547" ul="794" cs=-
172.69.134.27 - - [19/Mar/2019:10:19:52 +0000] "OPTIONS /check_auth/?broadcast=false&user_ui_id=ONuJOjrjpl&utm_profile=0 HTTP/1.1" 204 0 "-" "Mozilla/5.0 (X11; Linux x86_64) AppleWebKit/537.36 (KHTML, like Gecko) Chrome/69.0.3497.100 Safari/537.36" "106.51.67.207" rt=0.000 ua="-" us="-" ut="-" ul="-" cs=-
172.69.134.27 - - [19/Mar/2019:10:19:52 +0000] "OPTIONS /get_location_group_data?group_types=all HTTP/1.1" 204 0 "-" "Mozilla/5.0 (X11; Linux x86_64) AppleWebKit/537.36 (KHTML, like Gecko) Chrome/69.0.3497.100 Safari/537.36" "106.51.67.207" rt=0.000 ua="-" us="-" ut="-" ul="-" cs=-
172.68.146.26 - metripping [19/Mar/2019:10:19:54 +0000] "GET /check_auth/?broadcast=false&user_ui_id=ONuJOjrjpl&utm_profile=0 HTTP/1.1" 200 2912 "http://localhost:3333/profile/" "Mozilla/5.0 (X11; Linux x86_64) AppleWebKit/537.36 (KHTML, like Gecko) Chrome/69.0.3497.100 Safari/537.36" "106.51.67.207" rt=0.775 ua="unix:///tmp/MetrippingWeb.sock" us="200" ut="0.775" ul="40897" cs=-
172.69.134.27 - - [19/Mar/2019:10:19:55 +0000] "OPTIONS /getorder/ HTTP/1.1" 204 0 "-" "Mozilla/5.0 (X11; Linux x86_64) AppleWebKit/537.36 (KHTML, like Gecko) Chrome/69.0.3497.100 Safari/537.36" "106.51.67.207" rt=0.000 ua="-" us="-" ut="-" ul="-" cs=-
172.68.146.26 - metripping [19/Mar/2019:10:19:56 +0000] "POST /getorder/ HTTP/1.1" 200 488 "http://localhost:3333/profile/" "Mozilla/5.0 (X11; Linux x86_64) AppleWebKit/537.36 (KHTML, like Gecko) Chrome/69.0.3497.100 Safari/537.36" "106.51.67.207" rt=0.039 ua="unix:///tmp/MetrippingWeb.sock" us="200" ut="0.039" ul="2289" cs=-
172.69.134.27 - - [19/Mar/2019:10:19:57 +0000] "OPTIONS /location_details_ui HTTP/1.1" 204 0 "-" "Mozilla/5.0 (X11; Linux x86_64) AppleWebKit/537.36 (KHTML, like Gecko) Chrome/69.0.3497.100 Safari/537.36" "106.51.67.207" rt=0.000 ua="-" us="-" ut="-" ul="-" cs=-
172.69.134.27 - - [19/Mar/2019:10:19:57 +0000] "OPTIONS /search_api?activity_tag=relax&adults=1&children=0&end_date=2019-03-29&infants=0&location_tag=world&mode=travel_and_stay&origin=25763&page=1&page_size=60&start_date=2019-03-24&type=top_destinations&user_id=32&user_preferences=%7B%22been%22:false,%22wish%22:true%7D&user_ui_id=ONuJOjrjpl HTTP/1.1" 204 0 "-" "Mozilla/5.0 (X11; Linux x86_64) AppleWebKit/537.36 (KHTML, like Gecko) Chrome/69.0.3497.100 Safari/537.36" "106.51.67.207" rt=0.000 ua="-" us="-" ut="-" ul="-" cs=-
172.69.134.27 - - [19/Mar/2019:10:19:57 +0000] "OPTIONS /location_details_ui HTTP/1.1" 204 0 "-" "Mozilla/5.0 (X11; Linux x86_64) AppleWebKit/537.36 (KHTML, like Gecko) Chrome/69.0.3497.100 Safari/537.36" "106.51.67.207" rt=0.000 ua="-" us="-" ut="-" ul="-" cs=-
172.68.146.26 - metripping [19/Mar/2019:10:19:59 +0000] "POST /location_details_ui HTTP/1.1" 200 227934 "http://localhost:3333/profile/" "Mozilla/5.0 (X11; Linux x86_64) AppleWebKit/537.36 (KHTML, like Gecko) Chrome/69.0.3497.100 Safari/537.36" "106.51.67.207" rt=1.821 ua="10.132.0.7:21015" us="200" ut="1.255" ul="1014691" cs=-
172.68.146.26 - metripping [19/Mar/2019:10:19:59 +0000] "GET /search_api?activity_tag=relax&adults=1&children=0&end_date=2019-03-29&infants=0&location_tag=world&mode=travel_and_stay&origin=25763&page=1&page_size=60&start_date=2019-03-24&type=top_destinations&user_id=32&user_preferences=%7B%22been%22:false,%22wish%22:true%7D&user_ui_id=ONuJOjrjpl HTTP/1.1" 200 5058 "http://localhost:3333/profile/" "Mozilla/5.0 (X11; Linux x86_64) AppleWebKit/537.36 (KHTML, like Gecko) Chrome/69.0.3497.100 Safari/537.36" "106.51.67.207" rt=1.594 ua="10.132.0.7:21015" us="200" ut="1.594" ul="23522" cs=-
172.68.146.26 - metripping [19/Mar/2019:10:19:59 +0000] "POST /location_details_ui HTTP/1.1" 200 227934 "http://localhost:3333/profile/" "Mozilla/5.0 (X11; Linux x86_64) AppleWebKit/537.36 (KHTML, like Gecko) Chrome/69.0.3497.100 Safari/537.36" "106.51.67.207" rt=1.970 ua="10.132.0.7:21015" us="200" ut="1.397" ul="1014691" cs=-
172.69.134.27 - - [19/Mar/2019:10:20:00 +0000] "OPTIONS /search_api?activity_tag=relax&adults=1&children=0&end_date=2019-03-29&infants=0&location_filter=%5B%7B%22geo_bounding_box%22:%7B%22top_right%22:%7B%22lat%22:76.8649241082939,%22lon%22:180%7D,%22bottom_left%22:%7B%22lat%22:-60.01190691432012,%22lon%22:-180%7D%7D%7D%5D&location_tag=world&mode=travel_and_stay&origin=25763&page=1&page_size=60&start_date=2019-03-24&type=top_destinations&user_id=32&user_preferences=%7B%22been%22:true,%22wish%22:true%7D&user_ui_id=ONuJOjrjpl HTTP/1.1" 204 0 "-" "Mozilla/5.0 (X11; Linux x86_64) AppleWebKit/537.36 (KHTML, like Gecko) Chrome/69.0.3497.100 Safari/537.36" "106.51.67.207" rt=0.000 ua="-" us="-" ut="-" ul="-" cs=-
172.68.146.74 - stay [19/Mar/2019:10:20:00 +0000] "POST /v1/get_details_package HTTP/1.1" 200 794 "-" "curl" "13.71.112.75" rt=0.494 ua="10.132.0.7:21015" us="200" ut="0.494" ul="794" cs=-
172.69.134.99 - stay [19/Mar/2019:10:20:00 +0000] "POST /v1/get_details_package HTTP/1.1" 200 795 "-" "curl" "13.71.112.75" rt=0.610 ua="10.132.0.7:21015" us="200" ut="0.610" ul="795" cs=-
172.68.146.26 - metripping [19/Mar/2019:10:20:03 +0000] "GET /search_api?activity_tag=relax&adults=1&children=0&end_date=2019-03-29&infants=0&location_filter=%5B%7B%22geo_bounding_box%22:%7B%22top_right%22:%7B%22lat%22:76.8649241082939,%22lon%22:180%7D,%22bottom_left%22:%7B%22lat%22:-60.01190691432012,%22lon%22:-180%7D%7D%7D%5D&location_tag=world&mode=travel_and_stay&origin=25763&page=1&page_size=60&start_date=2019-03-24&type=top_destinations&user_id=32&user_preferences=%7B%22been%22:true,%22wish%22:true%7D&user_ui_id=ONuJOjrjpl HTTP/1.1" 200 5186 "http://localhost:3333/profile/" "Mozilla/5.0 (X11; Linux x86_64) AppleWebKit/537.36 (KHTML, like Gecko) Chrome/69.0.3497.100 Safari/537.36" "106.51.67.207" rt=2.160 ua="10.132.0.7:21015" us="200" ut="2.160" ul="24986" cs=-
172.69.134.27 - stay [19/Mar/2019:10:20:10 +0000] "POST /v1/get_details_package HTTP/1.1" 200 795 "-" "curl" "13.71.112.75" rt=0.499 ua="10.132.0.7:21015" us="200" ut="0.499" ul="795" cs=-
172.69.134.201 - stay [19/Mar/2019:10:20:10 +0000] "POST /v1/get_details_package HTTP/1.1" 200 794 "-" "curl" "13.71.112.75" rt=0.407 ua="10.132.0.7:21015" us="200" ut="0.407" ul="794" cs=-
172.68.146.74 - stay [19/Mar/2019:10:20:20 +0000] "POST /v1/get_details_package HTTP/1.1" 200 794 "-" "curl" "13.71.112.75" rt=0.670 ua="10.132.0.7:21015" us="200" ut="0.670" ul="794" cs=-
162.158.166.239 - stay [19/Mar/2019:10:20:20 +0000] "POST /v1/get_details_package HTTP/1.1" 200 795 "-" "curl" "13.71.112.75" rt=0.684 ua="10.132.0.7:21015" us="200" ut="0.684" ul="795" cs=-
162.158.165.116 - stay [19/Mar/2019:10:20:30 +0000] "POST /v1/get_details_package HTTP/1.1" 200 795 "-" "curl" "13.71.112.75" rt=0.539 ua="10.132.0.7:21015" us="200" ut="0.539" ul="795" cs=-
172.69.134.99 - stay [19/Mar/2019:10:20:30 +0000] "POST /v1/get_details_package HTTP/1.1" 200 794 "-" "curl" "13.71.112.75" rt=0.614 ua="10.132.0.7:21015" us="200" ut="0.614" ul="794" cs=-
172.68.146.26 - stay [19/Mar/2019:10:20:40 +0000] "POST /v1/get_details_package HTTP/1.1" 200 794 "-" "curl" "13.71.112.75" rt=0.479 ua="10.132.0.7:21015" us="200" ut="0.479" ul="794" cs=-
172.69.135.160 - stay [19/Mar/2019:10:20:40 +0000] "POST /v1/get_details_package HTTP/1.1" 200 795 "-" "curl" "13.71.112.75" rt=0.495 ua="10.132.0.7:21015" us="200" ut="0.495" ul="795" cs=-
172.69.134.27 - stay [19/Mar/2019:10:20:50 +0000] "POST /v1/get_details_package HTTP/1.1" 200 795 "-" "curl" "13.71.112.75" rt=0.547 ua="10.132.0.7:21015" us="200" ut="0.547" ul="795" cs=-
