162.158.167.132 - metripping [19/Mar/2019:11:02:31 +0000] "POST /add_likeddata/ HTTP/1.1" 200 47 "http://localhost:3333/profile/" "Mozilla/5.0 (X11; Linux x86_64) AppleWebKit/537.36 (KHTML, like Gecko) Chrome/69.0.3497.100 Safari/537.36" "106.51.67.207" rt=0.026 ua="unix:///tmp/MetrippingWeb.sock" us="200" ut="0.026" ul="16" cs=-
172.69.134.177 - - [19/Mar/2019:11:02:31 +0000] "OPTIONS /get_location_stats HTTP/1.1" 204 0 "-" "Mozilla/5.0 (X11; Linux x86_64) AppleWebKit/537.36 (KHTML, like Gecko) Chrome/69.0.3497.100 Safari/537.36" "106.51.67.207" rt=0.000 ua="-" us="-" ut="-" ul="-" cs=-
162.158.167.132 - metripping [19/Mar/2019:11:02:32 +0000] "POST /get_location_stats HTTP/1.1" 200 155 "http://localhost:3333/profile/" "Mozilla/5.0 (X11; Linux x86_64) AppleWebKit/537.36 (KHTML, like Gecko) Chrome/69.0.3497.100 Safari/537.36" "106.51.67.207" rt=0.153 ua="10.132.0.7:21015" us="200" ut="0.153" ul="155" cs=-
172.69.134.27 - stay [19/Mar/2019:11:02:32 +0000] "POST /v1/get_details_package HTTP/1.1" 200 794 "-" "curl" "13.71.112.75" rt=0.596 ua="10.132.0.7:21015" us="200" ut="0.596" ul="794" cs=-
172.68.146.74 - stay [19/Mar/2019:11:02:32 +0000] "POST /v1/get_details_package HTTP/1.1" 200 795 "-" "curl" "13.71.112.75" rt=0.611 ua="10.132.0.7:21015" us="200" ut="0.611" ul="795" cs=-
162.158.167.132 - metripping [19/Mar/2019:11:02:32 +0000] "POST /location_details_ui HTTP/1.1" 200 227942 "http://localhost:3333/profile/" "Mozilla/5.0 (X11; Linux x86_64) AppleWebKit/537.36 (KHTML, like Gecko) Chrome/69.0.3497.100 Safari/537.36" "106.51.67.207" rt=1.376 ua="10.132.0.7:21015" us="200" ut="0.803" ul="1014691" cs=-
172.69.134.177 - - [19/Mar/2019:11:02:32 +0000] "OPTIONS /user_prof/update_world_traveled/ HTTP/1.1" 204 0 "-" "Mozilla/5.0 (X11; Linux x86_64) AppleWebKit/537.36 (KHTML, like Gecko) Chrome/69.0.3497.100 Safari/537.36" "106.51.67.207" rt=0.000 ua="-" us="-" ut="-" ul="-" cs=-
141.101.77.116 - - [19/Mar/2019:11:02:34 +0000] "GET /user_prof/share/1552993353/ONuJOjrjpl HTTP/1.1" 200 6936 "-" "facebookexternalhit/1.1 (+http://www.facebook.com/externalhit_uatext.php)" "2a03:2880:30ff:6:0:0:face:b00c" rt=0.030 ua="unix:///tmp/MetrippingWeb.sock" us="200" ut="0.030" ul="20228" cs=-
162.158.167.132 - metripping [19/Mar/2019:11:02:35 +0000] "POST /user_prof/update_world_traveled/ HTTP/1.1" 200 158 "http://localhost:3333/profile/" "Mozilla/5.0 (X11; Linux x86_64) AppleWebKit/537.36 (KHTML, like Gecko) Chrome/69.0.3497.100 Safari/537.36" "106.51.67.207" rt=2.064 ua="unix:///tmp/MetrippingWeb.sock" us="200" ut="2.064" ul="153" cs=-
172.69.134.177 - - [19/Mar/2019:11:02:41 +0000] "OPTIONS /add_likeddata/ HTTP/1.1" 204 0 "-" "Mozilla/5.0 (X11; Linux x86_64) AppleWebKit/537.36 (KHTML, like Gecko) Chrome/69.0.3497.100 Safari/537.36" "106.51.67.207" rt=0.000 ua="-" us="-" ut="-" ul="-" cs=-
172.69.134.177 - - [19/Mar/2019:11:02:41 +0000] "OPTIONS /location_details_ui HTTP/1.1" 204 0 "-" "Mozilla/5.0 (X11; Linux x86_64) AppleWebKit/537.36 (KHTML, like Gecko) Chrome/69.0.3497.100 Safari/537.36" "106.51.67.207" rt=0.000 ua="-" us="-" ut="-" ul="-" cs=-
162.158.167.132 - metripping [19/Mar/2019:11:02:41 +0000] "POST /add_likeddata/ HTTP/1.1" 200 47 "http://localhost:3333/profile/" "Mozilla/5.0 (X11; Linux x86_64) AppleWebKit/537.36 (KHTML, like Gecko) Chrome/69.0.3497.100 Safari/537.36" "106.51.67.207" rt=0.027 ua="unix:///tmp/MetrippingWeb.sock" us="200" ut="0.027" ul="16" cs=-
172.69.134.177 - - [19/Mar/2019:11:02:42 +0000] "OPTIONS /get_location_stats HTTP/1.1" 204 0 "-" "Mozilla/5.0 (X11; Linux x86_64) AppleWebKit/537.36 (KHTML, like Gecko) Chrome/69.0.3497.100 Safari/537.36" "106.51.67.207" rt=0.000 ua="-" us="-" ut="-" ul="-" cs=-
162.158.167.132 - metripping [19/Mar/2019:11:02:42 +0000] "POST /get_location_stats HTTP/1.1" 200 155 "http://localhost:3333/profile/" "Mozilla/5.0 (X11; Linux x86_64) AppleWebKit/537.36 (KHTML, like Gecko) Chrome/69.0.3497.100 Safari/537.36" "106.51.67.207" rt=0.284 ua="10.132.0.7:21015" us="200" ut="0.284" ul="155" cs=-
172.68.144.229 - stay [19/Mar/2019:11:02:43 +0000] "POST /v1/get_details_package HTTP/1.1" 200 795 "-" "curl" "13.71.112.75" rt=0.843 ua="10.132.0.7:21015" us="200" ut="0.843" ul="795" cs=-
172.69.134.201 - stay [19/Mar/2019:11:02:43 +0000] "POST /v1/get_details_package HTTP/1.1" 200 794 "-" "curl" "13.71.112.75" rt=0.926 ua="10.132.0.7:21015" us="200" ut="0.926" ul="794" cs=-
172.69.134.177 - - [19/Mar/2019:11:02:43 +0000] "OPTIONS /user_prof/update_world_traveled/ HTTP/1.1" 204 0 "-" "Mozilla/5.0 (X11; Linux x86_64) AppleWebKit/537.36 (KHTML, like Gecko) Chrome/69.0.3497.100 Safari/537.36" "106.51.67.207" rt=0.000 ua="-" us="-" ut="-" ul="-" cs=-
162.158.167.132 - metripping [19/Mar/2019:11:02:43 +0000] "POST /location_details_ui HTTP/1.1" 200 227934 "http://localhost:3333/profile/" "Mozilla/5.0 (X11; Linux x86_64) AppleWebKit/537.36 (KHTML, like Gecko) Chrome/69.0.3497.100 Safari/537.36" "106.51.67.207" rt=2.076 ua="10.132.0.7:21015" us="200" ut="1.218" ul="1014691" cs=-
141.101.104.41 - - [19/Mar/2019:11:02:44 +0000] "GET /user_prof/share/1552993363/ONuJOjrjpl HTTP/1.1" 200 6936 "-" "facebookexternalhit/1.1 (+http://www.facebook.com/externalhit_uatext.php)" "2a03:2880:30ff:6:0:0:face:b00c" rt=0.029 ua="unix:///tmp/MetrippingWeb.sock" us="200" ut="0.029" ul="20228" cs=-
162.158.167.132 - metripping [19/Mar/2019:11:02:45 +0000] "POST /user_prof/update_world_traveled/ HTTP/1.1" 200 157 "http://localhost:3333/profile/" "Mozilla/5.0 (X11; Linux x86_64) AppleWebKit/537.36 (KHTML, like Gecko) Chrome/69.0.3497.100 Safari/537.36" "106.51.67.207" rt=1.805 ua="unix:///tmp/MetrippingWeb.sock" us="200" ut="1.805" ul="153" cs=-
172.69.134.99 - stay [19/Mar/2019:11:02:52 +0000] "POST /v1/get_details_package HTTP/1.1" 200 794 "-" "curl" "13.71.112.75" rt=0.334 ua="10.132.0.7:21015" us="200" ut="0.334" ul="794" cs=-
162.158.166.239 - stay [19/Mar/2019:11:02:52 +0000] "POST /v1/get_details_package HTTP/1.1" 200 795 "-" "curl" "13.71.112.75" rt=0.406 ua="10.132.0.7:21015" us="200" ut="0.406" ul="795" cs=-
162.158.166.239 - stay [19/Mar/2019:11:03:02 +0000] "POST /v1/get_details_package HTTP/1.1" 200 794 "-" "curl" "13.71.112.75" rt=0.476 ua="10.132.0.7:21015" us="200" ut="0.476" ul="794" cs=-
172.69.134.99 - stay [19/Mar/2019:11:03:02 +0000] "POST /v1/get_details_package HTTP/1.1" 200 795 "-" "curl" "13.71.112.75" rt=0.599 ua="10.132.0.7:21015" us="200" ut="0.599" ul="795" cs=-
172.69.134.27 - stay [19/Mar/2019:11:03:12 +0000] "POST /v1/get_details_package HTTP/1.1" 200 795 "-" "curl" "13.71.112.75" rt=0.554 ua="10.132.0.7:21015" us="200" ut="0.554" ul="795" cs=-
172.69.134.201 - stay [19/Mar/2019:11:03:12 +0000] "POST /v1/get_details_package HTTP/1.1" 200 794 "-" "curl" "13.71.112.75" rt=0.668 ua="10.132.0.7:21015" us="200" ut="0.668" ul="794" cs=-
172.68.146.212 - stay [19/Mar/2019:11:03:22 +0000] "POST /v1/get_details_package HTTP/1.1" 200 794 "-" "curl" "13.71.112.75" rt=0.686 ua="10.132.0.7:21015" us="200" ut="0.686" ul="794" cs=-
162.158.165.70 - stay [19/Mar/2019:11:03:22 +0000] "POST /v1/get_details_package HTTP/1.1" 200 795 "-" "curl" "13.71.112.75" rt=0.702 ua="10.132.0.7:21015" us="200" ut="0.702" ul="795" cs=-
172.68.146.74 - stay [19/Mar/2019:11:03:32 +0000] "POST /v1/get_details_package HTTP/1.1" 200 795 "-" "curl" "13.71.112.75" rt=0.496 ua="10.132.0.7:21015" us="200" ut="0.496" ul="795" cs=-
162.158.165.116 - stay [19/Mar/2019:11:03:32 +0000] "POST /v1/get_details_package HTTP/1.1" 200 794 "-" "curl" "13.71.112.75" rt=0.403 ua="10.132.0.7:21015" us="200" ut="0.403" ul="794" cs=-
172.69.134.177 - stay [19/Mar/2019:11:03:42 +0000] "POST /v1/get_details_package HTTP/1.1" 200 794 "-" "curl" "13.71.112.75" rt=0.479 ua="10.132.0.7:21015" us="200" ut="0.479" ul="794" cs=-
162.158.167.96 - stay [19/Mar/2019:11:03:42 +0000] "POST /v1/get_details_package HTTP/1.1" 200 795 "-" "curl" "13.71.112.75" rt=0.492 ua="10.132.0.7:21015" us="200" ut="0.492" ul="795" cs=-
172.69.135.148 - stay [19/Mar/2019:11:03:52 +0000] "POST /v1/get_details_package HTTP/1.1" 200 816 "-" "curl" "13.71.112.75" rt=0.501 ua="10.132.0.7:21015" us="200" ut="0.501" ul="816" cs=-
162.158.167.132 - stay [19/Mar/2019:11:03:52 +0000] "POST /v1/get_details_package HTTP/1.1" 200 795 "-" "curl" "13.71.112.75" rt=0.689 ua="10.132.0.7:21015" us="200" ut="0.689" ul="795" cs=-
172.69.134.81 - stay [19/Mar/2019:11:04:02 +0000] "POST /v1/get_details_package HTTP/1.1" 200 794 "-" "curl" "13.71.112.75" rt=0.550 ua="10.132.0.7:21015" us="200" ut="0.550" ul="794" cs=-
172.68.144.229 - stay [19/Mar/2019:11:04:02 +0000] "POST /v1/get_details_package HTTP/1.1" 200 795 "-" "curl" "13.71.112.75" rt=0.615 ua="10.132.0.7:21015" us="200" ut="0.615" ul="795" cs=-
172.68.146.26 - stay [19/Mar/2019:11:04:12 +0000] "POST /v1/get_details_package HTTP/1.1" 200 794 "-" "curl" "13.71.112.75" rt=0.528 ua="10.132.0.7:21015" us="200" ut="0.528" ul="794" cs=-
162.158.166.239 - stay [19/Mar/2019:11:04:12 +0000] "POST /v1/get_details_package HTTP/1.1" 200 795 "-" "curl" "13.71.112.75" rt=0.632 ua="10.132.0.7:21015" us="200" ut="0.632" ul="795" cs=-
172.69.134.201 - stay [19/Mar/2019:11:04:22 +0000] "POST /v1/get_details_package HTTP/1.1" 200 794 "-" "curl" "13.71.112.75" rt=0.698 ua="10.132.0.7:21015" us="200" ut="0.698" ul="794" cs=-
172.69.134.27 - stay [19/Mar/2019:11:04:22 +0000] "POST /v1/get_details_package HTTP/1.1" 200 795 "-" "curl" "13.71.112.75" rt=0.711 ua="10.132.0.7:21015" us="200" ut="0.711" ul="795" cs=-
172.69.134.177 - stay [19/Mar/2019:11:04:32 +0000] "POST /v1/get_details_package HTTP/1.1" 200 795 "-" "curl" "13.71.112.75" rt=0.613 ua="10.132.0.7:21015" us="200" ut="0.613" ul="795" cs=-
172.68.144.229 - stay [19/Mar/2019:11:04:32 +0000] "POST /v1/get_details_package HTTP/1.1" 200 794 "-" "curl" "13.71.112.75" rt=0.611 ua="10.132.0.7:21015" us="200" ut="0.611" ul="794" cs=-
172.69.134.201 - stay [19/Mar/2019:11:04:42 +0000] "POST /v1/get_details_package HTTP/1.1" 200 794 "-" "curl" "13.71.112.75" rt=0.494 ua="10.132.0.7:21015" us="200" ut="0.494" ul="794" cs=-
172.69.134.27 - stay [19/Mar/2019:11:04:42 +0000] "POST /v1/get_details_package HTTP/1.1" 200 795 "-" "curl" "13.71.112.75" rt=0.629 ua="10.132.0.7:21015" us="200" ut="0.629" ul="795" cs=-
162.158.166.239 - stay [19/Mar/2019:11:04:52 +0000] "POST /v1/get_details_package HTTP/1.1" 200 794 "-" "curl" "13.71.112.75" rt=0.596 ua="10.132.0.7:21015" us="200" ut="0.596" ul="794" cs=-
172.69.134.99 - stay [19/Mar/2019:11:04:52 +0000] "POST /v1/get_details_package HTTP/1.1" 200 795 "-" "curl" "13.71.112.75" rt=0.621 ua="10.132.0.7:21015" us="200" ut="0.621" ul="795" cs=-
172.69.134.99 - stay [19/Mar/2019:11:05:02 +0000] "POST /v1/get_details_package HTTP/1.1" 200 794 "-" "curl" "13.71.112.75" rt=0.670 ua="10.132.0.7:21015" us="200" ut="0.670" ul="794" cs=-
162.158.165.116 - stay [19/Mar/2019:11:05:02 +0000] "POST /v1/get_details_package HTTP/1.1" 200 795 "-" "curl" "13.71.112.75" rt=0.686 ua="10.132.0.7:21015" us="200" ut="0.686" ul="795" cs=-
172.68.146.74 - stay [19/Mar/2019:11:05:12 +0000] "POST /v1/get_details_package HTTP/1.1" 200 817 "-" "curl" "13.71.112.75" rt=0.620 ua="10.132.0.7:21015" us="200" ut="0.620" ul="817" cs=-
172.69.134.177 - stay [19/Mar/2019:11:05:13 +0000] "POST /v1/get_details_package HTTP/1.1" 200 794 "-" "curl" "13.71.112.75" rt=0.822 ua="10.132.0.7:21015" us="200" ut="0.822" ul="794" cs=-
172.69.134.177 - - [19/Mar/2019:11:05:14 +0000] "OPTIONS /check_auth/?broadcast=false&user_ui_id=ONuJOjrjpl&utm_profile=0 HTTP/1.1" 204 0 "-" "Mozilla/5.0 (X11; Linux x86_64) AppleWebKit/537.36 (KHTML, like Gecko) Chrome/69.0.3497.100 Safari/537.36" "106.51.67.207" rt=0.000 ua="-" us="-" ut="-" ul="-" cs=-
172.69.134.177 - - [19/Mar/2019:11:05:14 +0000] "OPTIONS /get_location_group_data?group_types=all HTTP/1.1" 204 0 "-" "Mozilla/5.0 (X11; Linux x86_64) AppleWebKit/537.36 (KHTML, like Gecko) Chrome/69.0.3497.100 Safari/537.36" "106.51.67.207" rt=0.000 ua="-" us="-" ut="-" ul="-" cs=-
162.158.167.132 - metripping [19/Mar/2019:11:05:14 +0000] "GET /check_auth/?broadcast=false&user_ui_id=ONuJOjrjpl&utm_profile=0 HTTP/1.1" 200 2931 "http://localhost:3333/profile/" "Mozilla/5.0 (X11; Linux x86_64) AppleWebKit/537.36 (KHTML, like Gecko) Chrome/69.0.3497.100 Safari/537.36" "106.51.67.207" rt=0.051 ua="unix:///tmp/MetrippingWeb.sock" us="200" ut="0.051" ul="40899" cs=-
172.69.134.177 - - [19/Mar/2019:11:05:15 +0000] "OPTIONS /getorder/ HTTP/1.1" 204 0 "-" "Mozilla/5.0 (X11; Linux x86_64) AppleWebKit/537.36 (KHTML, like Gecko) Chrome/69.0.3497.100 Safari/537.36" "106.51.67.207" rt=0.000 ua="-" us="-" ut="-" ul="-" cs=-
162.158.167.132 - metripping [19/Mar/2019:11:05:16 +0000] "POST /getorder/ HTTP/1.1" 200 488 "http://localhost:3333/profile/" "Mozilla/5.0 (X11; Linux x86_64) AppleWebKit/537.36 (KHTML, like Gecko) Chrome/69.0.3497.100 Safari/537.36" "106.51.67.207" rt=0.033 ua="unix:///tmp/MetrippingWeb.sock" us="200" ut="0.033" ul="2289" cs=-
172.69.134.177 - - [19/Mar/2019:11:05:17 +0000] "OPTIONS /location_details_ui HTTP/1.1" 204 0 "-" "Mozilla/5.0 (X11; Linux x86_64) AppleWebKit/537.36 (KHTML, like Gecko) Chrome/69.0.3497.100 Safari/537.36" "106.51.67.207" rt=0.000 ua="-" us="-" ut="-" ul="-" cs=-
172.69.134.177 - - [19/Mar/2019:11:05:18 +0000] "OPTIONS /location_details_ui HTTP/1.1" 204 0 "-" "Mozilla/5.0 (X11; Linux x86_64) AppleWebKit/537.36 (KHTML, like Gecko) Chrome/69.0.3497.100 Safari/537.36" "106.51.67.207" rt=0.000 ua="-" us="-" ut="-" ul="-" cs=-
172.69.134.177 - - [19/Mar/2019:11:05:18 +0000] "OPTIONS /search_api?activity_tag=relax&adults=1&children=0&end_date=2019-03-29&infants=0&location_tag=world&mode=travel_and_stay&origin=25763&page=1&page_size=60&start_date=2019-03-24&type=top_destinations&user_id=32&user_preferences=%7B%22been%22:false,%22wish%22:true%7D&user_ui_id=ONuJOjrjpl HTTP/1.1" 204 0 "-" "Mozilla/5.0 (X11; Linux x86_64) AppleWebKit/537.36 (KHTML, like Gecko) Chrome/69.0.3497.100 Safari/537.36" "106.51.67.207" rt=0.000 ua="-" us="-" ut="-" ul="-" cs=-
162.158.167.132 - metripping [19/Mar/2019:11:05:20 +0000] "POST /location_details_ui HTTP/1.1" 200 227942 "http://localhost:3333/profile/" "Mozilla/5.0 (X11; Linux x86_64) AppleWebKit/537.36 (KHTML, like Gecko) Chrome/69.0.3497.100 Safari/537.36" "106.51.67.207" rt=1.724 ua="10.132.0.7:21015" us="200" ut="1.151" ul="1014691" cs=-
162.158.167.132 - metripping [19/Mar/2019:11:05:20 +0000] "GET /search_api?activity_tag=relax&adults=1&children=0&end_date=2019-03-29&infants=0&location_tag=world&mode=travel_and_stay&origin=25763&page=1&page_size=60&start_date=2019-03-24&type=top_destinations&user_id=32&user_preferences=%7B%22been%22:false,%22wish%22:true%7D&user_ui_id=ONuJOjrjpl HTTP/1.1" 200 5064 "http://localhost:3333/profile/" "Mozilla/5.0 (X11; Linux x86_64) AppleWebKit/537.36 (KHTML, like Gecko) Chrome/69.0.3497.100 Safari/537.36" "106.51.67.207" rt=1.755 ua="10.132.0.7:21015" us="200" ut="1.755" ul="23533" cs=-
162.158.167.132 - metripping [19/Mar/2019:11:05:20 +0000] "POST /location_details_ui HTTP/1.1" 200 227934 "http://localhost:3333/profile/" "Mozilla/5.0 (X11; Linux x86_64) AppleWebKit/537.36 (KHTML, like Gecko) Chrome/69.0.3497.100 Safari/537.36" "106.51.67.207" rt=2.140 ua="10.132.0.7:21015" us="200" ut="1.567" ul="1014691" cs=-
172.69.134.177 - - [19/Mar/2019:11:05:21 +0000] "OPTIONS /search_api?activity_tag=relax&adults=1&children=0&end_date=2019-03-29&infants=0&location_filter=%5B%7B%22geo_bounding_box%22:%7B%22top_right%22:%7B%22lat%22:76.8649241082939,%22lon%22:180%7D,%22bottom_left%22:%7B%22lat%22:-60.01190691432012,%22lon%22:-180%7D%7D%7D%5D&location_tag=world&mode=travel_and_stay&origin=25763&page=1&page_size=60&start_date=2019-03-24&type=top_destinations&user_id=32&user_preferences=%7B%22been%22:true,%22wish%22:true%7D&user_ui_id=ONuJOjrjpl HTTP/1.1" 204 0 "-" "Mozilla/5.0 (X11; Linux x86_64) AppleWebKit/537.36 (KHTML, like Gecko) Chrome/69.0.3497.100 Safari/537.36" "106.51.67.207" rt=0.000 ua="-" us="-" ut="-" ul="-" cs=-
172.69.134.27 - stay [19/Mar/2019:11:05:23 +0000] "POST /v1/get_details_package HTTP/1.1" 200 794 "-" "curl" "13.71.112.75" rt=1.072 ua="10.132.0.7:21015" us="200" ut="1.072" ul="794" cs=-
172.69.134.201 - stay [19/Mar/2019:11:05:23 +0000] "POST /v1/get_details_package HTTP/1.1" 200 795 "-" "curl" "13.71.112.75" rt=0.842 ua="10.132.0.7:21015" us="200" ut="0.842" ul="795" cs=-
162.158.167.132 - metripping [19/Mar/2019:11:05:24 +0000] "GET /search_api?activity_tag=relax&adults=1&children=0&end_date=2019-03-29&infants=0&location_filter=%5B%7B%22geo_bounding_box%22:%7B%22top_right%22:%7B%22lat%22:76.8649241082939,%22lon%22:180%7D,%22bottom_left%22:%7B%22lat%22:-60.01190691432012,%22lon%22:-180%7D%7D%7D%5D&location_tag=world&mode=travel_and_stay&origin=25763&page=1&page_size=60&start_date=2019-03-24&type=top_destinations&user_id=32&user_preferences=%7B%22been%22:true,%22wish%22:true%7D&user_ui_id=ONuJOjrjpl HTTP/1.1" 200 5202 "http://localhost:3333/profile/" "Mozilla/5.0 (X11; Linux x86_64) AppleWebKit/537.36 (KHTML, like Gecko) Chrome/69.0.3497.100 Safari/537.36" "106.51.67.207" rt=2.826 ua="10.132.0.7:21015" us="200" ut="2.826" ul="24988" cs=-
162.158.167.96 - stay [19/Mar/2019:11:05:32 +0000] "POST /v1/get_details_package HTTP/1.1" 200 795 "-" "curl" "13.71.112.75" rt=0.434 ua="10.132.0.7:21015" us="200" ut="0.434" ul="795" cs=-
172.68.146.74 - stay [19/Mar/2019:11:05:32 +0000] "POST /v1/get_details_package HTTP/1.1" 200 794 "-" "curl" "13.71.112.75" rt=0.619 ua="10.132.0.7:21015" us="200" ut="0.619" ul="794" cs=-
172.68.146.212 - stay [19/Mar/2019:11:05:42 +0000] "POST /v1/get_details_package HTTP/1.1" 200 794 "-" "curl" "13.71.112.75" rt=0.505 ua="10.132.0.7:21015" us="200" ut="0.505" ul="794" cs=-
162.158.165.70 - stay [19/Mar/2019:11:05:42 +0000] "POST /v1/get_details_package HTTP/1.1" 200 795 "-" "curl" "13.71.112.75" rt=0.618 ua="10.132.0.7:21015" us="200" ut="0.618" ul="795" cs=-
162.158.165.116 - stay [19/Mar/2019:11:05:52 +0000] "POST /v1/get_details_package HTTP/1.1" 200 795 "-" "curl" "13.71.112.75" rt=0.561 ua="10.132.0.7:21015" us="200" ut="0.561" ul="795" cs=-
162.158.167.96 - stay [19/Mar/2019:11:05:53 +0000] "POST /v1/get_details_package HTTP/1.1" 200 794 "-" "curl" "13.71.112.75" rt=0.745 ua="10.132.0.7:21015" us="200" ut="0.745" ul="794" cs=-
172.69.134.81 - stay [19/Mar/2019:11:06:02 +0000] "POST /v1/get_details_package HTTP/1.1" 200 794 "-" "curl" "13.71.112.75" rt=0.678 ua="10.132.0.7:21015" us="200" ut="0.678" ul="794" cs=-
172.68.146.26 - stay [19/Mar/2019:11:06:02 +0000] "POST /v1/get_details_package HTTP/1.1" 200 795 "-" "curl" "13.71.112.75" rt=0.694 ua="10.132.0.7:21015" us="200" ut="0.694" ul="795" cs=-
172.69.135.160 - stay [19/Mar/2019:11:06:12 +0000] "POST /v1/get_details_package HTTP/1.1" 200 794 "-" "curl" "13.71.112.75" rt=0.533 ua="10.132.0.7:21015" us="200" ut="0.533" ul="794" cs=-
172.69.135.160 - stay [19/Mar/2019:11:06:12 +0000] "POST /v1/get_details_package HTTP/1.1" 200 795 "-" "curl" "13.71.112.75" rt=0.592 ua="10.132.0.7:21015" us="200" ut="0.394" ul="795" cs=-
162.158.167.96 - stay [19/Mar/2019:11:06:22 +0000] "POST /v1/get_details_package HTTP/1.1" 200 794 "-" "curl" "13.71.112.75" rt=0.528 ua="10.132.0.7:21015" us="200" ut="0.528" ul="794" cs=-
162.158.166.239 - stay [19/Mar/2019:11:06:22 +0000] "POST /v1/get_details_package HTTP/1.1" 200 795 "-" "curl" "13.71.112.75" rt=0.670 ua="10.132.0.7:21015" us="200" ut="0.670" ul="795" cs=-
162.158.165.116 - stay [19/Mar/2019:11:06:32 +0000] "POST /v1/get_details_package HTTP/1.1" 200 795 "-" "curl" "13.71.112.75" rt=0.474 ua="10.132.0.7:21015" us="200" ut="0.474" ul="795" cs=-
172.69.134.99 - stay [19/Mar/2019:11:06:32 +0000] "POST /v1/get_details_package HTTP/1.1" 200 794 "-" "curl" "13.71.112.75" rt=0.613 ua="10.132.0.7:21015" us="200" ut="0.613" ul="794" cs=-
172.69.135.148 - stay [19/Mar/2019:11:06:42 +0000] "POST /v1/get_details_package HTTP/1.1" 200 794 "-" "curl" "13.71.112.75" rt=0.574 ua="10.132.0.7:21015" us="200" ut="0.574" ul="794" cs=-
162.158.167.132 - stay [19/Mar/2019:11:06:43 +0000] "POST /v1/get_details_package HTTP/1.1" 200 795 "-" "curl" "13.71.112.75" rt=0.700 ua="10.132.0.7:21015" us="200" ut="0.700" ul="795" cs=-
172.69.134.177 - - [19/Mar/2019:11:06:44 +0000] "OPTIONS /check_auth/?broadcast=false&user_ui_id=ONuJOjrjpl&utm_profile=0 HTTP/1.1" 204 0 "-" "Mozilla/5.0 (X11; Linux x86_64) AppleWebKit/537.36 (KHTML, like Gecko) Chrome/69.0.3497.100 Safari/537.36" "106.51.67.207" rt=0.000 ua="-" us="-" ut="-" ul="-" cs=-
172.69.134.177 - - [19/Mar/2019:11:06:44 +0000] "OPTIONS /get_location_group_data?group_types=all HTTP/1.1" 204 0 "-" "Mozilla/5.0 (X11; Linux x86_64) AppleWebKit/537.36 (KHTML, like Gecko) Chrome/69.0.3497.100 Safari/537.36" "106.51.67.207" rt=0.000 ua="-" us="-" ut="-" ul="-" cs=-
162.158.167.132 - metripping [19/Mar/2019:11:06:45 +0000] "GET /check_auth/?broadcast=false&user_ui_id=ONuJOjrjpl&utm_profile=0 HTTP/1.1" 200 2931 "http://localhost:3333/profile/" "Mozilla/5.0 (X11; Linux x86_64) AppleWebKit/537.36 (KHTML, like Gecko) Chrome/69.0.3497.100 Safari/537.36" "106.51.67.207" rt=0.047 ua="unix:///tmp/MetrippingWeb.sock" us="200" ut="0.047" ul="40899" cs=-
172.69.134.177 - - [19/Mar/2019:11:06:45 +0000] "OPTIONS /getorder/ HTTP/1.1" 204 0 "-" "Mozilla/5.0 (X11; Linux x86_64) AppleWebKit/537.36 (KHTML, like Gecko) Chrome/69.0.3497.100 Safari/537.36" "106.51.67.207" rt=0.000 ua="-" us="-" ut="-" ul="-" cs=-
162.158.167.132 - metripping [19/Mar/2019:11:06:46 +0000] "POST /getorder/ HTTP/1.1" 200 488 "http://localhost:3333/profile/" "Mozilla/5.0 (X11; Linux x86_64) AppleWebKit/537.36 (KHTML, like Gecko) Chrome/69.0.3497.100 Safari/537.36" "106.51.67.207" rt=0.029 ua="unix:///tmp/MetrippingWeb.sock" us="200" ut="0.029" ul="2289" cs=-
172.69.134.177 - - [19/Mar/2019:11:06:47 +0000] "OPTIONS /location_details_ui HTTP/1.1" 204 0 "-" "Mozilla/5.0 (X11; Linux x86_64) AppleWebKit/537.36 (KHTML, like Gecko) Chrome/69.0.3497.100 Safari/537.36" "106.51.67.207" rt=0.000 ua="-" us="-" ut="-" ul="-" cs=-
172.69.134.177 - - [19/Mar/2019:11:06:47 +0000] "OPTIONS /location_details_ui HTTP/1.1" 204 0 "-" "Mozilla/5.0 (X11; Linux x86_64) AppleWebKit/537.36 (KHTML, like Gecko) Chrome/69.0.3497.100 Safari/537.36" "106.51.67.207" rt=0.000 ua="-" us="-" ut="-" ul="-" cs=-
172.69.134.177 - - [19/Mar/2019:11:06:48 +0000] "OPTIONS /search_api?activity_tag=relax&adults=1&children=0&end_date=2019-03-29&infants=0&location_tag=world&mode=travel_and_stay&origin=25763&page=1&page_size=60&start_date=2019-03-24&type=top_destinations&user_id=32&user_preferences=%7B%22been%22:false,%22wish%22:true%7D&user_ui_id=ONuJOjrjpl HTTP/1.1" 204 0 "-" "Mozilla/5.0 (X11; Linux x86_64) AppleWebKit/537.36 (KHTML, like Gecko) Chrome/69.0.3497.100 Safari/537.36" "106.51.67.207" rt=0.000 ua="-" us="-" ut="-" ul="-" cs=-
162.158.167.132 - metripping [19/Mar/2019:11:06:50 +0000] "POST /location_details_ui HTTP/1.1" 200 227934 "http://localhost:3333/profile/" "Mozilla/5.0 (X11; Linux x86_64) AppleWebKit/537.36 (KHTML, like Gecko) Chrome/69.0.3497.100 Safari/537.36" "106.51.67.207" rt=2.056 ua="10.132.0.7:21015" us="200" ut="1.482" ul="1014691" cs=-
162.158.167.132 - metripping [19/Mar/2019:11:06:50 +0000] "GET /search_api?activity_tag=relax&adults=1&children=0&end_date=2019-03-29&infants=0&location_tag=world&mode=travel_and_stay&origin=25763&page=1&page_size=60&start_date=2019-03-24&type=top_destinations&user_id=32&user_preferences=%7B%22been%22:false,%22wish%22:true%7D&user_ui_id=ONuJOjrjpl HTTP/1.1" 200 5064 "http://localhost:3333/profile/" "Mozilla/5.0 (X11; Linux x86_64) AppleWebKit/537.36 (KHTML, like Gecko) Chrome/69.0.3497.100 Safari/537.36" "106.51.67.207" rt=1.700 ua="10.132.0.7:21015" us="200" ut="1.700" ul="23533" cs=-
162.158.167.132 - metripping [19/Mar/2019:11:06:50 +0000] "POST /location_details_ui HTTP/1.1" 200 227934 "http://localhost:3333/profile/" "Mozilla/5.0 (X11; Linux x86_64) AppleWebKit/537.36 (KHTML, like Gecko) Chrome/69.0.3497.100 Safari/537.36" "106.51.67.207" rt=2.055 ua="10.132.0.7:21015" us="200" ut="1.482" ul="1014691" cs=-
172.69.134.177 - - [19/Mar/2019:11:06:50 +0000] "OPTIONS /search_api?activity_tag=relax&adults=1&children=0&end_date=2019-03-29&infants=0&location_filter=%5B%7B%22geo_bounding_box%22:%7B%22top_right%22:%7B%22lat%22:76.8649241082939,%22lon%22:180%7D,%22bottom_left%22:%7B%22lat%22:-60.01190691432012,%22lon%22:-180%7D%7D%7D%5D&location_tag=world&mode=travel_and_stay&origin=25763&page=1&page_size=60&start_date=2019-03-24&type=top_destinations&user_id=32&user_preferences=%7B%22been%22:true,%22wish%22:true%7D&user_ui_id=ONuJOjrjpl HTTP/1.1" 204 0 "-" "Mozilla/5.0 (X11; Linux x86_64) AppleWebKit/537.36 (KHTML, like Gecko) Chrome/69.0.3497.100 Safari/537.36" "106.51.67.207" rt=0.000 ua="-" us="-" ut="-" ul="-" cs=-
172.68.146.212 - stay [19/Mar/2019:11:06:52 +0000] "POST /v1/get_details_package HTTP/1.1" 200 794 "-" "curl" "13.71.112.75" rt=0.517 ua="10.132.0.7:21015" us="200" ut="0.517" ul="794" cs=-
162.158.165.70 - stay [19/Mar/2019:11:06:53 +0000] "POST /v1/get_details_package HTTP/1.1" 200 795 "-" "curl" "13.71.112.75" rt=0.877 ua="10.132.0.7:21015" us="200" ut="0.877" ul="795" cs=-
162.158.167.132 - metripping [19/Mar/2019:11:06:54 +0000] "GET /search_api?activity_tag=relax&adults=1&children=0&end_date=2019-03-29&infants=0&location_filter=%5B%7B%22geo_bounding_box%22:%7B%22top_right%22:%7B%22lat%22:76.8649241082939,%22lon%22:180%7D,%22bottom_left%22:%7B%22lat%22:-60.01190691432012,%22lon%22:-180%7D%7D%7D%5D&location_tag=world&mode=travel_and_stay&origin=25763&page=1&page_size=60&start_date=2019-03-24&type=top_destinations&user_id=32&user_preferences=%7B%22been%22:true,%22wish%22:true%7D&user_ui_id=ONuJOjrjpl HTTP/1.1" 200 5202 "http://localhost:3333/profile/" "Mozilla/5.0 (X11; Linux x86_64) AppleWebKit/537.36 (KHTML, like Gecko) Chrome/69.0.3497.100 Safari/537.36" "106.51.67.207" rt=3.058 ua="10.132.0.7:21015" us="200" ut="3.058" ul="24988" cs=-
172.69.134.177 - - [19/Mar/2019:11:06:58 +0000] "OPTIONS /auto_complete?include_fields=filter,currency,group_type,image_url&mode=location,location_group&only_recommended_locations=0&text=x HTTP/1.1" 204 0 "-" "Mozilla/5.0 (X11; Linux x86_64) AppleWebKit/537.36 (KHTML, like Gecko) Chrome/69.0.3497.100 Safari/537.36" "106.51.67.207" rt=0.000 ua="-" us="-" ut="-" ul="-" cs=-
162.158.167.132 - metripping [19/Mar/2019:11:06:59 +0000] "GET /auto_complete?include_fields=filter,currency,group_type,image_url&mode=location,location_group&only_recommended_locations=0&text=x HTTP/1.1" 200 861 "http://localhost:3333/profile/" "Mozilla/5.0 (X11; Linux x86_64) AppleWebKit/537.36 (KHTML, like Gecko) Chrome/69.0.3497.100 Safari/537.36" "106.51.67.207" rt=0.064 ua="10.132.0.7:21015" us="200" ut="0.064" ul="2409" cs=-
172.69.134.177 - - [19/Mar/2019:11:06:59 +0000] "OPTIONS /auto_complete?include_fields=filter,currency,group_type,image_url&mode=location,location_group&only_recommended_locations=0&text= HTTP/1.1" 204 0 "-" "Mozilla/5.0 (X11; Linux x86_64) AppleWebKit/537.36 (KHTML, like Gecko) Chrome/69.0.3497.100 Safari/537.36" "106.51.67.207" rt=0.000 ua="-" us="-" ut="-" ul="-" cs=-
162.158.167.132 - metripping [19/Mar/2019:11:07:00 +0000] "GET /auto_complete?include_fields=filter,currency,group_type,image_url&mode=location,location_group&only_recommended_locations=0&text= HTTP/1.1" 200 182178 "http://localhost:3333/profile/" "Mozilla/5.0 (X11; Linux x86_64) AppleWebKit/537.36 (KHTML, like Gecko) Chrome/69.0.3497.100 Safari/537.36" "106.51.67.207" rt=0.707 ua="10.132.0.7:21015" us="200" ut="0.131" ul="1259959" cs=-
172.69.134.99 - stay [19/Mar/2019:11:07:02 +0000] "POST /v1/get_details_package HTTP/1.1" 200 794 "-" "curl" "13.71.112.75" rt=0.502 ua="10.132.0.7:21015" us="200" ut="0.502" ul="794" cs=-
162.158.166.239 - stay [19/Mar/2019:11:07:03 +0000] "POST /v1/get_details_package HTTP/1.1" 200 795 "-" "curl" "13.71.112.75" rt=0.687 ua="10.132.0.7:21015" us="200" ut="0.687" ul="795" cs=-
172.69.134.99 - stay [19/Mar/2019:11:07:12 +0000] "POST /v1/get_details_package HTTP/1.1" 200 795 "-" "curl" "13.71.112.75" rt=0.496 ua="10.132.0.7:21015" us="200" ut="0.496" ul="795" cs=-
162.158.166.239 - stay [19/Mar/2019:11:07:12 +0000] "POST /v1/get_details_package HTTP/1.1" 200 794 "-" "curl" "13.71.112.75" rt=0.430 ua="10.132.0.7:21015" us="200" ut="0.430" ul="794" cs=-
172.69.134.27 - stay [19/Mar/2019:11:07:23 +0000] "POST /v1/get_details_package HTTP/1.1" 200 795 "-" "curl" "13.71.112.75" rt=0.572 ua="10.132.0.7:21015" us="200" ut="0.572" ul="795" cs=-
172.69.134.201 - stay [19/Mar/2019:11:07:23 +0000] "POST /v1/get_details_package HTTP/1.1" 200 794 "-" "curl" "13.71.112.75" rt=0.660 ua="10.132.0.7:21015" us="200" ut="0.660" ul="794" cs=-
162.158.165.70 - stay [19/Mar/2019:11:07:32 +0000] "POST /v1/get_details_package HTTP/1.1" 200 795 "-" "curl" "13.71.112.75" rt=0.541 ua="10.132.0.7:21015" us="200" ut="0.541" ul="795" cs=-
172.68.146.212 - stay [19/Mar/2019:11:07:32 +0000] "POST /v1/get_details_package HTTP/1.1" 200 794 "-" "curl" "13.71.112.75" rt=0.609 ua="10.132.0.7:21015" us="200" ut="0.609" ul="794" cs=-
172.68.146.74 - stay [19/Mar/2019:11:07:42 +0000] "POST /v1/get_details_package HTTP/1.1" 200 795 "-" "curl" "13.71.112.75" rt=0.593 ua="10.132.0.7:21015" us="200" ut="0.593" ul="795" cs=-
162.158.165.116 - stay [19/Mar/2019:11:07:43 +0000] "POST /v1/get_details_package HTTP/1.1" 200 794 "-" "curl" "13.71.112.75" rt=1.018 ua="10.132.0.7:21015" us="200" ut="1.018" ul="794" cs=-
172.69.134.177 - stay [19/Mar/2019:11:07:52 +0000] "POST /v1/get_details_package HTTP/1.1" 200 794 "-" "curl" "13.71.112.75" rt=0.348 ua="10.132.0.7:21015" us="200" ut="0.348" ul="794" cs=-
162.158.167.96 - stay [19/Mar/2019:11:07:52 +0000] "POST /v1/get_details_package HTTP/1.1" 200 795 "-" "curl" "13.71.112.75" rt=0.449 ua="10.132.0.7:21015" us="200" ut="0.449" ul="795" cs=-
172.69.134.177 - - [19/Mar/2019:11:07:57 +0000] "OPTIONS /check_auth/?broadcast=false&user_ui_id=ONuJOjrjpl&utm_profile=0 HTTP/1.1" 204 0 "-" "Mozilla/5.0 (X11; Linux x86_64) AppleWebKit/537.36 (KHTML, like Gecko) Chrome/69.0.3497.100 Safari/537.36" "106.51.67.207" rt=0.000 ua="-" us="-" ut="-" ul="-" cs=-
172.69.134.177 - - [19/Mar/2019:11:07:57 +0000] "OPTIONS /get_location_group_data?group_types=all HTTP/1.1" 204 0 "-" "Mozilla/5.0 (X11; Linux x86_64) AppleWebKit/537.36 (KHTML, like Gecko) Chrome/69.0.3497.100 Safari/537.36" "106.51.67.207" rt=0.000 ua="-" us="-" ut="-" ul="-" cs=-
162.158.167.132 - metripping [19/Mar/2019:11:07:58 +0000] "GET /check_auth/?broadcast=false&user_ui_id=ONuJOjrjpl&utm_profile=0 HTTP/1.1" 200 2931 "http://localhost:3333/profile/" "Mozilla/5.0 (X11; Linux x86_64) AppleWebKit/537.36 (KHTML, like Gecko) Chrome/69.0.3497.100 Safari/537.36" "106.51.67.207" rt=0.072 ua="unix:///tmp/MetrippingWeb.sock" us="200" ut="0.072" ul="40899" cs=-
172.69.134.177 - - [19/Mar/2019:11:07:59 +0000] "OPTIONS /getorder/ HTTP/1.1" 204 0 "-" "Mozilla/5.0 (X11; Linux x86_64) AppleWebKit/537.36 (KHTML, like Gecko) Chrome/69.0.3497.100 Safari/537.36" "106.51.67.207" rt=0.000 ua="-" us="-" ut="-" ul="-" cs=-
162.158.167.132 - metripping [19/Mar/2019:11:08:00 +0000] "POST /getorder/ HTTP/1.1" 200 488 "http://localhost:3333/profile/" "Mozilla/5.0 (X11; Linux x86_64) AppleWebKit/537.36 (KHTML, like Gecko) Chrome/69.0.3497.100 Safari/537.36" "106.51.67.207" rt=0.037 ua="unix:///tmp/MetrippingWeb.sock" us="200" ut="0.037" ul="2289" cs=-
172.69.134.177 - - [19/Mar/2019:11:08:00 +0000] "OPTIONS /search_api?activity_tag=relax&adults=1&children=0&end_date=2019-03-29&infants=0&location_tag=world&mode=travel_and_stay&origin=25763&page=1&page_size=60&start_date=2019-03-24&type=top_destinations&user_id=32&user_preferences=%7B%22been%22:false,%22wish%22:true%7D&user_ui_id=ONuJOjrjpl HTTP/1.1" 204 0 "-" "Mozilla/5.0 (X11; Linux x86_64) AppleWebKit/537.36 (KHTML, like Gecko) Chrome/69.0.3497.100 Safari/537.36" "106.51.67.207" rt=0.000 ua="-" us="-" ut="-" ul="-" cs=-
172.69.134.177 - - [19/Mar/2019:11:08:00 +0000] "OPTIONS /location_details_ui HTTP/1.1" 204 0 "-" "Mozilla/5.0 (X11; Linux x86_64) AppleWebKit/537.36 (KHTML, like Gecko) Chrome/69.0.3497.100 Safari/537.36" "106.51.67.207" rt=0.000 ua="-" us="-" ut="-" ul="-" cs=-
172.69.134.177 - - [19/Mar/2019:11:08:00 +0000] "OPTIONS /location_details_ui HTTP/1.1" 204 0 "-" "Mozilla/5.0 (X11; Linux x86_64) AppleWebKit/537.36 (KHTML, like Gecko) Chrome/69.0.3497.100 Safari/537.36" "106.51.67.207" rt=0.000 ua="-" us="-" ut="-" ul="-" cs=-
162.158.167.132 - metripping [19/Mar/2019:11:08:03 +0000] "POST /location_details_ui HTTP/1.1" 200 227934 "http://localhost:3333/profile/" "Mozilla/5.0 (X11; Linux x86_64) AppleWebKit/537.36 (KHTML, like Gecko) Chrome/69.0.3497.100 Safari/537.36" "106.51.67.207" rt=1.884 ua="10.132.0.7:21015" us="200" ut="1.312" ul="1014691" cs=-
172.68.146.212 - stay [19/Mar/2019:11:08:03 +0000] "POST /v1/get_details_package HTTP/1.1" 200 794 "-" "curl" "13.71.112.75" rt=1.014 ua="10.132.0.7:21015" us="200" ut="1.014" ul="794" cs=-
162.158.167.132 - metripping [19/Mar/2019:11:08:03 +0000] "POST /location_details_ui HTTP/1.1" 200 227934 "http://localhost:3333/profile/" "Mozilla/5.0 (X11; Linux x86_64) AppleWebKit/537.36 (KHTML, like Gecko) Chrome/69.0.3497.100 Safari/537.36" "106.51.67.207" rt=1.855 ua="10.132.0.7:21015" us="200" ut="1.292" ul="1014691" cs=-
162.158.165.70 - stay [19/Mar/2019:11:08:03 +0000] "POST /v1/get_details_package HTTP/1.1" 200 795 "-" "curl" "13.71.112.75" rt=1.428 ua="10.132.0.7:21015" us="200" ut="1.428" ul="795" cs=-
162.158.167.132 - metripping [19/Mar/2019:11:08:03 +0000] "GET /search_api?activity_tag=relax&adults=1&children=0&end_date=2019-03-29&infants=0&location_tag=world&mode=travel_and_stay&origin=25763&page=1&page_size=60&start_date=2019-03-24&type=top_destinations&user_id=32&user_preferences=%7B%22been%22:false,%22wish%22:true%7D&user_ui_id=ONuJOjrjpl HTTP/1.1" 200 5064 "http://localhost:3333/profile/" "Mozilla/5.0 (X11; Linux x86_64) AppleWebKit/537.36 (KHTML, like Gecko) Chrome/69.0.3497.100 Safari/537.36" "106.51.67.207" rt=2.405 ua="10.132.0.7:21015" us="200" ut="2.405" ul="23533" cs=-
172.69.134.177 - - [19/Mar/2019:11:08:04 +0000] "OPTIONS /search_api?activity_tag=relax&adults=1&children=0&end_date=2019-03-29&infants=0&location_filter=%5B%7B%22geo_bounding_box%22:%7B%22top_right%22:%7B%22lat%22:76.8649241082939,%22lon%22:180%7D,%22bottom_left%22:%7B%22lat%22:-60.01190691432012,%22lon%22:-180%7D%7D%7D%5D&location_tag=world&mode=travel_and_stay&origin=25763&page=1&page_size=60&start_date=2019-03-24&type=top_destinations&user_id=32&user_preferences=%7B%22been%22:true,%22wish%22:true%7D&user_ui_id=ONuJOjrjpl HTTP/1.1" 204 0 "-" "Mozilla/5.0 (X11; Linux x86_64) AppleWebKit/537.36 (KHTML, like Gecko) Chrome/69.0.3497.100 Safari/537.36" "106.51.67.207" rt=0.000 ua="-" us="-" ut="-" ul="-" cs=-
162.158.167.132 - metripping [19/Mar/2019:11:08:07 +0000] "GET /search_api?activity_tag=relax&adults=1&children=0&end_date=2019-03-29&infants=0&location_filter=%5B%7B%22geo_bounding_box%22:%7B%22top_right%22:%7B%22lat%22:76.8649241082939,%22lon%22:180%7D,%22bottom_left%22:%7B%22lat%22:-60.01190691432012,%22lon%22:-180%7D%7D%7D%5D&location_tag=world&mode=travel_and_stay&origin=25763&page=1&page_size=60&start_date=2019-03-24&type=top_destinations&user_id=32&user_preferences=%7B%22been%22:true,%22wish%22:true%7D&user_ui_id=ONuJOjrjpl HTTP/1.1" 200 5202 "http://localhost:3333/profile/" "Mozilla/5.0 (X11; Linux x86_64) AppleWebKit/537.36 (KHTML, like Gecko) Chrome/69.0.3497.100 Safari/537.36" "106.51.67.207" rt=1.999 ua="10.132.0.7:21015" us="200" ut="1.999" ul="24988" cs=-
172.69.135.148 - stay [19/Mar/2019:11:08:13 +0000] "POST /v1/get_details_package HTTP/1.1" 200 794 "-" "curl" "13.71.112.75" rt=0.792 ua="10.132.0.7:21015" us="200" ut="0.792" ul="794" cs=-
162.158.167.132 - stay [19/Mar/2019:11:08:13 +0000] "POST /v1/get_details_package HTTP/1.1" 200 795 "-" "curl" "13.71.112.75" rt=0.900 ua="10.132.0.7:21015" us="200" ut="0.900" ul="795" cs=-
162.158.166.239 - stay [19/Mar/2019:11:08:23 +0000] "POST /v1/get_details_package HTTP/1.1" 200 794 "-" "curl" "13.71.112.75" rt=0.633 ua="10.132.0.7:21015" us="200" ut="0.633" ul="794" cs=-
172.69.134.81 - stay [19/Mar/2019:11:08:23 +0000] "POST /v1/get_details_package HTTP/1.1" 200 795 "-" "curl" "13.71.112.75" rt=0.646 ua="10.132.0.7:21015" us="200" ut="0.646" ul="795" cs=-
172.69.134.27 - stay [19/Mar/2019:11:08:33 +0000] "POST /v1/get_details_package HTTP/1.1" 200 795 "-" "curl" "13.71.112.75" rt=0.931 ua="10.132.0.7:21015" us="200" ut="0.931" ul="795" cs=-
172.69.134.201 - stay [19/Mar/2019:11:08:33 +0000] "POST /v1/get_details_package HTTP/1.1" 200 794 "-" "curl" "13.71.112.75" rt=0.977 ua="10.132.0.7:21015" us="200" ut="0.977" ul="794" cs=-
172.69.134.177 - stay [19/Mar/2019:11:08:42 +0000] "POST /v1/get_details_package HTTP/1.1" 200 795 "-" "curl" "13.71.112.75" rt=0.493 ua="10.132.0.7:21015" us="200" ut="0.493" ul="795" cs=-
172.68.144.229 - stay [19/Mar/2019:11:08:42 +0000] "POST /v1/get_details_package HTTP/1.1" 200 794 "-" "curl" "13.71.112.75" rt=0.434 ua="10.132.0.7:21015" us="200" ut="0.434" ul="794" cs=-
172.69.134.201 - stay [19/Mar/2019:11:08:53 +0000] "POST /v1/get_details_package HTTP/1.1" 200 794 "-" "curl" "13.71.112.75" rt=0.594 ua="10.132.0.7:21015" us="200" ut="0.594" ul="794" cs=-
172.69.134.27 - stay [19/Mar/2019:11:08:53 +0000] "POST /v1/get_details_package HTTP/1.1" 200 795 "-" "curl" "13.71.112.75" rt=0.662 ua="10.132.0.7:21015" us="200" ut="0.662" ul="795" cs=-
172.69.134.177 - - [19/Mar/2019:11:09:02 +0000] "OPTIONS /check_auth/?broadcast=false&user_ui_id=ONuJOjrjpl&utm_profile=0 HTTP/1.1" 204 0 "-" "Mozilla/5.0 (X11; Linux x86_64) AppleWebKit/537.36 (KHTML, like Gecko) Chrome/69.0.3497.100 Safari/537.36" "106.51.67.207" rt=0.000 ua="-" us="-" ut="-" ul="-" cs=-
172.69.134.177 - - [19/Mar/2019:11:09:02 +0000] "OPTIONS /get_location_group_data?group_types=all HTTP/1.1" 204 0 "-" "Mozilla/5.0 (X11; Linux x86_64) AppleWebKit/537.36 (KHTML, like Gecko) Chrome/69.0.3497.100 Safari/537.36" "106.51.67.207" rt=0.000 ua="-" us="-" ut="-" ul="-" cs=-
162.158.167.132 - metripping [19/Mar/2019:11:09:02 +0000] "GET /check_auth/?broadcast=false&user_ui_id=ONuJOjrjpl&utm_profile=0 HTTP/1.1" 200 2931 "http://localhost:3333/profile/" "Mozilla/5.0 (X11; Linux x86_64) AppleWebKit/537.36 (KHTML, like Gecko) Chrome/69.0.3497.100 Safari/537.36" "106.51.67.207" rt=0.061 ua="unix:///tmp/MetrippingWeb.sock" us="200" ut="0.061" ul="40899" cs=-
162.158.166.239 - stay [19/Mar/2019:11:09:03 +0000] "POST /v1/get_details_package HTTP/1.1" 200 816 "-" "curl" "13.71.112.75" rt=0.658 ua="10.132.0.7:21015" us="200" ut="0.658" ul="816" cs=-
172.69.134.99 - stay [19/Mar/2019:11:09:03 +0000] "POST /v1/get_details_package HTTP/1.1" 200 795 "-" "curl" "13.71.112.75" rt=0.892 ua="10.132.0.7:21015" us="200" ut="0.892" ul="795" cs=-
172.69.134.177 - - [19/Mar/2019:11:09:03 +0000] "OPTIONS /getorder/ HTTP/1.1" 204 0 "-" "Mozilla/5.0 (X11; Linux x86_64) AppleWebKit/537.36 (KHTML, like Gecko) Chrome/69.0.3497.100 Safari/537.36" "106.51.67.207" rt=0.000 ua="-" us="-" ut="-" ul="-" cs=-
162.158.167.132 - metripping [19/Mar/2019:11:09:03 +0000] "POST /getorder/ HTTP/1.1" 200 488 "http://localhost:3333/profile/" "Mozilla/5.0 (X11; Linux x86_64) AppleWebKit/537.36 (KHTML, like Gecko) Chrome/69.0.3497.100 Safari/537.36" "106.51.67.207" rt=0.033 ua="unix:///tmp/MetrippingWeb.sock" us="200" ut="0.033" ul="2289" cs=-
172.69.134.177 - - [19/Mar/2019:11:09:05 +0000] "OPTIONS /location_details_ui HTTP/1.1" 204 0 "-" "Mozilla/5.0 (X11; Linux x86_64) AppleWebKit/537.36 (KHTML, like Gecko) Chrome/69.0.3497.100 Safari/537.36" "106.51.67.207" rt=0.000 ua="-" us="-" ut="-" ul="-" cs=-
172.69.134.177 - - [19/Mar/2019:11:09:05 +0000] "OPTIONS /search_api?activity_tag=relax&adults=1&children=0&end_date=2019-03-29&infants=0&location_tag=world&mode=travel_and_stay&origin=25763&page=1&page_size=60&start_date=2019-03-24&type=top_destinations&user_id=32&user_preferences=%7B%22been%22:false,%22wish%22:true%7D&user_ui_id=ONuJOjrjpl HTTP/1.1" 204 0 "-" "Mozilla/5.0 (X11; Linux x86_64) AppleWebKit/537.36 (KHTML, like Gecko) Chrome/69.0.3497.100 Safari/537.36" "106.51.67.207" rt=0.000 ua="-" us="-" ut="-" ul="-" cs=-
172.69.134.177 - - [19/Mar/2019:11:09:05 +0000] "OPTIONS /location_details_ui HTTP/1.1" 204 0 "-" "Mozilla/5.0 (X11; Linux x86_64) AppleWebKit/537.36 (KHTML, like Gecko) Chrome/69.0.3497.100 Safari/537.36" "106.51.67.207" rt=0.000 ua="-" us="-" ut="-" ul="-" cs=-
162.158.167.132 - metripping [19/Mar/2019:11:09:07 +0000] "POST /location_details_ui HTTP/1.1" 200 227934 "http://localhost:3333/profile/" "Mozilla/5.0 (X11; Linux x86_64) AppleWebKit/537.36 (KHTML, like Gecko) Chrome/69.0.3497.100 Safari/537.36" "106.51.67.207" rt=1.336 ua="10.132.0.7:21015" us="200" ut="1.336" ul="1014691" cs=-
162.158.167.132 - metripping [19/Mar/2019:11:09:08 +0000] "GET /search_api?activity_tag=relax&adults=1&children=0&end_date=2019-03-29&infants=0&location_tag=world&mode=travel_and_stay&origin=25763&page=1&page_size=60&start_date=2019-03-24&type=top_destinations&user_id=32&user_preferences=%7B%22been%22:false,%22wish%22:true%7D&user_ui_id=ONuJOjrjpl HTTP/1.1" 200 5064 "http://localhost:3333/profile/" "Mozilla/5.0 (X11; Linux x86_64) AppleWebKit/537.36 (KHTML, like Gecko) Chrome/69.0.3497.100 Safari/537.36" "106.51.67.207" rt=2.207 ua="10.132.0.7:21015" us="200" ut="2.207" ul="23533" cs=-
172.69.134.177 - - [19/Mar/2019:11:09:08 +0000] "OPTIONS /search_api?activity_tag=relax&adults=1&children=0&end_date=2019-03-29&infants=0&location_filter=%5B%7B%22geo_bounding_box%22:%7B%22top_right%22:%7B%22lat%22:76.8649241082939,%22lon%22:180%7D,%22bottom_left%22:%7B%22lat%22:-60.01190691432012,%22lon%22:-180%7D%7D%7D%5D&location_tag=world&mode=travel_and_stay&origin=25763&page=1&page_size=60&start_date=2019-03-24&type=top_destinations&user_id=32&user_preferences=%7B%22been%22:true,%22wish%22:true%7D&user_ui_id=ONuJOjrjpl HTTP/1.1" 204 0 "-" "Mozilla/5.0 (X11; Linux x86_64) AppleWebKit/537.36 (KHTML, like Gecko) Chrome/69.0.3497.100 Safari/537.36" "106.51.67.207" rt=0.000 ua="-" us="-" ut="-" ul="-" cs=-
162.158.167.132 - metripping [19/Mar/2019:11:09:08 +0000] "POST /location_details_ui HTTP/1.1" 200 227934 "http://localhost:3333/profile/" "Mozilla/5.0 (X11; Linux x86_64) AppleWebKit/537.36 (KHTML, like Gecko) Chrome/69.0.3497.100 Safari/537.36" "106.51.67.207" rt=2.030 ua="10.132.0.7:21015" us="200" ut="1.453" ul="1014691" cs=-
162.158.167.132 - metripping [19/Mar/2019:11:09:12 +0000] "GET /search_api?activity_tag=relax&adults=1&children=0&end_date=2019-03-29&infants=0&location_filter=%5B%7B%22geo_bounding_box%22:%7B%22top_right%22:%7B%22lat%22:76.8649241082939,%22lon%22:180%7D,%22bottom_left%22:%7B%22lat%22:-60.01190691432012,%22lon%22:-180%7D%7D%7D%5D&location_tag=world&mode=travel_and_stay&origin=25763&page=1&page_size=60&start_date=2019-03-24&type=top_destinations&user_id=32&user_preferences=%7B%22been%22:true,%22wish%22:true%7D&user_ui_id=ONuJOjrjpl HTTP/1.1" 200 5202 "http://localhost:3333/profile/" "Mozilla/5.0 (X11; Linux x86_64) AppleWebKit/537.36 (KHTML, like Gecko) Chrome/69.0.3497.100 Safari/537.36" "106.51.67.207" rt=3.457 ua="10.132.0.7:21015" us="200" ut="3.457" ul="24988" cs=-
172.69.134.99 - stay [19/Mar/2019:11:09:13 +0000] "POST /v1/get_details_package HTTP/1.1" 200 794 "-" "curl" "13.71.112.75" rt=0.738 ua="10.132.0.7:21015" us="200" ut="0.738" ul="794" cs=-
162.158.165.116 - stay [19/Mar/2019:11:09:13 +0000] "POST /v1/get_details_package HTTP/1.1" 200 795 "-" "curl" "13.71.112.75" rt=0.762 ua="10.132.0.7:21015" us="200" ut="0.762" ul="795" cs=-
172.69.134.177 - stay [19/Mar/2019:11:09:22 +0000] "POST /v1/get_details_package HTTP/1.1" 200 794 "-" "curl" "13.71.112.75" rt=0.476 ua="10.132.0.7:21015" us="200" ut="0.476" ul="794" cs=-
172.68.146.74 - stay [19/Mar/2019:11:09:22 +0000] "POST /v1/get_details_package HTTP/1.1" 200 795 "-" "curl" "13.71.112.75" rt=0.408 ua="10.132.0.7:21015" us="200" ut="0.408" ul="795" cs=-
172.69.134.201 - stay [19/Mar/2019:11:09:32 +0000] "POST /v1/get_details_package HTTP/1.1" 200 795 "-" "curl" "13.71.112.75" rt=0.443 ua="10.132.0.7:21015" us="200" ut="0.443" ul="795" cs=-
172.69.134.27 - stay [19/Mar/2019:11:09:32 +0000] "POST /v1/get_details_package HTTP/1.1" 200 794 "-" "curl" "13.71.112.75" rt=0.389 ua="10.132.0.7:21015" us="200" ut="0.389" ul="794" cs=-
172.68.146.74 - stay [19/Mar/2019:11:09:42 +0000] "POST /v1/get_details_package HTTP/1.1" 200 794 "-" "curl" "13.71.112.75" rt=0.429 ua="10.132.0.7:21015" us="200" ut="0.429" ul="794" cs=-
162.158.167.96 - stay [19/Mar/2019:11:09:43 +0000] "POST /v1/get_details_package HTTP/1.1" 200 795 "-" "curl" "13.71.112.75" rt=0.704 ua="10.132.0.7:21015" us="200" ut="0.704" ul="795" cs=-
172.68.146.212 - stay [19/Mar/2019:11:09:53 +0000] "POST /v1/get_details_package HTTP/1.1" 200 794 "-" "curl" "13.71.112.75" rt=0.581 ua="10.132.0.7:21015" us="200" ut="0.581" ul="794" cs=-
162.158.165.70 - stay [19/Mar/2019:11:09:53 +0000] "POST /v1/get_details_package HTTP/1.1" 200 795 "-" "curl" "13.71.112.75" rt=0.650 ua="10.132.0.7:21015" us="200" ut="0.650" ul="795" cs=-
162.158.167.96 - stay [19/Mar/2019:11:10:02 +0000] "POST /v1/get_details_package HTTP/1.1" 200 794 "-" "curl" "13.71.112.75" rt=0.464 ua="10.132.0.7:21015" us="200" ut="0.464" ul="794" cs=-
162.158.165.116 - stay [19/Mar/2019:11:10:02 +0000] "POST /v1/get_details_package HTTP/1.1" 200 795 "-" "curl" "13.71.112.75" rt=0.407 ua="10.132.0.7:21015" us="200" ut="0.407" ul="795" cs=-
172.69.134.81 - stay [19/Mar/2019:11:10:13 +0000] "POST /v1/get_details_package HTTP/1.1" 200 794 "-" "curl" "13.71.112.75" rt=0.660 ua="10.132.0.7:21015" us="200" ut="0.660" ul="794" cs=-
172.68.146.26 - stay [19/Mar/2019:11:10:13 +0000] "POST /v1/get_details_package HTTP/1.1" 200 795 "-" "curl" "13.71.112.75" rt=0.679 ua="10.132.0.7:21015" us="200" ut="0.679" ul="795" cs=-
172.69.135.160 - stay [19/Mar/2019:11:10:23 +0000] "POST /v1/get_details_package HTTP/1.1" 200 794 "-" "curl" "13.71.112.75" rt=0.726 ua="10.132.0.7:21015" us="200" ut="0.726" ul="794" cs=-
172.68.144.229 - stay [19/Mar/2019:11:10:23 +0000] "POST /v1/get_details_package HTTP/1.1" 200 817 "-" "curl" "13.71.112.75" rt=0.793 ua="10.132.0.7:21015" us="200" ut="0.793" ul="817" cs=-
162.158.167.96 - stay [19/Mar/2019:11:10:33 +0000] "POST /v1/get_details_package HTTP/1.1" 200 794 "-" "curl" "13.71.112.75" rt=0.570 ua="10.132.0.7:21015" us="200" ut="0.570" ul="794" cs=-
162.158.166.239 - stay [19/Mar/2019:11:10:33 +0000] "POST /v1/get_details_package HTTP/1.1" 200 795 "-" "curl" "13.71.112.75" rt=0.623 ua="10.132.0.7:21015" us="200" ut="0.623" ul="795" cs=-
162.158.165.116 - stay [19/Mar/2019:11:10:42 +0000] "POST /v1/get_details_package HTTP/1.1" 200 795 "-" "curl" "13.71.112.75" rt=0.470 ua="10.132.0.7:21015" us="200" ut="0.470" ul="795" cs=-
172.69.134.99 - stay [19/Mar/2019:11:10:43 +0000] "POST /v1/get_details_package HTTP/1.1" 200 794 "-" "curl" "13.71.112.75" rt=0.586 ua="10.132.0.7:21015" us="200" ut="0.586" ul="794" cs=-
172.69.135.148 - stay [19/Mar/2019:11:10:53 +0000] "POST /v1/get_details_package HTTP/1.1" 200 794 "-" "curl" "13.71.112.75" rt=0.505 ua="10.132.0.7:21015" us="200" ut="0.505" ul="794" cs=-
162.158.167.132 - stay [19/Mar/2019:11:10:53 +0000] "POST /v1/get_details_package HTTP/1.1" 200 795 "-" "curl" "13.71.112.75" rt=0.649 ua="10.132.0.7:21015" us="200" ut="0.649" ul="795" cs=-
172.68.146.212 - stay [19/Mar/2019:11:11:02 +0000] "POST /v1/get_details_package HTTP/1.1" 200 794 "-" "curl" "13.71.112.75" rt=0.421 ua="10.132.0.7:21015" us="200" ut="0.421" ul="794" cs=-
162.158.165.70 - stay [19/Mar/2019:11:11:03 +0000] "POST /v1/get_details_package HTTP/1.1" 200 795 "-" "curl" "13.71.112.75" rt=0.503 ua="10.132.0.7:21015" us="200" ut="0.503" ul="795" cs=-
172.69.135.160 - stay [19/Mar/2019:11:11:13 +0000] "POST /v1/get_details_package HTTP/1.1" 200 794 "-" "curl" "13.71.112.75" rt=0.502 ua="10.132.0.7:21015" us="200" ut="0.502" ul="794" cs=-
172.68.146.26 - stay [19/Mar/2019:11:11:13 +0000] "POST /v1/get_details_package HTTP/1.1" 200 795 "-" "curl" "13.71.112.75" rt=0.635 ua="10.132.0.7:21015" us="200" ut="0.635" ul="795" cs=-
172.69.134.99 - stay [19/Mar/2019:11:11:22 +0000] "POST /v1/get_details_package HTTP/1.1" 200 794 "-" "curl" "13.71.112.75" rt=0.373 ua="10.132.0.7:21015" us="200" ut="0.373" ul="794" cs=-
162.158.166.239 - stay [19/Mar/2019:11:11:23 +0000] "POST /v1/get_details_package HTTP/1.1" 200 795 "-" "curl" "13.71.112.75" rt=0.590 ua="10.132.0.7:21015" us="200" ut="0.590" ul="795" cs=-
172.69.134.27 - stay [19/Mar/2019:11:11:33 +0000] "POST /v1/get_details_package HTTP/1.1" 200 795 "-" "curl" "13.71.112.75" rt=0.741 ua="10.132.0.7:21015" us="200" ut="0.741" ul="795" cs=-
172.69.134.201 - stay [19/Mar/2019:11:11:33 +0000] "POST /v1/get_details_package HTTP/1.1" 200 794 "-" "curl" "13.71.112.75" rt=0.755 ua="10.132.0.7:21015" us="200" ut="0.755" ul="794" cs=-
162.158.165.70 - stay [19/Mar/2019:11:11:43 +0000] "POST /v1/get_details_package HTTP/1.1" 200 795 "-" "curl" "13.71.112.75" rt=0.525 ua="10.132.0.7:21015" us="200" ut="0.525" ul="795" cs=-
172.68.146.212 - stay [19/Mar/2019:11:11:43 +0000] "POST /v1/get_details_package HTTP/1.1" 200 794 "-" "curl" "13.71.112.75" rt=0.634 ua="10.132.0.7:21015" us="200" ut="0.634" ul="794" cs=-
162.158.165.116 - stay [19/Mar/2019:11:11:52 +0000] "POST /v1/get_details_package HTTP/1.1" 200 794 "-" "curl" "13.71.112.75" rt=0.432 ua="10.132.0.7:21015" us="200" ut="0.432" ul="794" cs=-
172.68.146.74 - stay [19/Mar/2019:11:11:53 +0000] "POST /v1/get_details_package HTTP/1.1" 200 795 "-" "curl" "13.71.112.75" rt=0.537 ua="10.132.0.7:21015" us="200" ut="0.537" ul="795" cs=-
172.69.134.177 - stay [19/Mar/2019:11:12:03 +0000] "POST /v1/get_details_package HTTP/1.1" 200 794 "-" "curl" "13.71.112.75" rt=0.712 ua="10.132.0.7:21015" us="200" ut="0.712" ul="794" cs=-
