162.158.167.132 - stay [19/Mar/2019:10:41:01 +0000] "POST /v1/get_details_package HTTP/1.1" 200 794 "-" "curl" "13.71.112.75" rt=0.557 ua="10.132.0.7:21015" us="200" ut="0.557" ul="794" cs=-
172.69.134.177 - - [19/Mar/2019:10:41:09 +0000] "OPTIONS /search_api?activity_tag=relax&adults=1&children=0&end_date=2019-03-29&infants=0&location_filter=%5B%7B%22geo_bounding_box%22:%7B%22top_right%22:%7B%22lat%22:60.81089195910265,%22lon%22:155.046875%7D,%22bottom_left%22:%7B%22lat%22:-22.007765978282563,%22lon%22:-29.5234375%7D%7D%7D%5D&location_tag=world&mode=travel_and_stay&origin=25763&page=1&page_size=60&start_date=2019-03-24&type=top_destinations&user_id=32&user_preferences=%7B%22been%22:true,%22wish%22:true%7D&user_ui_id=ONuJOjrjpl HTTP/1.1" 204 0 "-" "Mozilla/5.0 (X11; Linux x86_64) AppleWebKit/537.36 (KHTML, like Gecko) Chrome/69.0.3497.100 Safari/537.36" "106.51.67.207" rt=0.000 ua="-" us="-" ut="-" ul="-" cs=-
172.68.144.229 - stay [19/Mar/2019:10:41:13 +0000] "POST /v1/get_details_package HTTP/1.1" 200 794 "-" "curl" "13.71.112.75" rt=2.149 ua="10.132.0.7:21015" us="200" ut="2.149" ul="794" cs=-
172.68.146.26 - stay [19/Mar/2019:10:41:13 +0000] "POST /v1/get_details_package HTTP/1.1" 200 795 "-" "curl" "13.71.112.75" rt=2.172 ua="10.132.0.7:21015" us="200" ut="2.172" ul="795" cs=-
162.158.167.132 - metripping [19/Mar/2019:10:41:14 +0000] "GET /search_api?activity_tag=relax&adults=1&children=0&end_date=2019-03-29&infants=0&location_filter=%5B%7B%22geo_bounding_box%22:%7B%22top_right%22:%7B%22lat%22:60.81089195910265,%22lon%22:155.046875%7D,%22bottom_left%22:%7B%22lat%22:-22.007765978282563,%22lon%22:-29.5234375%7D%7D%7D%5D&location_tag=world&mode=travel_and_stay&origin=25763&page=1&page_size=60&start_date=2019-03-24&type=top_destinations&user_id=32&user_preferences=%7B%22been%22:true,%22wish%22:true%7D&user_ui_id=ONuJOjrjpl HTTP/1.1" 200 5087 "http://localhost:3333/profile/" "Mozilla/5.0 (X11; Linux x86_64) AppleWebKit/537.36 (KHTML, like Gecko) Chrome/69.0.3497.100 Safari/537.36" "106.51.67.207" rt=4.041 ua="10.132.0.7:21015" us="200" ut="4.041" ul="24836" cs=-
172.68.146.212 - stay [19/Mar/2019:10:41:22 +0000] "POST /v1/get_details_package HTTP/1.1" 200 794 "-" "curl" "13.71.112.75" rt=0.560 ua="10.132.0.7:21015" us="200" ut="0.560" ul="794" cs=-
162.158.165.70 - stay [19/Mar/2019:10:41:22 +0000] "POST /v1/get_details_package HTTP/1.1" 200 795 "-" "curl" "13.71.112.75" rt=0.587 ua="10.132.0.7:21015" us="200" ut="0.587" ul="795" cs=-
172.69.135.148 - stay [19/Mar/2019:10:41:31 +0000] "POST /v1/get_details_package HTTP/1.1" 200 794 "-" "curl" "13.71.112.75" rt=0.663 ua="10.132.0.7:21015" us="200" ut="0.663" ul="794" cs=-
172.69.135.160 - stay [19/Mar/2019:10:41:31 +0000] "POST /v1/get_details_package HTTP/1.1" 200 795 "-" "curl" "13.71.112.75" rt=0.795 ua="10.132.0.7:21015" us="200" ut="0.795" ul="795" cs=-
172.69.134.99 - stay [19/Mar/2019:10:41:41 +0000] "POST /v1/get_details_package HTTP/1.1" 200 794 "-" "curl" "13.71.112.75" rt=0.543 ua="10.132.0.7:21015" us="200" ut="0.543" ul="794" cs=-
162.158.166.239 - stay [19/Mar/2019:10:41:41 +0000] "POST /v1/get_details_package HTTP/1.1" 200 795 "-" "curl" "13.71.112.75" rt=0.556 ua="10.132.0.7:21015" us="200" ut="0.556" ul="795" cs=-
162.158.167.96 - stay [19/Mar/2019:10:41:51 +0000] "POST /v1/get_details_package HTTP/1.1" 200 795 "-" "curl" "13.71.112.75" rt=0.476 ua="10.132.0.7:21015" us="200" ut="0.476" ul="795" cs=-
162.158.165.116 - stay [19/Mar/2019:10:41:51 +0000] "POST /v1/get_details_package HTTP/1.1" 200 794 "-" "curl" "13.71.112.75" rt=0.593 ua="10.132.0.7:21015" us="200" ut="0.593" ul="794" cs=-
162.158.166.239 - stay [19/Mar/2019:10:42:01 +0000] "POST /v1/get_details_package HTTP/1.1" 200 794 "-" "curl" "13.71.112.75" rt=0.591 ua="10.132.0.7:21015" us="200" ut="0.591" ul="794" cs=-
172.69.135.148 - stay [19/Mar/2019:10:42:01 +0000] "POST /v1/get_details_package HTTP/1.1" 200 795 "-" "curl" "13.71.112.75" rt=0.606 ua="10.132.0.7:21015" us="200" ut="0.606" ul="795" cs=-
172.69.134.81 - stay [19/Mar/2019:10:42:11 +0000] "POST /v1/get_details_package HTTP/1.1" 200 795 "-" "curl" "13.71.112.75" rt=0.552 ua="10.132.0.7:21015" us="200" ut="0.552" ul="795" cs=-
172.69.134.201 - stay [19/Mar/2019:10:42:11 +0000] "POST /v1/get_details_package HTTP/1.1" 200 794 "-" "curl" "13.71.112.75" rt=0.659 ua="10.132.0.7:21015" us="200" ut="0.659" ul="794" cs=-
172.69.134.27 - stay [19/Mar/2019:10:42:21 +0000] "POST /v1/get_details_package HTTP/1.1" 200 795 "-" "curl" "13.71.112.75" rt=0.366 ua="10.132.0.7:21015" us="200" ut="0.366" ul="795" cs=-
172.69.134.201 - stay [19/Mar/2019:10:42:21 +0000] "POST /v1/get_details_package HTTP/1.1" 200 794 "-" "curl" "13.71.112.75" rt=0.693 ua="10.132.0.7:21015" us="200" ut="0.693" ul="794" cs=-
172.68.146.212 - stay [19/Mar/2019:10:42:31 +0000] "POST /v1/get_details_package HTTP/1.1" 200 795 "-" "curl" "13.71.112.75" rt=0.525 ua="10.132.0.7:21015" us="200" ut="0.525" ul="795" cs=-
162.158.165.70 - stay [19/Mar/2019:10:42:31 +0000] "POST /v1/get_details_package HTTP/1.1" 200 794 "-" "curl" "13.71.112.75" rt=0.774 ua="10.132.0.7:21015" us="200" ut="0.774" ul="794" cs=-
162.158.165.116 - stay [19/Mar/2019:10:42:41 +0000] "POST /v1/get_details_package HTTP/1.1" 200 795 "-" "curl" "13.71.112.75" rt=0.520 ua="10.132.0.7:21015" us="200" ut="0.520" ul="795" cs=-
162.158.167.96 - stay [19/Mar/2019:10:42:41 +0000] "POST /v1/get_details_package HTTP/1.1" 200 794 "-" "curl" "13.71.112.75" rt=0.460 ua="10.132.0.7:21015" us="200" ut="0.460" ul="794" cs=-
172.68.146.26 - stay [19/Mar/2019:10:42:51 +0000] "POST /v1/get_details_package HTTP/1.1" 200 794 "-" "curl" "13.71.112.75" rt=0.743 ua="10.132.0.7:21015" us="200" ut="0.743" ul="794" cs=-
172.69.135.160 - stay [19/Mar/2019:10:42:51 +0000] "POST /v1/get_details_package HTTP/1.1" 200 795 "-" "curl" "13.71.112.75" rt=0.788 ua="10.132.0.7:21015" us="200" ut="0.788" ul="795" cs=-
172.69.134.177 - stay [19/Mar/2019:10:43:01 +0000] "POST /v1/get_details_package HTTP/1.1" 200 794 "-" "curl" "13.71.112.75" rt=0.555 ua="10.132.0.7:21015" us="200" ut="0.555" ul="794" cs=-
172.68.146.74 - stay [19/Mar/2019:10:43:01 +0000] "POST /v1/get_details_package HTTP/1.1" 200 795 "-" "curl" "13.71.112.75" rt=0.657 ua="10.132.0.7:21015" us="200" ut="0.657" ul="795" cs=-
172.68.146.212 - stay [19/Mar/2019:10:43:11 +0000] "POST /v1/get_details_package HTTP/1.1" 200 794 "-" "curl" "13.71.112.75" rt=0.498 ua="10.132.0.7:21015" us="200" ut="0.498" ul="794" cs=-
162.158.167.132 - stay [19/Mar/2019:10:43:11 +0000] "POST /v1/get_details_package HTTP/1.1" 200 795 "-" "curl" "13.71.112.75" rt=0.445 ua="10.132.0.7:21015" us="200" ut="0.445" ul="795" cs=-
172.69.134.201 - stay [19/Mar/2019:10:43:21 +0000] "POST /v1/get_details_package HTTP/1.1" 200 795 "-" "curl" "13.71.112.75" rt=0.557 ua="10.132.0.7:21015" us="200" ut="0.557" ul="795" cs=-
162.158.165.70 - stay [19/Mar/2019:10:43:21 +0000] "POST /v1/get_details_package HTTP/1.1" 200 816 "-" "curl" "13.71.112.75" rt=0.423 ua="10.132.0.7:21015" us="200" ut="0.423" ul="816" cs=-
172.68.146.74 - stay [19/Mar/2019:10:43:31 +0000] "POST /v1/get_details_package HTTP/1.1" 200 794 "-" "curl" "13.71.112.75" rt=0.420 ua="10.132.0.7:21015" us="200" ut="0.420" ul="794" cs=-
172.69.134.177 - stay [19/Mar/2019:10:43:31 +0000] "POST /v1/get_details_package HTTP/1.1" 200 795 "-" "curl" "13.71.112.75" rt=0.642 ua="10.132.0.7:21015" us="200" ut="0.642" ul="795" cs=-
172.69.134.99 - stay [19/Mar/2019:10:43:41 +0000] "POST /v1/get_details_package HTTP/1.1" 200 795 "-" "curl" "13.71.112.75" rt=0.612 ua="10.132.0.7:21015" us="200" ut="0.612" ul="795" cs=-
162.158.166.239 - stay [19/Mar/2019:10:43:41 +0000] "POST /v1/get_details_package HTTP/1.1" 200 794 "-" "curl" "13.71.112.75" rt=0.627 ua="10.132.0.7:21015" us="200" ut="0.627" ul="794" cs=-
162.158.165.116 - stay [19/Mar/2019:10:43:51 +0000] "POST /v1/get_details_package HTTP/1.1" 200 795 "-" "curl" "13.71.112.75" rt=0.509 ua="10.132.0.7:21015" us="200" ut="0.509" ul="795" cs=-
162.158.167.132 - - [19/Mar/2019:10:43:51 +0000] "GET / HTTP/1.1" 200 6993 "-" "Mozilla/5.0 (X11; Linux x86_64) AppleWebKit/537.36 (KHTML, like Gecko) Chrome/69.0.3497.100 Safari/537.36" "106.51.67.207" rt=0.039 ua="unix:///tmp/MetrippingWeb.sock" us="200" ut="0.039" ul="20686" cs=-
162.158.167.96 - stay [19/Mar/2019:10:43:51 +0000] "POST /v1/get_details_package HTTP/1.1" 200 794 "-" "curl" "13.71.112.75" rt=0.594 ua="10.132.0.7:21015" us="200" ut="0.594" ul="794" cs=-
162.158.167.132 - metripping [19/Mar/2019:10:43:52 +0000] "GET /check_auth/?broadcast=false&user_ui_id=ONuJOjrjpl&utm_profile=0 HTTP/1.1" 200 2912 "https://staging.metripping.com/" "Mozilla/5.0 (X11; Linux x86_64) AppleWebKit/537.36 (KHTML, like Gecko) Chrome/69.0.3497.100 Safari/537.36" "106.51.67.207" rt=0.045 ua="unix:///tmp/MetrippingWeb.sock" us="200" ut="0.045" ul="40897" cs=-
162.158.167.132 - metripping [19/Mar/2019:10:43:53 +0000] "POST /getorder/ HTTP/1.1" 200 488 "https://staging.metripping.com/search/trips" "Mozilla/5.0 (X11; Linux x86_64) AppleWebKit/537.36 (KHTML, like Gecko) Chrome/69.0.3497.100 Safari/537.36" "106.51.67.207" rt=0.029 ua="unix:///tmp/MetrippingWeb.sock" us="200" ut="0.029" ul="2289" cs=-
162.158.167.204 - - [19/Mar/2019:10:43:53 +0000] "GET /firebase-messaging-sw.js HTTP/1.1" 200 878 "https://staging.metripping.com/firebase-messaging-sw.js" "Mozilla/5.0 (X11; Linux x86_64) AppleWebKit/537.36 (KHTML, like Gecko) Chrome/69.0.3497.100 Safari/537.36" "106.51.67.207" rt=0.003 ua="unix:///tmp/MetrippingWeb.sock" us="200" ut="0.003" ul="1800" cs=-
162.158.167.132 - metripping [19/Mar/2019:10:43:54 +0000] "POST /add_token/ HTTP/1.1" 200 47 "https://staging.metripping.com/search/trips" "Mozilla/5.0 (X11; Linux x86_64) AppleWebKit/537.36 (KHTML, like Gecko) Chrome/69.0.3497.100 Safari/537.36" "106.51.67.207" rt=0.017 ua="unix:///tmp/MetrippingWeb.sock" us="200" ut="0.017" ul="16" cs=-
162.158.166.173 - - [19/Mar/2019:10:43:54 +0000] "GET /img/map.png HTTP/1.1" 404 2214 "https://staging.metripping.com/static//css/common.min.css" "Mozilla/5.0 (X11; Linux x86_64) AppleWebKit/537.36 (KHTML, like Gecko) Chrome/69.0.3497.100 Safari/537.36" "106.51.67.207" rt=0.014 ua="unix:///tmp/MetrippingWeb.sock" us="404" ut="0.014" ul="13341" cs=-
162.158.167.132 - - [19/Mar/2019:10:43:56 +0000] "GET /profile/ HTTP/1.1" 200 6993 "https://staging.metripping.com/search/trips" "Mozilla/5.0 (X11; Linux x86_64) AppleWebKit/537.36 (KHTML, like Gecko) Chrome/69.0.3497.100 Safari/537.36" "106.51.67.207" rt=0.037 ua="unix:///tmp/MetrippingWeb.sock" us="200" ut="0.037" ul="20686" cs=-
162.158.165.172 - - [19/Mar/2019:10:43:56 +0000] "GET /serviceworker.js HTTP/1.1" 200 682 "https://staging.metripping.com/serviceworker.js" "Mozilla/5.0 (X11; Linux x86_64) AppleWebKit/537.36 (KHTML, like Gecko) Chrome/69.0.3497.100 Safari/537.36" "106.51.67.207" rt=0.003 ua="unix:///tmp/MetrippingWeb.sock" us="200" ut="0.003" ul="2634" cs=-
162.158.167.132 - metripping [19/Mar/2019:10:43:57 +0000] "GET /check_auth/?broadcast=false&user_ui_id=ONuJOjrjpl&utm_profile=0 HTTP/1.1" 200 2912 "https://staging.metripping.com/profile/" "Mozilla/5.0 (X11; Linux x86_64) AppleWebKit/537.36 (KHTML, like Gecko) Chrome/69.0.3497.100 Safari/537.36" "106.51.67.207" rt=0.071 ua="unix:///tmp/MetrippingWeb.sock" us="200" ut="0.071" ul="40897" cs=-
162.158.167.132 - metripping [19/Mar/2019:10:43:59 +0000] "POST /getorder/ HTTP/1.1" 200 488 "https://staging.metripping.com/profile/" "Mozilla/5.0 (X11; Linux x86_64) AppleWebKit/537.36 (KHTML, like Gecko) Chrome/69.0.3497.100 Safari/537.36" "106.51.67.207" rt=0.029 ua="unix:///tmp/MetrippingWeb.sock" us="200" ut="0.029" ul="2289" cs=-
162.158.167.132 - metripping [19/Mar/2019:10:43:59 +0000] "POST /add_token/ HTTP/1.1" 200 47 "https://staging.metripping.com/profile/" "Mozilla/5.0 (X11; Linux x86_64) AppleWebKit/537.36 (KHTML, like Gecko) Chrome/69.0.3497.100 Safari/537.36" "106.51.67.207" rt=0.017 ua="unix:///tmp/MetrippingWeb.sock" us="200" ut="0.017" ul="16" cs=-
162.158.167.204 - - [19/Mar/2019:10:43:59 +0000] "GET /firebase-messaging-sw.js HTTP/1.1" 200 878 "https://staging.metripping.com/firebase-messaging-sw.js" "Mozilla/5.0 (X11; Linux x86_64) AppleWebKit/537.36 (KHTML, like Gecko) Chrome/69.0.3497.100 Safari/537.36" "106.51.67.207" rt=0.003 ua="unix:///tmp/MetrippingWeb.sock" us="200" ut="0.003" ul="1800" cs=-
162.158.165.172 - - [19/Mar/2019:10:44:01 +0000] "GET /serviceworker.js HTTP/1.1" 200 682 "https://staging.metripping.com/serviceworker.js" "Mozilla/5.0 (X11; Linux x86_64) AppleWebKit/537.36 (KHTML, like Gecko) Chrome/69.0.3497.100 Safari/537.36" "106.51.67.207" rt=0.647 ua="unix:///tmp/MetrippingWeb.sock" us="200" ut="0.647" ul="2634" cs=-
162.158.167.132 - metripping [19/Mar/2019:10:44:01 +0000] "POST /get_location_stats HTTP/1.1" 200 155 "https://staging.metripping.com/profile/" "Mozilla/5.0 (X11; Linux x86_64) AppleWebKit/537.36 (KHTML, like Gecko) Chrome/69.0.3497.100 Safari/537.36" "106.51.67.207" rt=0.759 ua="10.132.0.7:21015" us="200" ut="0.759" ul="155" cs=-
162.158.166.239 - stay [19/Mar/2019:10:44:02 +0000] "POST /v1/get_details_package HTTP/1.1" 200 794 "-" "curl" "13.71.112.75" rt=1.305 ua="10.132.0.7:21015" us="200" ut="1.305" ul="794" cs=-
172.69.62.100 - - [19/Mar/2019:10:44:02 +0000] "GET /user_prof/share/1552992242/ONuJOjrjpl HTTP/1.1" 200 6937 "-" "facebookexternalhit/1.1 (+http://www.facebook.com/externalhit_uatext.php)" "2a03:2880:20ff:7:0:0:face:b00c" rt=0.031 ua="unix:///tmp/MetrippingWeb.sock" us="200" ut="0.031" ul="20228" cs=-
172.69.134.99 - stay [19/Mar/2019:10:44:02 +0000] "POST /v1/get_details_package HTTP/1.1" 200 795 "-" "curl" "13.71.112.75" rt=1.564 ua="10.132.0.7:21015" us="200" ut="1.564" ul="795" cs=-
162.158.167.132 - metripping [19/Mar/2019:10:44:03 +0000] "POST /user_prof/update_world_traveled/ HTTP/1.1" 200 158 "https://staging.metripping.com/profile/" "Mozilla/5.0 (X11; Linux x86_64) AppleWebKit/537.36 (KHTML, like Gecko) Chrome/69.0.3497.100 Safari/537.36" "106.51.67.207" rt=0.908 ua="unix:///tmp/MetrippingWeb.sock" us="200" ut="0.908" ul="153" cs=-
162.158.167.132 - metripping [19/Mar/2019:10:44:03 +0000] "POST /location_details_ui HTTP/1.1" 200 227934 "https://staging.metripping.com/profile/" "Mozilla/5.0 (X11; Linux x86_64) AppleWebKit/537.36 (KHTML, like Gecko) Chrome/69.0.3497.100 Safari/537.36" "106.51.67.207" rt=2.192 ua="10.132.0.7:21015" us="200" ut="1.620" ul="1014691" cs=-
162.158.167.132 - metripping [19/Mar/2019:10:44:03 +0000] "GET /search_api?activity_tag=relax&adults=1&children=0&end_date=2019-03-29&infants=0&location_tag=world&mode=travel_and_stay&origin=25763&page=1&page_size=60&start_date=2019-03-24&type=top_destinations&user_id=32&user_preferences=%7B%22been%22:false,%22wish%22:true%7D&user_ui_id=ONuJOjrjpl HTTP/1.1" 200 5058 "https://staging.metripping.com/profile/" "Mozilla/5.0 (X11; Linux x86_64) AppleWebKit/537.36 (KHTML, like Gecko) Chrome/69.0.3497.100 Safari/537.36" "106.51.67.207" rt=2.073 ua="10.132.0.7:21015" us="200" ut="2.073" ul="23522" cs=-
162.158.167.132 - metripping [19/Mar/2019:10:44:04 +0000] "POST /location_details_ui HTTP/1.1" 200 227934 "https://staging.metripping.com/profile/" "Mozilla/5.0 (X11; Linux x86_64) AppleWebKit/537.36 (KHTML, like Gecko) Chrome/69.0.3497.100 Safari/537.36" "106.51.67.207" rt=3.010 ua="10.132.0.7:21015" us="200" ut="2.152" ul="1014691" cs=-
162.158.167.132 - metripping [19/Mar/2019:10:44:06 +0000] "GET /search_api?activity_tag=relax&adults=1&children=0&end_date=2019-03-29&infants=0&location_filter=%5B%7B%22geo_bounding_box%22:%7B%22top_right%22:%7B%22lat%22:66.90269695293213,%22lon%22:171.921875%7D,%22bottom_left%22:%7B%22lat%22:-39.150106407404756,%22lon%22:-17.921875%7D%7D%7D%5D&location_tag=world&mode=travel_and_stay&origin=25763&page=1&page_size=60&start_date=2019-03-24&type=top_destinations&user_id=32&user_preferences=%7B%22been%22:true,%22wish%22:true%7D&user_ui_id=ONuJOjrjpl HTTP/1.1" 200 5092 "https://staging.metripping.com/profile/" "Mozilla/5.0 (X11; Linux x86_64) AppleWebKit/537.36 (KHTML, like Gecko) Chrome/69.0.3497.100 Safari/537.36" "106.51.67.207" rt=2.947 ua="10.132.0.7:21015" us="200" ut="2.947" ul="24827" cs=-
162.158.165.116 - stay [19/Mar/2019:10:44:11 +0000] "POST /v1/get_details_package HTTP/1.1" 200 794 "-" "curl" "13.71.112.75" rt=0.593 ua="10.132.0.7:21015" us="200" ut="0.593" ul="794" cs=-
172.69.134.177 - stay [19/Mar/2019:10:44:11 +0000] "POST /v1/get_details_package HTTP/1.1" 200 795 "-" "curl" "13.71.112.75" rt=0.529 ua="10.132.0.7:21015" us="200" ut="0.529" ul="795" cs=-
172.69.134.201 - stay [19/Mar/2019:10:44:21 +0000] "POST /v1/get_details_package HTTP/1.1" 200 795 "-" "curl" "13.71.112.75" rt=0.494 ua="10.132.0.7:21015" us="200" ut="0.494" ul="795" cs=-
172.69.134.27 - stay [19/Mar/2019:10:44:21 +0000] "POST /v1/get_details_package HTTP/1.1" 200 794 "-" "curl" "13.71.112.75" rt=0.619 ua="10.132.0.7:21015" us="200" ut="0.619" ul="794" cs=-
162.158.167.96 - stay [19/Mar/2019:10:44:31 +0000] "POST /v1/get_details_package HTTP/1.1" 200 794 "-" "curl" "13.71.112.75" rt=0.580 ua="10.132.0.7:21015" us="200" ut="0.580" ul="794" cs=-
172.68.146.74 - stay [19/Mar/2019:10:44:31 +0000] "POST /v1/get_details_package HTTP/1.1" 200 817 "-" "curl" "13.71.112.75" rt=0.728 ua="10.132.0.7:21015" us="200" ut="0.728" ul="817" cs=-
172.69.134.201 - stay [19/Mar/2019:10:44:41 +0000] "POST /v1/get_details_package HTTP/1.1" 200 794 "-" "curl" "13.71.112.75" rt=0.484 ua="10.132.0.7:21015" us="200" ut="0.484" ul="794" cs=-
172.69.134.27 - stay [19/Mar/2019:10:44:41 +0000] "POST /v1/get_details_package HTTP/1.1" 200 795 "-" "curl" "13.71.112.75" rt=0.605 ua="10.132.0.7:21015" us="200" ut="0.605" ul="795" cs=-
172.69.134.27 - stay [19/Mar/2019:10:44:52 +0000] "POST /v1/get_details_package HTTP/1.1" 200 794 "-" "curl" "13.71.112.75" rt=0.839 ua="10.132.0.7:21015" us="200" ut="0.839" ul="794" cs=-
172.68.144.229 - stay [19/Mar/2019:10:44:52 +0000] "POST /v1/get_details_package HTTP/1.1" 200 795 "-" "curl" "13.71.112.75" rt=0.833 ua="10.132.0.7:21015" us="200" ut="0.833" ul="795" cs=-
172.69.134.99 - stay [19/Mar/2019:10:45:01 +0000] "POST /v1/get_details_package HTTP/1.1" 200 794 "-" "curl" "13.71.112.75" rt=0.487 ua="10.132.0.7:21015" us="200" ut="0.487" ul="794" cs=-
172.69.134.27 - stay [19/Mar/2019:10:45:01 +0000] "POST /v1/get_details_package HTTP/1.1" 200 795 "-" "curl" "13.71.112.75" rt=0.402 ua="10.132.0.7:21015" us="200" ut="0.402" ul="795" cs=-
162.158.167.132 - stay [19/Mar/2019:10:45:12 +0000] "POST /v1/get_details_package HTTP/1.1" 200 794 "-" "curl" "13.71.112.75" rt=0.789 ua="10.132.0.7:21015" us="200" ut="0.789" ul="794" cs=-
172.69.134.81 - stay [19/Mar/2019:10:45:12 +0000] "POST /v1/get_details_package HTTP/1.1" 200 795 "-" "curl" "13.71.112.75" rt=0.804 ua="10.132.0.7:21015" us="200" ut="0.804" ul="795" cs=-
172.68.146.26 - stay [19/Mar/2019:10:45:21 +0000] "POST /v1/get_details_package HTTP/1.1" 200 795 "-" "curl" "13.71.112.75" rt=0.466 ua="10.132.0.7:21015" us="200" ut="0.466" ul="795" cs=-
172.68.144.229 - stay [19/Mar/2019:10:45:21 +0000] "POST /v1/get_details_package HTTP/1.1" 200 794 "-" "curl" "13.71.112.75" rt=0.594 ua="10.132.0.7:21015" us="200" ut="0.594" ul="794" cs=-
172.69.134.177 - - [19/Mar/2019:10:45:30 +0000] "OPTIONS /check_auth/?broadcast=false&user_ui_id=ONuJOjrjpl&utm_profile=0 HTTP/1.1" 204 0 "-" "Mozilla/5.0 (X11; Linux x86_64) AppleWebKit/537.36 (KHTML, like Gecko) Chrome/69.0.3497.100 Safari/537.36" "106.51.67.207" rt=0.000 ua="-" us="-" ut="-" ul="-" cs=-
172.69.134.177 - - [19/Mar/2019:10:45:30 +0000] "OPTIONS /get_location_group_data?group_types=all HTTP/1.1" 204 0 "-" "Mozilla/5.0 (X11; Linux x86_64) AppleWebKit/537.36 (KHTML, like Gecko) Chrome/69.0.3497.100 Safari/537.36" "106.51.67.207" rt=0.000 ua="-" us="-" ut="-" ul="-" cs=-
162.158.167.132 - metripping [19/Mar/2019:10:45:30 +0000] "GET /check_auth/?broadcast=false&user_ui_id=ONuJOjrjpl&utm_profile=0 HTTP/1.1" 200 2913 "http://localhost:3333/profile/" "Mozilla/5.0 (X11; Linux x86_64) AppleWebKit/537.36 (KHTML, like Gecko) Chrome/69.0.3497.100 Safari/537.36" "106.51.67.207" rt=0.067 ua="unix:///tmp/MetrippingWeb.sock" us="200" ut="0.067" ul="40897" cs=-
162.158.165.70 - stay [19/Mar/2019:10:45:31 +0000] "POST /v1/get_details_package HTTP/1.1" 200 795 "-" "curl" "13.71.112.75" rt=0.487 ua="10.132.0.7:21015" us="200" ut="0.487" ul="795" cs=-
172.69.134.177 - - [19/Mar/2019:10:45:31 +0000] "OPTIONS /getorder/ HTTP/1.1" 204 0 "-" "Mozilla/5.0 (X11; Linux x86_64) AppleWebKit/537.36 (KHTML, like Gecko) Chrome/69.0.3497.100 Safari/537.36" "106.51.67.207" rt=0.000 ua="-" us="-" ut="-" ul="-" cs=-
172.68.146.212 - stay [19/Mar/2019:10:45:31 +0000] "POST /v1/get_details_package HTTP/1.1" 200 794 "-" "curl" "13.71.112.75" rt=0.623 ua="10.132.0.7:21015" us="200" ut="0.623" ul="794" cs=-
162.158.167.132 - metripping [19/Mar/2019:10:45:32 +0000] "POST /getorder/ HTTP/1.1" 200 488 "http://localhost:3333/profile/" "Mozilla/5.0 (X11; Linux x86_64) AppleWebKit/537.36 (KHTML, like Gecko) Chrome/69.0.3497.100 Safari/537.36" "106.51.67.207" rt=0.039 ua="unix:///tmp/MetrippingWeb.sock" us="200" ut="0.039" ul="2289" cs=-
172.69.134.177 - - [19/Mar/2019:10:45:33 +0000] "OPTIONS /location_details_ui HTTP/1.1" 204 0 "-" "Mozilla/5.0 (X11; Linux x86_64) AppleWebKit/537.36 (KHTML, like Gecko) Chrome/69.0.3497.100 Safari/537.36" "106.51.67.207" rt=0.000 ua="-" us="-" ut="-" ul="-" cs=-
172.69.134.177 - - [19/Mar/2019:10:45:33 +0000] "OPTIONS /location_details_ui HTTP/1.1" 204 0 "-" "Mozilla/5.0 (X11; Linux x86_64) AppleWebKit/537.36 (KHTML, like Gecko) Chrome/69.0.3497.100 Safari/537.36" "106.51.67.207" rt=0.000 ua="-" us="-" ut="-" ul="-" cs=-
172.69.134.177 - - [19/Mar/2019:10:45:33 +0000] "OPTIONS /search_api?activity_tag=relax&adults=1&children=0&end_date=2019-03-29&infants=0&location_tag=world&mode=travel_and_stay&origin=25763&page=1&page_size=60&start_date=2019-03-24&type=top_destinations&user_id=32&user_preferences=%7B%22been%22:false,%22wish%22:true%7D&user_ui_id=ONuJOjrjpl HTTP/1.1" 204 0 "-" "Mozilla/5.0 (X11; Linux x86_64) AppleWebKit/537.36 (KHTML, like Gecko) Chrome/69.0.3497.100 Safari/537.36" "106.51.67.207" rt=0.000 ua="-" us="-" ut="-" ul="-" cs=-
162.158.167.132 - metripping [19/Mar/2019:10:45:36 +0000] "POST /location_details_ui HTTP/1.1" 200 227934 "http://localhost:3333/profile/" "Mozilla/5.0 (X11; Linux x86_64) AppleWebKit/537.36 (KHTML, like Gecko) Chrome/69.0.3497.100 Safari/537.36" "106.51.67.207" rt=2.014 ua="10.132.0.7:21015" us="200" ut="1.442" ul="1014691" cs=-
162.158.167.132 - metripping [19/Mar/2019:10:45:36 +0000] "GET /search_api?activity_tag=relax&adults=1&children=0&end_date=2019-03-29&infants=0&location_tag=world&mode=travel_and_stay&origin=25763&page=1&page_size=60&start_date=2019-03-24&type=top_destinations&user_id=32&user_preferences=%7B%22been%22:false,%22wish%22:true%7D&user_ui_id=ONuJOjrjpl HTTP/1.1" 200 5058 "http://localhost:3333/profile/" "Mozilla/5.0 (X11; Linux x86_64) AppleWebKit/537.36 (KHTML, like Gecko) Chrome/69.0.3497.100 Safari/537.36" "106.51.67.207" rt=1.980 ua="10.132.0.7:21015" us="200" ut="1.980" ul="23522" cs=-
162.158.167.132 - metripping [19/Mar/2019:10:45:36 +0000] "POST /location_details_ui HTTP/1.1" 200 227934 "http://localhost:3333/profile/" "Mozilla/5.0 (X11; Linux x86_64) AppleWebKit/537.36 (KHTML, like Gecko) Chrome/69.0.3497.100 Safari/537.36" "106.51.67.207" rt=2.028 ua="10.132.0.7:21015" us="200" ut="1.464" ul="1014691" cs=-
172.69.134.177 - - [19/Mar/2019:10:45:37 +0000] "OPTIONS /search_api?activity_tag=relax&adults=1&children=0&end_date=2019-03-29&infants=0&location_filter=%5B%7B%22geo_bounding_box%22:%7B%22top_right%22:%7B%22lat%22:76.8649241082939,%22lon%22:180%7D,%22bottom_left%22:%7B%22lat%22:-60.01190691432012,%22lon%22:-180%7D%7D%7D%5D&location_tag=world&mode=travel_and_stay&origin=25763&page=1&page_size=60&start_date=2019-03-24&type=top_destinations&user_id=32&user_preferences=%7B%22been%22:true,%22wish%22:true%7D&user_ui_id=ONuJOjrjpl HTTP/1.1" 204 0 "-" "Mozilla/5.0 (X11; Linux x86_64) AppleWebKit/537.36 (KHTML, like Gecko) Chrome/69.0.3497.100 Safari/537.36" "106.51.67.207" rt=0.000 ua="-" us="-" ut="-" ul="-" cs=-
162.158.167.132 - metripping [19/Mar/2019:10:45:39 +0000] "GET /search_api?activity_tag=relax&adults=1&children=0&end_date=2019-03-29&infants=0&location_filter=%5B%7B%22geo_bounding_box%22:%7B%22top_right%22:%7B%22lat%22:76.8649241082939,%22lon%22:180%7D,%22bottom_left%22:%7B%22lat%22:-60.01190691432012,%22lon%22:-180%7D%7D%7D%5D&location_tag=world&mode=travel_and_stay&origin=25763&page=1&page_size=60&start_date=2019-03-24&type=top_destinations&user_id=32&user_preferences=%7B%22been%22:true,%22wish%22:true%7D&user_ui_id=ONuJOjrjpl HTTP/1.1" 200 5186 "http://localhost:3333/profile/" "Mozilla/5.0 (X11; Linux x86_64) AppleWebKit/537.36 (KHTML, like Gecko) Chrome/69.0.3497.100 Safari/537.36" "106.51.67.207" rt=2.101 ua="10.132.0.7:21015" us="200" ut="2.101" ul="24986" cs=-
172.69.135.160 - stay [19/Mar/2019:10:45:42 +0000] "POST /v1/get_details_package HTTP/1.1" 200 795 "-" "curl" "13.71.112.75" rt=0.717 ua="10.132.0.7:21015" us="200" ut="0.717" ul="795" cs=-
172.69.135.148 - stay [19/Mar/2019:10:45:42 +0000] "POST /v1/get_details_package HTTP/1.1" 200 794 "-" "curl" "13.71.112.75" rt=0.732 ua="10.132.0.7:21015" us="200" ut="0.732" ul="794" cs=-
162.158.166.239 - stay [19/Mar/2019:10:45:51 +0000] "POST /v1/get_details_package HTTP/1.1" 200 794 "-" "curl" "13.71.112.75" rt=0.604 ua="10.132.0.7:21015" us="200" ut="0.604" ul="794" cs=-
172.69.134.99 - stay [19/Mar/2019:10:45:51 +0000] "POST /v1/get_details_package HTTP/1.1" 200 795 "-" "curl" "13.71.112.75" rt=0.620 ua="10.132.0.7:21015" us="200" ut="0.620" ul="795" cs=-
162.158.167.96 - stay [19/Mar/2019:10:46:01 +0000] "POST /v1/get_details_package HTTP/1.1" 200 795 "-" "curl" "13.71.112.75" rt=0.549 ua="10.132.0.7:21015" us="200" ut="0.549" ul="795" cs=-
162.158.165.116 - stay [19/Mar/2019:10:46:01 +0000] "POST /v1/get_details_package HTTP/1.1" 200 794 "-" "curl" "13.71.112.75" rt=0.565 ua="10.132.0.7:21015" us="200" ut="0.565" ul="794" cs=-
172.69.135.148 - stay [19/Mar/2019:10:46:11 +0000] "POST /v1/get_details_package HTTP/1.1" 200 795 "-" "curl" "13.71.112.75" rt=0.677 ua="10.132.0.7:21015" us="200" ut="0.677" ul="795" cs=-
162.158.166.239 - stay [19/Mar/2019:10:46:11 +0000] "POST /v1/get_details_package HTTP/1.1" 200 794 "-" "curl" "13.71.112.75" rt=0.620 ua="10.132.0.7:21015" us="200" ut="0.620" ul="794" cs=-
172.69.134.201 - stay [19/Mar/2019:10:46:21 +0000] "POST /v1/get_details_package HTTP/1.1" 200 794 "-" "curl" "13.71.112.75" rt=0.652 ua="10.132.0.7:21015" us="200" ut="0.652" ul="794" cs=-
172.69.134.81 - stay [19/Mar/2019:10:46:21 +0000] "POST /v1/get_details_package HTTP/1.1" 200 795 "-" "curl" "13.71.112.75" rt=0.669 ua="10.132.0.7:21015" us="200" ut="0.669" ul="795" cs=-
162.158.166.239 - stay [19/Mar/2019:10:46:32 +0000] "POST /v1/get_details_package HTTP/1.1" 200 795 "-" "curl" "13.71.112.75" rt=0.714 ua="10.132.0.7:21015" us="200" ut="0.714" ul="795" cs=-
172.69.134.99 - stay [19/Mar/2019:10:46:32 +0000] "POST /v1/get_details_package HTTP/1.1" 200 794 "-" "curl" "13.71.112.75" rt=0.725 ua="10.132.0.7:21015" us="200" ut="0.725" ul="794" cs=-
162.158.165.70 - stay [19/Mar/2019:10:46:41 +0000] "POST /v1/get_details_package HTTP/1.1" 200 795 "-" "curl" "13.71.112.75" rt=0.449 ua="10.132.0.7:21015" us="200" ut="0.449" ul="795" cs=-
172.68.146.212 - stay [19/Mar/2019:10:46:41 +0000] "POST /v1/get_details_package HTTP/1.1" 200 794 "-" "curl" "13.71.112.75" rt=0.593 ua="10.132.0.7:21015" us="200" ut="0.593" ul="794" cs=-
162.158.167.96 - stay [19/Mar/2019:10:46:51 +0000] "POST /v1/get_details_package HTTP/1.1" 200 794 "-" "curl" "13.71.112.75" rt=0.467 ua="10.132.0.7:21015" us="200" ut="0.467" ul="794" cs=-
162.158.165.116 - stay [19/Mar/2019:10:46:51 +0000] "POST /v1/get_details_package HTTP/1.1" 200 795 "-" "curl" "13.71.112.75" rt=0.638 ua="10.132.0.7:21015" us="200" ut="0.638" ul="795" cs=-
172.69.135.160 - stay [19/Mar/2019:10:47:01 +0000] "POST /v1/get_details_package HTTP/1.1" 200 795 "-" "curl" "13.71.112.75" rt=0.460 ua="10.132.0.7:21015" us="200" ut="0.460" ul="795" cs=-
172.68.146.26 - stay [19/Mar/2019:10:47:01 +0000] "POST /v1/get_details_package HTTP/1.1" 200 794 "-" "curl" "13.71.112.75" rt=0.593 ua="10.132.0.7:21015" us="200" ut="0.593" ul="794" cs=-
172.69.134.177 - - [19/Mar/2019:10:47:06 +0000] "OPTIONS /auto_complete?include_fields=filter,currency,group_type,image_url&mode=location,location_group&only_recommended_locations=0&text=mu HTTP/1.1" 204 0 "-" "Mozilla/5.0 (X11; Linux x86_64) AppleWebKit/537.36 (KHTML, like Gecko) Chrome/69.0.3497.100 Safari/537.36" "106.51.67.207" rt=0.000 ua="-" us="-" ut="-" ul="-" cs=-
162.158.167.132 - metripping [19/Mar/2019:10:47:06 +0000] "GET /auto_complete?include_fields=filter,currency,group_type,image_url&mode=location,location_group&only_recommended_locations=0&text=mu HTTP/1.1" 200 811 "http://localhost:3333/profile/" "Mozilla/5.0 (X11; Linux x86_64) AppleWebKit/537.36 (KHTML, like Gecko) Chrome/69.0.3497.100 Safari/537.36" "106.51.67.207" rt=0.057 ua="10.132.0.7:21015" us="200" ut="0.057" ul="2291" cs=-
172.69.134.177 - - [19/Mar/2019:10:47:08 +0000] "OPTIONS /auto_complete?include_fields=filter,currency,group_type,image_url&mode=location,location_group&only_recommended_locations=0&text=mumbai HTTP/1.1" 204 0 "-" "Mozilla/5.0 (X11; Linux x86_64) AppleWebKit/537.36 (KHTML, like Gecko) Chrome/69.0.3497.100 Safari/537.36" "106.51.67.207" rt=0.000 ua="-" us="-" ut="-" ul="-" cs=-
162.158.167.132 - metripping [19/Mar/2019:10:47:09 +0000] "GET /auto_complete?include_fields=filter,currency,group_type,image_url&mode=location,location_group&only_recommended_locations=0&text=mumbai HTTP/1.1" 200 318 "http://localhost:3333/profile/" "Mozilla/5.0 (X11; Linux x86_64) AppleWebKit/537.36 (KHTML, like Gecko) Chrome/69.0.3497.100 Safari/537.36" "106.51.67.207" rt=0.115 ua="10.132.0.7:21015" us="200" ut="0.115" ul="318" cs=-
172.69.134.177 - stay [19/Mar/2019:10:47:12 +0000] "POST /v1/get_details_package HTTP/1.1" 200 794 "-" "curl" "13.71.112.75" rt=0.685 ua="10.132.0.7:21015" us="200" ut="0.685" ul="794" cs=-
172.68.146.74 - stay [19/Mar/2019:10:47:12 +0000] "POST /v1/get_details_package HTTP/1.1" 200 795 "-" "curl" "13.71.112.75" rt=0.761 ua="10.132.0.7:21015" us="200" ut="0.761" ul="795" cs=-
172.68.146.212 - stay [19/Mar/2019:10:47:21 +0000] "POST /v1/get_details_package HTTP/1.1" 200 795 "-" "curl" "13.71.112.75" rt=0.478 ua="10.132.0.7:21015" us="200" ut="0.478" ul="795" cs=-
162.158.167.132 - stay [19/Mar/2019:10:47:21 +0000] "POST /v1/get_details_package HTTP/1.1" 200 794 "-" "curl" "13.71.112.75" rt=0.392 ua="10.132.0.7:21015" us="200" ut="0.392" ul="794" cs=-
193.232.106.88 - - [19/Mar/2019:10:47:23 +0000] "GET / HTTP/1.1" 200 20722 "-" "curl/7.35.0" "-" rt=0.037 ua="unix:///tmp/MetrippingWeb.sock" us="200" ut="0.037" ul="20686" cs=-
162.158.166.239 - stay [19/Mar/2019:10:47:32 +0000] "POST /v1/get_details_package HTTP/1.1" 200 794 "-" "curl" "13.71.112.75" rt=0.407 ua="10.132.0.7:21015" us="200" ut="0.407" ul="794" cs=-
172.69.134.99 - stay [19/Mar/2019:10:47:32 +0000] "POST /v1/get_details_package HTTP/1.1" 200 795 "-" "curl" "13.71.112.75" rt=0.536 ua="10.132.0.7:21015" us="200" ut="0.536" ul="795" cs=-
172.68.146.212 - metripping [19/Mar/2019:10:47:38 +0000] "POST /v1/search HTTP/1.1" 200 667 "-" "python-requests/2.19.0" "106.51.67.207" rt=0.505 ua="10.132.0.7:21015" us="200" ut="0.505" ul="1220" cs=-
162.158.165.116 - stay [19/Mar/2019:10:47:41 +0000] "POST /v1/get_details_package HTTP/1.1" 200 794 "-" "curl" "13.71.112.75" rt=0.562 ua="10.132.0.7:21015" us="200" ut="0.562" ul="794" cs=-
162.158.167.96 - stay [19/Mar/2019:10:47:42 +0000] "POST /v1/get_details_package HTTP/1.1" 200 795 "-" "curl" "13.71.112.75" rt=0.491 ua="10.132.0.7:21015" us="200" ut="0.491" ul="795" cs=-
172.68.146.212 - metripping [19/Mar/2019:10:47:48 +0000] "POST /v1/get_details_package HTTP/1.1" 200 2682 "-" "python-requests/2.19.0" "106.51.67.207" rt=0.040 ua="10.132.0.7:21015" us="200" ut="0.040" ul="10867" cs=-
162.158.167.96 - metripping [19/Mar/2019:10:47:50 +0000] "POST /v1/search HTTP/1.1" 200 628 "-" "python-requests/2.19.0" "106.51.67.207" rt=0.495 ua="10.132.0.7:21015" us="200" ut="0.495" ul="1144" cs=-
162.158.167.96 - stay [19/Mar/2019:10:47:52 +0000] "POST /v1/get_details_package HTTP/1.1" 200 794 "-" "curl" "13.71.112.75" rt=1.085 ua="10.132.0.7:21015" us="200" ut="1.085" ul="794" cs=-
162.158.165.116 - stay [19/Mar/2019:10:47:52 +0000] "POST /v1/get_details_package HTTP/1.1" 200 795 "-" "curl" "13.71.112.75" rt=0.798 ua="10.132.0.7:21015" us="200" ut="0.798" ul="795" cs=-
162.158.167.132 - stay [19/Mar/2019:10:48:02 +0000] "POST /v1/get_details_package HTTP/1.1" 200 795 "-" "curl" "13.71.112.75" rt=0.722 ua="10.132.0.7:21015" us="200" ut="0.722" ul="795" cs=-
172.69.135.148 - stay [19/Mar/2019:10:48:02 +0000] "POST /v1/get_details_package HTTP/1.1" 200 794 "-" "curl" "13.71.112.75" rt=0.674 ua="10.132.0.7:21015" us="200" ut="0.674" ul="794" cs=-
162.158.167.96 - metripping [19/Mar/2019:10:48:02 +0000] "POST /v1/get_details_package HTTP/1.1" 200 320773 "-" "python-requests/2.19.0" "106.51.67.207" rt=2.231 ua="10.132.0.7:21015" us="200" ut="1.373" ul="2213003" cs=-
172.69.134.27 - stay [19/Mar/2019:10:48:11 +0000] "POST /v1/get_details_package HTTP/1.1" 200 795 "-" "curl" "13.71.112.75" rt=0.384 ua="10.132.0.7:21015" us="200" ut="0.384" ul="795" cs=-
172.68.146.212 - stay [19/Mar/2019:10:48:12 +0000] "POST /v1/get_details_package HTTP/1.1" 200 794 "-" "curl" "13.71.112.75" rt=0.591 ua="10.132.0.7:21015" us="200" ut="0.591" ul="794" cs=-
172.69.134.99 - stay [19/Mar/2019:10:48:22 +0000] "POST /v1/get_details_package HTTP/1.1" 200 795 "-" "curl" "13.71.112.75" rt=0.775 ua="10.132.0.7:21015" us="200" ut="0.775" ul="795" cs=-
162.158.166.239 - stay [19/Mar/2019:10:48:22 +0000] "POST /v1/get_details_package HTTP/1.1" 200 816 "-" "curl" "13.71.112.75" rt=0.790 ua="10.132.0.7:21015" us="200" ut="0.790" ul="816" cs=-
162.158.165.116 - stay [19/Mar/2019:10:48:32 +0000] "POST /v1/get_details_package HTTP/1.1" 200 795 "-" "curl" "13.71.112.75" rt=0.768 ua="10.132.0.7:21015" us="200" ut="0.768" ul="795" cs=-
162.158.167.96 - stay [19/Mar/2019:10:48:32 +0000] "POST /v1/get_details_package HTTP/1.1" 200 794 "-" "curl" "13.71.112.75" rt=0.782 ua="10.132.0.7:21015" us="200" ut="0.782" ul="794" cs=-
172.69.134.201 - stay [19/Mar/2019:10:48:42 +0000] "POST /v1/get_details_package HTTP/1.1" 200 795 "-" "curl" "13.71.112.75" rt=0.443 ua="10.132.0.7:21015" us="200" ut="0.443" ul="795" cs=-
172.69.134.27 - stay [19/Mar/2019:10:48:42 +0000] "POST /v1/get_details_package HTTP/1.1" 200 794 "-" "curl" "13.71.112.75" rt=0.608 ua="10.132.0.7:21015" us="200" ut="0.608" ul="794" cs=-
162.158.165.70 - stay [19/Mar/2019:10:48:52 +0000] "POST /v1/get_details_package HTTP/1.1" 200 795 "-" "curl" "13.71.112.75" rt=0.393 ua="10.132.0.7:21015" us="200" ut="0.393" ul="795" cs=-
172.68.146.212 - stay [19/Mar/2019:10:48:52 +0000] "POST /v1/get_details_package HTTP/1.1" 200 794 "-" "curl" "13.71.112.75" rt=0.617 ua="10.132.0.7:21015" us="200" ut="0.617" ul="794" cs=-
172.69.134.201 - stay [19/Mar/2019:10:49:02 +0000] "POST /v1/get_details_package HTTP/1.1" 200 794 "-" "curl" "13.71.112.75" rt=0.564 ua="10.132.0.7:21015" us="200" ut="0.564" ul="794" cs=-
172.69.134.81 - stay [19/Mar/2019:10:49:02 +0000] "POST /v1/get_details_package HTTP/1.1" 200 795 "-" "curl" "13.71.112.75" rt=0.670 ua="10.132.0.7:21015" us="200" ut="0.670" ul="795" cs=-
172.68.146.26 - stay [19/Mar/2019:10:49:12 +0000] "POST /v1/get_details_package HTTP/1.1" 200 794 "-" "curl" "13.71.112.75" rt=0.695 ua="10.132.0.7:21015" us="200" ut="0.695" ul="794" cs=-
172.69.135.160 - stay [19/Mar/2019:10:49:12 +0000] "POST /v1/get_details_package HTTP/1.1" 200 795 "-" "curl" "13.71.112.75" rt=0.714 ua="10.132.0.7:21015" us="200" ut="0.714" ul="795" cs=-
172.68.146.212 - stay [19/Mar/2019:10:49:21 +0000] "POST /v1/get_details_package HTTP/1.1" 200 794 "-" "curl" "13.71.112.75" rt=0.615 ua="10.132.0.7:21015" us="200" ut="0.615" ul="794" cs=-
162.158.165.70 - stay [19/Mar/2019:10:49:22 +0000] "POST /v1/get_details_package HTTP/1.1" 200 795 "-" "curl" "13.71.112.75" rt=0.593 ua="10.132.0.7:21015" us="200" ut="0.593" ul="795" cs=-
172.68.146.212 - metripping [19/Mar/2019:10:49:28 +0000] "POST /v1/search HTTP/1.1" 200 667 "-" "python-requests/2.19.0" "106.51.67.207" rt=0.499 ua="10.132.0.7:21015" us="200" ut="0.499" ul="1220" cs=-
172.69.135.160 - stay [19/Mar/2019:10:49:32 +0000] "POST /v1/get_details_package HTTP/1.1" 200 795 "-" "curl" "13.71.112.75" rt=0.793 ua="10.132.0.7:21015" us="200" ut="0.793" ul="795" cs=-
172.69.135.148 - stay [19/Mar/2019:10:49:32 +0000] "POST /v1/get_details_package HTTP/1.1" 200 794 "-" "curl" "13.71.112.75" rt=0.844 ua="10.132.0.7:21015" us="200" ut="0.844" ul="794" cs=-
172.68.146.212 - metripping [19/Mar/2019:10:49:39 +0000] "POST /v1/get_details_package HTTP/1.1" 200 14615 "-" "python-requests/2.19.0" "106.51.67.207" rt=0.071 ua="10.132.0.7:21015" us="200" ut="0.071" ul="77386" cs=-
172.69.135.160 - metripping [19/Mar/2019:10:49:40 +0000] "POST /v1/search HTTP/1.1" 200 627 "-" "python-requests/2.19.0" "106.51.67.207" rt=0.502 ua="10.132.0.7:21015" us="200" ut="0.502" ul="1144" cs=-
172.69.134.177 - stay [19/Mar/2019:10:49:42 +0000] "POST /v1/get_details_package HTTP/1.1" 200 794 "-" "curl" "13.71.112.75" rt=1.110 ua="10.132.0.7:21015" us="200" ut="1.110" ul="794" cs=-
172.68.146.74 - stay [19/Mar/2019:10:49:42 +0000] "POST /v1/get_details_package HTTP/1.1" 200 817 "-" "curl" "13.71.112.75" rt=1.260 ua="10.132.0.7:21015" us="200" ut="1.260" ul="817" cs=-
162.158.165.116 - stay [19/Mar/2019:10:49:52 +0000] "POST /v1/get_details_package HTTP/1.1" 200 795 "-" "curl" "13.71.112.75" rt=0.996 ua="10.132.0.7:21015" us="200" ut="0.996" ul="795" cs=-
162.158.167.96 - stay [19/Mar/2019:10:49:52 +0000] "POST /v1/get_details_package HTTP/1.1" 200 794 "-" "curl" "13.71.112.75" rt=1.116 ua="10.132.0.7:21015" us="200" ut="1.116" ul="794" cs=-
172.69.135.160 - metripping [19/Mar/2019:10:49:53 +0000] "POST /v1/get_details_package HTTP/1.1" 200 380529 "-" "python-requests/2.19.0" "106.51.67.207" rt=2.481 ua="10.132.0.7:21015" us="200" ut="1.623" ul="2718123" cs=-
172.69.134.99 - stay [19/Mar/2019:10:50:02 +0000] "POST /v1/get_details_package HTTP/1.1" 200 794 "-" "curl" "13.71.112.75" rt=0.478 ua="10.132.0.7:21015" us="200" ut="0.478" ul="794" cs=-
162.158.166.239 - stay [19/Mar/2019:10:50:02 +0000] "POST /v1/get_details_package HTTP/1.1" 200 795 "-" "curl" "13.71.112.75" rt=0.597 ua="10.132.0.7:21015" us="200" ut="0.597" ul="795" cs=-
172.69.134.177 - - [19/Mar/2019:10:50:11 +0000] "OPTIONS /check_auth/?broadcast=false&user_ui_id=ONuJOjrjpl&utm_profile=0 HTTP/1.1" 204 0 "-" "Mozilla/5.0 (X11; Linux x86_64) AppleWebKit/537.36 (KHTML, like Gecko) Chrome/69.0.3497.100 Safari/537.36" "106.51.67.207" rt=0.000 ua="-" us="-" ut="-" ul="-" cs=-
172.69.134.177 - - [19/Mar/2019:10:50:12 +0000] "OPTIONS /get_location_group_data?group_types=all HTTP/1.1" 204 0 "-" "Mozilla/5.0 (X11; Linux x86_64) AppleWebKit/537.36 (KHTML, like Gecko) Chrome/69.0.3497.100 Safari/537.36" "106.51.67.207" rt=0.000 ua="-" us="-" ut="-" ul="-" cs=-
172.69.134.81 - stay [19/Mar/2019:10:50:12 +0000] "POST /v1/get_details_package HTTP/1.1" 200 795 "-" "curl" "13.71.112.75" rt=0.507 ua="10.132.0.7:21015" us="200" ut="0.507" ul="795" cs=-
162.158.167.132 - stay [19/Mar/2019:10:50:12 +0000] "POST /v1/get_details_package HTTP/1.1" 200 794 "-" "curl" "13.71.112.75" rt=0.662 ua="10.132.0.7:21015" us="200" ut="0.662" ul="794" cs=-
162.158.167.132 - metripping [19/Mar/2019:10:50:12 +0000] "GET /check_auth/?broadcast=false&user_ui_id=ONuJOjrjpl&utm_profile=0 HTTP/1.1" 200 2913 "http://localhost:3333/profile/" "Mozilla/5.0 (X11; Linux x86_64) AppleWebKit/537.36 (KHTML, like Gecko) Chrome/69.0.3497.100 Safari/537.36" "106.51.67.207" rt=0.049 ua="unix:///tmp/MetrippingWeb.sock" us="200" ut="0.049" ul="40897" cs=-
172.69.134.177 - - [19/Mar/2019:10:50:13 +0000] "OPTIONS /getorder/ HTTP/1.1" 204 0 "-" "Mozilla/5.0 (X11; Linux x86_64) AppleWebKit/537.36 (KHTML, like Gecko) Chrome/69.0.3497.100 Safari/537.36" "106.51.67.207" rt=0.000 ua="-" us="-" ut="-" ul="-" cs=-
162.158.167.132 - metripping [19/Mar/2019:10:50:14 +0000] "POST /getorder/ HTTP/1.1" 200 488 "http://localhost:3333/profile/" "Mozilla/5.0 (X11; Linux x86_64) AppleWebKit/537.36 (KHTML, like Gecko) Chrome/69.0.3497.100 Safari/537.36" "106.51.67.207" rt=0.029 ua="unix:///tmp/MetrippingWeb.sock" us="200" ut="0.029" ul="2289" cs=-
172.69.134.177 - - [19/Mar/2019:10:50:15 +0000] "OPTIONS /search_api?activity_tag=relax&adults=1&children=0&end_date=2019-03-29&infants=0&location_tag=world&mode=travel_and_stay&origin=25763&page=1&page_size=60&start_date=2019-03-24&type=top_destinations&user_id=32&user_preferences=%7B%22been%22:false,%22wish%22:true%7D&user_ui_id=ONuJOjrjpl HTTP/1.1" 204 0 "-" "Mozilla/5.0 (X11; Linux x86_64) AppleWebKit/537.36 (KHTML, like Gecko) Chrome/69.0.3497.100 Safari/537.36" "106.51.67.207" rt=0.000 ua="-" us="-" ut="-" ul="-" cs=-
172.69.134.177 - - [19/Mar/2019:10:50:15 +0000] "OPTIONS /location_details_ui HTTP/1.1" 204 0 "-" "Mozilla/5.0 (X11; Linux x86_64) AppleWebKit/537.36 (KHTML, like Gecko) Chrome/69.0.3497.100 Safari/537.36" "106.51.67.207" rt=0.000 ua="-" us="-" ut="-" ul="-" cs=-
172.69.134.177 - - [19/Mar/2019:10:50:15 +0000] "OPTIONS /location_details_ui HTTP/1.1" 204 0 "-" "Mozilla/5.0 (X11; Linux x86_64) AppleWebKit/537.36 (KHTML, like Gecko) Chrome/69.0.3497.100 Safari/537.36" "106.51.67.207" rt=0.000 ua="-" us="-" ut="-" ul="-" cs=-
162.158.167.132 - metripping [19/Mar/2019:10:50:16 +0000] "GET /search_api?activity_tag=relax&adults=1&children=0&end_date=2019-03-29&infants=0&location_tag=world&mode=travel_and_stay&origin=25763&page=1&page_size=60&start_date=2019-03-24&type=top_destinations&user_id=32&user_preferences=%7B%22been%22:false,%22wish%22:true%7D&user_ui_id=ONuJOjrjpl HTTP/1.1" 200 5058 "http://localhost:3333/profile/" "Mozilla/5.0 (X11; Linux x86_64) AppleWebKit/537.36 (KHTML, like Gecko) Chrome/69.0.3497.100 Safari/537.36" "106.51.67.207" rt=0.517 ua="10.132.0.7:21015" us="200" ut="0.517" ul="23522" cs=-
172.69.134.177 - - [19/Mar/2019:10:50:16 +0000] "OPTIONS /search_api?activity_tag=relax&adults=1&children=0&end_date=2019-03-29&infants=0&location_filter=%5B%7B%22geo_bounding_box%22:%7B%22top_right%22:%7B%22lat%22:76.8649241082939,%22lon%22:180%7D,%22bottom_left%22:%7B%22lat%22:-60.01190691432012,%22lon%22:-180%7D%7D%7D%5D&location_tag=world&mode=travel_and_stay&origin=25763&page=1&page_size=60&start_date=2019-03-24&type=top_destinations&user_id=32&user_preferences=%7B%22been%22:true,%22wish%22:true%7D&user_ui_id=ONuJOjrjpl HTTP/1.1" 204 0 "-" "Mozilla/5.0 (X11; Linux x86_64) AppleWebKit/537.36 (KHTML, like Gecko) Chrome/69.0.3497.100 Safari/537.36" "106.51.67.207" rt=0.000 ua="-" us="-" ut="-" ul="-" cs=-
162.158.167.132 - metripping [19/Mar/2019:10:50:18 +0000] "POST /location_details_ui HTTP/1.1" 200 227934 "http://localhost:3333/profile/" "Mozilla/5.0 (X11; Linux x86_64) AppleWebKit/537.36 (KHTML, like Gecko) Chrome/69.0.3497.100 Safari/537.36" "106.51.67.207" rt=2.106 ua="10.132.0.7:21015" us="200" ut="1.530" ul="1014691" cs=-
162.158.167.132 - metripping [19/Mar/2019:10:50:18 +0000] "POST /location_details_ui HTTP/1.1" 200 227934 "http://localhost:3333/profile/" "Mozilla/5.0 (X11; Linux x86_64) AppleWebKit/537.36 (KHTML, like Gecko) Chrome/69.0.3497.100 Safari/537.36" "106.51.67.207" rt=2.389 ua="10.132.0.7:21015" us="200" ut="1.814" ul="1014691" cs=-
162.158.167.132 - metripping [19/Mar/2019:10:50:20 +0000] "GET /search_api?activity_tag=relax&adults=1&children=0&end_date=2019-03-29&infants=0&location_filter=%5B%7B%22geo_bounding_box%22:%7B%22top_right%22:%7B%22lat%22:76.8649241082939,%22lon%22:180%7D,%22bottom_left%22:%7B%22lat%22:-60.01190691432012,%22lon%22:-180%7D%7D%7D%5D&location_tag=world&mode=travel_and_stay&origin=25763&page=1&page_size=60&start_date=2019-03-24&type=top_destinations&user_id=32&user_preferences=%7B%22been%22:true,%22wish%22:true%7D&user_ui_id=ONuJOjrjpl HTTP/1.1" 200 5186 "http://localhost:3333/profile/" "Mozilla/5.0 (X11; Linux x86_64) AppleWebKit/537.36 (KHTML, like Gecko) Chrome/69.0.3497.100 Safari/537.36" "106.51.67.207" rt=3.251 ua="10.132.0.7:21015" us="200" ut="3.251" ul="24986" cs=-
172.68.146.26 - stay [19/Mar/2019:10:50:22 +0000] "POST /v1/get_details_package HTTP/1.1" 200 795 "-" "curl" "13.71.112.75" rt=0.462 ua="10.132.0.7:21015" us="200" ut="0.462" ul="795" cs=-
172.68.144.229 - stay [19/Mar/2019:10:50:22 +0000] "POST /v1/get_details_package HTTP/1.1" 200 794 "-" "curl" "13.71.112.75" rt=0.586 ua="10.132.0.7:21015" us="200" ut="0.586" ul="794" cs=-
172.69.134.27 - stay [19/Mar/2019:10:50:32 +0000] "POST /v1/get_details_package HTTP/1.1" 200 794 "-" "curl" "13.71.112.75" rt=0.674 ua="10.132.0.7:21015" us="200" ut="0.674" ul="794" cs=-
172.68.144.229 - stay [19/Mar/2019:10:50:32 +0000] "POST /v1/get_details_package HTTP/1.1" 200 795 "-" "curl" "13.71.112.75" rt=0.688 ua="10.132.0.7:21015" us="200" ut="0.688" ul="795" cs=-
172.69.134.27 - stay [19/Mar/2019:10:50:41 +0000] "POST /v1/get_details_package HTTP/1.1" 200 795 "-" "curl" "13.71.112.75" rt=0.547 ua="10.132.0.7:21015" us="200" ut="0.547" ul="795" cs=-
172.69.134.201 - stay [19/Mar/2019:10:50:42 +0000] "POST /v1/get_details_package HTTP/1.1" 200 794 "-" "curl" "13.71.112.75" rt=0.579 ua="10.132.0.7:21015" us="200" ut="0.579" ul="794" cs=-
162.158.166.239 - stay [19/Mar/2019:10:50:52 +0000] "POST /v1/get_details_package HTTP/1.1" 200 794 "-" "curl" "13.71.112.75" rt=0.635 ua="10.132.0.7:21015" us="200" ut="0.635" ul="794" cs=-
172.69.134.99 - stay [19/Mar/2019:10:50:52 +0000] "POST /v1/get_details_package HTTP/1.1" 200 795 "-" "curl" "13.71.112.75" rt=0.727 ua="10.132.0.7:21015" us="200" ut="0.727" ul="795" cs=-
172.69.134.177 - stay [19/Mar/2019:10:51:01 +0000] "POST /v1/get_details_package HTTP/1.1" 200 794 "-" "curl" "13.71.112.75" rt=0.522 ua="10.132.0.7:21015" us="200" ut="0.522" ul="794" cs=-
172.68.146.74 - stay [19/Mar/2019:10:51:02 +0000] "POST /v1/get_details_package HTTP/1.1" 200 795 "-" "curl" "13.71.112.75" rt=0.441 ua="10.132.0.7:21015" us="200" ut="0.441" ul="795" cs=-
172.69.134.177 - stay [19/Mar/2019:10:51:12 +0000] "POST /v1/get_details_package HTTP/1.1" 200 795 "-" "curl" "13.71.112.75" rt=0.746 ua="10.132.0.7:21015" us="200" ut="0.746" ul="795" cs=-
172.68.146.74 - stay [19/Mar/2019:10:51:12 +0000] "POST /v1/get_details_package HTTP/1.1" 200 794 "-" "curl" "13.71.112.75" rt=0.792 ua="10.132.0.7:21015" us="200" ut="0.792" ul="794" cs=-
172.69.134.99 - stay [19/Mar/2019:10:51:22 +0000] "POST /v1/get_details_package HTTP/1.1" 200 795 "-" "curl" "13.71.112.75" rt=0.688 ua="10.132.0.7:21015" us="200" ut="0.688" ul="795" cs=-
162.158.166.239 - stay [19/Mar/2019:10:51:22 +0000] "POST /v1/get_details_package HTTP/1.1" 200 794 "-" "curl" "13.71.112.75" rt=0.692 ua="10.132.0.7:21015" us="200" ut="0.692" ul="794" cs=-
172.69.134.201 - stay [19/Mar/2019:10:51:32 +0000] "POST /v1/get_details_package HTTP/1.1" 200 795 "-" "curl" "13.71.112.75" rt=0.573 ua="10.132.0.7:21015" us="200" ut="0.573" ul="795" cs=-
162.158.165.70 - stay [19/Mar/2019:10:51:32 +0000] "POST /v1/get_details_package HTTP/1.1" 200 794 "-" "curl" "13.71.112.75" rt=0.589 ua="10.132.0.7:21015" us="200" ut="0.589" ul="794" cs=-
162.158.166.239 - stay [19/Mar/2019:10:51:42 +0000] "POST /v1/get_details_package HTTP/1.1" 200 794 "-" "curl" "13.71.112.75" rt=0.843 ua="10.132.0.7:21015" us="200" ut="0.843" ul="794" cs=-
172.69.134.99 - stay [19/Mar/2019:10:51:42 +0000] "POST /v1/get_details_package HTTP/1.1" 200 795 "-" "curl" "13.71.112.75" rt=0.855 ua="10.132.0.7:21015" us="200" ut="0.855" ul="795" cs=-
162.158.165.116 - stay [19/Mar/2019:10:51:52 +0000] "POST /v1/get_details_package HTTP/1.1" 200 795 "-" "curl" "13.71.112.75" rt=0.516 ua="10.132.0.7:21015" us="200" ut="0.516" ul="795" cs=-
162.158.167.96 - stay [19/Mar/2019:10:51:52 +0000] "POST /v1/get_details_package HTTP/1.1" 200 794 "-" "curl" "13.71.112.75" rt=0.641 ua="10.132.0.7:21015" us="200" ut="0.641" ul="794" cs=-
172.69.134.177 - - [19/Mar/2019:10:51:59 +0000] "OPTIONS /get_location_group_data?group_types=all HTTP/1.1" 204 0 "-" "Mozilla/5.0 (X11; Linux x86_64) AppleWebKit/537.36 (KHTML, like Gecko) Chrome/69.0.3497.100 Safari/537.36" "106.51.67.207" rt=0.000 ua="-" us="-" ut="-" ul="-" cs=-
172.69.134.177 - - [19/Mar/2019:10:51:59 +0000] "OPTIONS /check_auth/?broadcast=false&user_ui_id=ONuJOjrjpl&utm_profile=0 HTTP/1.1" 204 0 "-" "Mozilla/5.0 (X11; Linux x86_64) AppleWebKit/537.36 (KHTML, like Gecko) Chrome/69.0.3497.100 Safari/537.36" "106.51.67.207" rt=0.000 ua="-" us="-" ut="-" ul="-" cs=-
162.158.167.132 - metripping [19/Mar/2019:10:52:00 +0000] "GET /check_auth/?broadcast=false&user_ui_id=ONuJOjrjpl&utm_profile=0 HTTP/1.1" 200 2913 "http://localhost:3333/profile/" "Mozilla/5.0 (X11; Linux x86_64) AppleWebKit/537.36 (KHTML, like Gecko) Chrome/69.0.3497.100 Safari/537.36" "106.51.67.207" rt=0.058 ua="unix:///tmp/MetrippingWeb.sock" us="200" ut="0.058" ul="40897" cs=-
172.69.134.177 - - [19/Mar/2019:10:52:01 +0000] "OPTIONS /getorder/ HTTP/1.1" 204 0 "-" "Mozilla/5.0 (X11; Linux x86_64) AppleWebKit/537.36 (KHTML, like Gecko) Chrome/69.0.3497.100 Safari/537.36" "106.51.67.207" rt=0.000 ua="-" us="-" ut="-" ul="-" cs=-
162.158.165.116 - stay [19/Mar/2019:10:52:02 +0000] "POST /v1/get_details_package HTTP/1.1" 200 795 "-" "curl" "13.71.112.75" rt=0.513 ua="10.132.0.7:21015" us="200" ut="0.513" ul="795" cs=-
