172.69.134.177 - - [19/Mar/2019:11:22:16 +0000] "OPTIONS /check_auth/?broadcast=false&user_ui_id=ONuJOjrjpl&utm_profile=0 HTTP/1.1" 204 0 "-" "Mozilla/5.0 (X11; Linux x86_64) AppleWebKit/537.36 (KHTML, like Gecko) Chrome/69.0.3497.100 Safari/537.36" "106.51.67.207" rt=0.000 ua="-" us="-" ut="-" ul="-" cs=-
172.69.134.177 - - [19/Mar/2019:11:22:17 +0000] "OPTIONS /get_location_group_data?group_types=all HTTP/1.1" 204 0 "-" "Mozilla/5.0 (X11; Linux x86_64) AppleWebKit/537.36 (KHTML, like Gecko) Chrome/69.0.3497.100 Safari/537.36" "106.51.67.207" rt=0.000 ua="-" us="-" ut="-" ul="-" cs=-
162.158.167.132 - metripping [19/Mar/2019:11:22:17 +0000] "GET /check_auth/?broadcast=false&user_ui_id=ONuJOjrjpl&utm_profile=0 HTTP/1.1" 200 2926 "http://localhost:3333/profile/" "Mozilla/5.0 (X11; Linux x86_64) AppleWebKit/537.36 (KHTML, like Gecko) Chrome/69.0.3497.100 Safari/537.36" "106.51.67.207" rt=0.059 ua="unix:///tmp/MetrippingWeb.sock" us="200" ut="0.059" ul="40898" cs=-
172.69.134.177 - - [19/Mar/2019:11:22:18 +0000] "OPTIONS /getorder/ HTTP/1.1" 204 0 "-" "Mozilla/5.0 (X11; Linux x86_64) AppleWebKit/537.36 (KHTML, like Gecko) Chrome/69.0.3497.100 Safari/537.36" "106.51.67.207" rt=0.000 ua="-" us="-" ut="-" ul="-" cs=-
162.158.167.132 - metripping [19/Mar/2019:11:22:18 +0000] "POST /getorder/ HTTP/1.1" 200 488 "http://localhost:3333/profile/" "Mozilla/5.0 (X11; Linux x86_64) AppleWebKit/537.36 (KHTML, like Gecko) Chrome/69.0.3497.100 Safari/537.36" "106.51.67.207" rt=0.028 ua="unix:///tmp/MetrippingWeb.sock" us="200" ut="0.028" ul="2289" cs=-
172.69.134.177 - - [19/Mar/2019:11:22:20 +0000] "OPTIONS /location_details_ui HTTP/1.1" 204 0 "-" "Mozilla/5.0 (X11; Linux x86_64) AppleWebKit/537.36 (KHTML, like Gecko) Chrome/69.0.3497.100 Safari/537.36" "106.51.67.207" rt=0.000 ua="-" us="-" ut="-" ul="-" cs=-
172.69.134.177 - - [19/Mar/2019:11:22:20 +0000] "OPTIONS /search_api?activity_tag=relax&adults=1&children=0&end_date=2019-03-29&infants=0&location_tag=world&mode=travel_and_stay&origin=25763&page=1&page_size=60&start_date=2019-03-24&type=top_destinations&user_id=32&user_preferences=%7B%22been%22:false,%22wish%22:true%7D&user_ui_id=ONuJOjrjpl HTTP/1.1" 204 0 "-" "Mozilla/5.0 (X11; Linux x86_64) AppleWebKit/537.36 (KHTML, like Gecko) Chrome/69.0.3497.100 Safari/537.36" "106.51.67.207" rt=0.000 ua="-" us="-" ut="-" ul="-" cs=-
172.69.134.177 - - [19/Mar/2019:11:22:20 +0000] "OPTIONS /location_details_ui HTTP/1.1" 204 0 "-" "Mozilla/5.0 (X11; Linux x86_64) AppleWebKit/537.36 (KHTML, like Gecko) Chrome/69.0.3497.100 Safari/537.36" "106.51.67.207" rt=0.000 ua="-" us="-" ut="-" ul="-" cs=-
162.158.167.132 - metripping [19/Mar/2019:11:22:22 +0000] "POST /location_details_ui HTTP/1.1" 200 227934 "http://localhost:3333/profile/" "Mozilla/5.0 (X11; Linux x86_64) AppleWebKit/537.36 (KHTML, like Gecko) Chrome/69.0.3497.100 Safari/537.36" "106.51.67.207" rt=1.776 ua="10.132.0.7:21015" us="200" ut="1.776" ul="1014691" cs=-
162.158.167.132 - metripping [19/Mar/2019:11:22:23 +0000] "POST /location_details_ui HTTP/1.1" 200 227934 "http://localhost:3333/profile/" "Mozilla/5.0 (X11; Linux x86_64) AppleWebKit/537.36 (KHTML, like Gecko) Chrome/69.0.3497.100 Safari/537.36" "106.51.67.207" rt=2.402 ua="10.132.0.7:21015" us="200" ut="1.830" ul="1014691" cs=-
172.68.146.212 - stay [19/Mar/2019:11:22:23 +0000] "POST /v1/get_details_package HTTP/1.1" 200 794 "-" "curl" "13.71.112.75" rt=0.530 ua="10.132.0.7:21015" us="200" ut="0.530" ul="794" cs=-
162.158.165.70 - stay [19/Mar/2019:11:22:23 +0000] "POST /v1/get_details_package HTTP/1.1" 200 795 "-" "curl" "13.71.112.75" rt=0.785 ua="10.132.0.7:21015" us="200" ut="0.785" ul="795" cs=-
162.158.167.132 - metripping [19/Mar/2019:11:22:23 +0000] "GET /search_api?activity_tag=relax&adults=1&children=0&end_date=2019-03-29&infants=0&location_tag=world&mode=travel_and_stay&origin=25763&page=1&page_size=60&start_date=2019-03-24&type=top_destinations&user_id=32&user_preferences=%7B%22been%22:false,%22wish%22:true%7D&user_ui_id=ONuJOjrjpl HTTP/1.1" 200 5043 "http://localhost:3333/profile/" "Mozilla/5.0 (X11; Linux x86_64) AppleWebKit/537.36 (KHTML, like Gecko) Chrome/69.0.3497.100 Safari/537.36" "106.51.67.207" rt=3.016 ua="10.132.0.7:21015" us="200" ut="3.016" ul="23521" cs=-
172.69.134.177 - - [19/Mar/2019:11:22:24 +0000] "OPTIONS /search_api?activity_tag=relax&adults=1&children=0&end_date=2019-03-29&infants=0&location_filter=%5B%7B%22geo_bounding_box%22:%7B%22top_right%22:%7B%22lat%22:76.8649241082939,%22lon%22:180%7D,%22bottom_left%22:%7B%22lat%22:-60.01190691432012,%22lon%22:-180%7D%7D%7D%5D&location_tag=world&mode=travel_and_stay&origin=25763&page=1&page_size=60&start_date=2019-03-24&type=top_destinations&user_id=32&user_preferences=%7B%22been%22:true,%22wish%22:true%7D&user_ui_id=ONuJOjrjpl HTTP/1.1" 204 0 "-" "Mozilla/5.0 (X11; Linux x86_64) AppleWebKit/537.36 (KHTML, like Gecko) Chrome/69.0.3497.100 Safari/537.36" "106.51.67.207" rt=0.000 ua="-" us="-" ut="-" ul="-" cs=-
162.158.167.132 - metripping [19/Mar/2019:11:22:26 +0000] "GET /search_api?activity_tag=relax&adults=1&children=0&end_date=2019-03-29&infants=0&location_filter=%5B%7B%22geo_bounding_box%22:%7B%22top_right%22:%7B%22lat%22:76.8649241082939,%22lon%22:180%7D,%22bottom_left%22:%7B%22lat%22:-60.01190691432012,%22lon%22:-180%7D%7D%7D%5D&location_tag=world&mode=travel_and_stay&origin=25763&page=1&page_size=60&start_date=2019-03-24&type=top_destinations&user_id=32&user_preferences=%7B%22been%22:true,%22wish%22:true%7D&user_ui_id=ONuJOjrjpl HTTP/1.1" 200 5203 "http://localhost:3333/profile/" "Mozilla/5.0 (X11; Linux x86_64) AppleWebKit/537.36 (KHTML, like Gecko) Chrome/69.0.3497.100 Safari/537.36" "106.51.67.207" rt=2.128 ua="10.132.0.7:21015" us="200" ut="2.128" ul="24987" cs=-
172.69.134.177 - - [19/Mar/2019:11:22:30 +0000] "OPTIONS /add_likeddata/ HTTP/1.1" 204 0 "-" "Mozilla/5.0 (X11; Linux x86_64) AppleWebKit/537.36 (KHTML, like Gecko) Chrome/69.0.3497.100 Safari/537.36" "106.51.67.207" rt=0.000 ua="-" us="-" ut="-" ul="-" cs=-
172.69.134.177 - - [19/Mar/2019:11:22:30 +0000] "OPTIONS /location_details_ui HTTP/1.1" 204 0 "-" "Mozilla/5.0 (X11; Linux x86_64) AppleWebKit/537.36 (KHTML, like Gecko) Chrome/69.0.3497.100 Safari/537.36" "106.51.67.207" rt=0.000 ua="-" us="-" ut="-" ul="-" cs=-
162.158.167.132 - metripping [19/Mar/2019:11:22:30 +0000] "POST /add_likeddata/ HTTP/1.1" 200 47 "http://localhost:3333/profile/" "Mozilla/5.0 (X11; Linux x86_64) AppleWebKit/537.36 (KHTML, like Gecko) Chrome/69.0.3497.100 Safari/537.36" "106.51.67.207" rt=0.026 ua="unix:///tmp/MetrippingWeb.sock" us="200" ut="0.026" ul="16" cs=-
172.69.134.177 - - [19/Mar/2019:11:22:31 +0000] "OPTIONS /get_location_stats HTTP/1.1" 204 0 "-" "Mozilla/5.0 (X11; Linux x86_64) AppleWebKit/537.36 (KHTML, like Gecko) Chrome/69.0.3497.100 Safari/537.36" "106.51.67.207" rt=0.000 ua="-" us="-" ut="-" ul="-" cs=-
162.158.167.132 - metripping [19/Mar/2019:11:22:32 +0000] "POST /get_location_stats HTTP/1.1" 200 155 "http://localhost:3333/profile/" "Mozilla/5.0 (X11; Linux x86_64) AppleWebKit/537.36 (KHTML, like Gecko) Chrome/69.0.3497.100 Safari/537.36" "106.51.67.207" rt=0.029 ua="10.132.0.7:21015" us="200" ut="0.029" ul="155" cs=-
172.69.134.177 - - [19/Mar/2019:11:22:32 +0000] "OPTIONS /user_prof/update_world_traveled/ HTTP/1.1" 204 0 "-" "Mozilla/5.0 (X11; Linux x86_64) AppleWebKit/537.36 (KHTML, like Gecko) Chrome/69.0.3497.100 Safari/537.36" "106.51.67.207" rt=0.000 ua="-" us="-" ut="-" ul="-" cs=-
162.158.167.132 - metripping [19/Mar/2019:11:22:32 +0000] "POST /location_details_ui HTTP/1.1" 200 227934 "http://localhost:3333/profile/" "Mozilla/5.0 (X11; Linux x86_64) AppleWebKit/537.36 (KHTML, like Gecko) Chrome/69.0.3497.100 Safari/537.36" "106.51.67.207" rt=1.533 ua="10.132.0.7:21015" us="200" ut="0.975" ul="1014691" cs=-
172.69.54.51 - - [19/Mar/2019:11:22:33 +0000] "GET /user_prof/share/1552994552/ONuJOjrjpl HTTP/1.1" 200 6936 "-" "facebookexternalhit/1.1 (+http://www.facebook.com/externalhit_uatext.php)" "2a03:2880:30ff:a:0:0:face:b00c" rt=0.028 ua="unix:///tmp/MetrippingWeb.sock" us="200" ut="0.028" ul="20228" cs=-
162.158.167.96 - stay [19/Mar/2019:11:22:33 +0000] "POST /v1/get_details_package HTTP/1.1" 200 794 "-" "curl" "13.71.112.75" rt=0.709 ua="10.132.0.7:21015" us="200" ut="0.709" ul="794" cs=-
162.158.165.116 - stay [19/Mar/2019:11:22:33 +0000] "POST /v1/get_details_package HTTP/1.1" 200 795 "-" "curl" "13.71.112.75" rt=0.713 ua="10.132.0.7:21015" us="200" ut="0.713" ul="795" cs=-
162.158.167.132 - metripping [19/Mar/2019:11:22:34 +0000] "POST /user_prof/update_world_traveled/ HTTP/1.1" 200 158 "http://localhost:3333/profile/" "Mozilla/5.0 (X11; Linux x86_64) AppleWebKit/537.36 (KHTML, like Gecko) Chrome/69.0.3497.100 Safari/537.36" "106.51.67.207" rt=1.624 ua="unix:///tmp/MetrippingWeb.sock" us="200" ut="1.624" ul="153" cs=-
172.69.134.81 - stay [19/Mar/2019:11:22:43 +0000] "POST /v1/get_details_package HTTP/1.1" 200 794 "-" "curl" "13.71.112.75" rt=0.569 ua="10.132.0.7:21015" us="200" ut="0.569" ul="794" cs=-
172.68.146.26 - stay [19/Mar/2019:11:22:43 +0000] "POST /v1/get_details_package HTTP/1.1" 200 795 "-" "curl" "13.71.112.75" rt=0.562 ua="10.132.0.7:21015" us="200" ut="0.562" ul="795" cs=-
172.69.135.160 - stay [19/Mar/2019:11:22:53 +0000] "POST /v1/get_details_package HTTP/1.1" 200 795 "-" "curl" "13.71.112.75" rt=0.409 ua="10.132.0.7:21015" us="200" ut="0.409" ul="795" cs=-
172.68.144.229 - stay [19/Mar/2019:11:22:53 +0000] "POST /v1/get_details_package HTTP/1.1" 200 794 "-" "curl" "13.71.112.75" rt=0.537 ua="10.132.0.7:21015" us="200" ut="0.537" ul="794" cs=-
162.158.166.239 - stay [19/Mar/2019:11:23:03 +0000] "POST /v1/get_details_package HTTP/1.1" 200 795 "-" "curl" "13.71.112.75" rt=0.708 ua="10.132.0.7:21015" us="200" ut="0.708" ul="795" cs=-
162.158.167.96 - stay [19/Mar/2019:11:23:03 +0000] "POST /v1/get_details_package HTTP/1.1" 200 794 "-" "curl" "13.71.112.75" rt=0.731 ua="10.132.0.7:21015" us="200" ut="0.731" ul="794" cs=-
162.158.165.116 - stay [19/Mar/2019:11:23:13 +0000] "POST /v1/get_details_package HTTP/1.1" 200 795 "-" "curl" "13.71.112.75" rt=0.531 ua="10.132.0.7:21015" us="200" ut="0.531" ul="795" cs=-
172.69.134.99 - stay [19/Mar/2019:11:23:13 +0000] "POST /v1/get_details_package HTTP/1.1" 200 794 "-" "curl" "13.71.112.75" rt=0.680 ua="10.132.0.7:21015" us="200" ut="0.680" ul="794" cs=-
172.69.134.99 - stay [19/Mar/2019:11:23:23 +0000] "POST /v1/get_details_package HTTP/1.1" 200 795 "-" "curl" "13.71.112.75" rt=0.694 ua="10.132.0.7:21015" us="200" ut="0.694" ul="795" cs=-
162.158.166.239 - stay [19/Mar/2019:11:23:23 +0000] "POST /v1/get_details_package HTTP/1.1" 200 794 "-" "curl" "13.71.112.75" rt=0.708 ua="10.132.0.7:21015" us="200" ut="0.708" ul="794" cs=-
162.158.167.132 - stay [19/Mar/2019:11:23:33 +0000] "POST /v1/get_details_package HTTP/1.1" 200 795 "-" "curl" "13.71.112.75" rt=0.445 ua="10.132.0.7:21015" us="200" ut="0.445" ul="795" cs=-
172.69.135.148 - stay [19/Mar/2019:11:23:33 +0000] "POST /v1/get_details_package HTTP/1.1" 200 794 "-" "curl" "13.71.112.75" rt=0.465 ua="10.132.0.7:21015" us="200" ut="0.465" ul="794" cs=-
172.68.146.26 - stay [19/Mar/2019:11:23:43 +0000] "POST /v1/get_details_package HTTP/1.1" 200 795 "-" "curl" "13.71.112.75" rt=0.445 ua="10.132.0.7:21015" us="200" ut="0.445" ul="795" cs=-
172.69.135.160 - stay [19/Mar/2019:11:23:43 +0000] "POST /v1/get_details_package HTTP/1.1" 200 794 "-" "curl" "13.71.112.75" rt=0.571 ua="10.132.0.7:21015" us="200" ut="0.571" ul="794" cs=-
162.158.166.239 - stay [19/Mar/2019:11:23:53 +0000] "POST /v1/get_details_package HTTP/1.1" 200 794 "-" "curl" "13.71.112.75" rt=0.634 ua="10.132.0.7:21015" us="200" ut="0.634" ul="794" cs=-
172.69.134.99 - stay [19/Mar/2019:11:23:53 +0000] "POST /v1/get_details_package HTTP/1.1" 200 795 "-" "curl" "13.71.112.75" rt=0.652 ua="10.132.0.7:21015" us="200" ut="0.652" ul="795" cs=-
162.158.165.70 - stay [19/Mar/2019:11:24:03 +0000] "POST /v1/get_details_package HTTP/1.1" 200 795 "-" "curl" "13.71.112.75" rt=0.485 ua="10.132.0.7:21015" us="200" ut="0.485" ul="795" cs=-
172.68.146.212 - stay [19/Mar/2019:11:24:03 +0000] "POST /v1/get_details_package HTTP/1.1" 200 794 "-" "curl" "13.71.112.75" rt=0.603 ua="10.132.0.7:21015" us="200" ut="0.603" ul="794" cs=-
162.158.165.70 - stay [19/Mar/2019:11:24:13 +0000] "POST /v1/get_details_package HTTP/1.1" 200 795 "-" "curl" "13.71.112.75" rt=0.443 ua="10.132.0.7:21015" us="200" ut="0.443" ul="795" cs=-
172.68.146.212 - stay [19/Mar/2019:11:24:13 +0000] "POST /v1/get_details_package HTTP/1.1" 200 794 "-" "curl" "13.71.112.75" rt=0.562 ua="10.132.0.7:21015" us="200" ut="0.562" ul="794" cs=-
172.68.146.74 - stay [19/Mar/2019:11:24:23 +0000] "POST /v1/get_details_package HTTP/1.1" 200 795 "-" "curl" "13.71.112.75" rt=0.821 ua="10.132.0.7:21015" us="200" ut="0.821" ul="795" cs=-
162.158.165.116 - stay [19/Mar/2019:11:24:23 +0000] "POST /v1/get_details_package HTTP/1.1" 200 794 "-" "curl" "13.71.112.75" rt=0.841 ua="10.132.0.7:21015" us="200" ut="0.841" ul="794" cs=-
162.158.167.96 - stay [19/Mar/2019:11:24:33 +0000] "POST /v1/get_details_package HTTP/1.1" 200 795 "-" "curl" "13.71.112.75" rt=0.431 ua="10.132.0.7:21015" us="200" ut="0.431" ul="795" cs=-
172.69.134.177 - stay [19/Mar/2019:11:24:33 +0000] "POST /v1/get_details_package HTTP/1.1" 200 816 "-" "curl" "13.71.112.75" rt=0.602 ua="10.132.0.7:21015" us="200" ut="0.602" ul="816" cs=-
162.158.166.239 - stay [19/Mar/2019:11:24:43 +0000] "POST /v1/get_details_package HTTP/1.1" 200 794 "-" "curl" "13.71.112.75" rt=0.466 ua="10.132.0.7:21015" us="200" ut="0.466" ul="794" cs=-
172.69.134.99 - stay [19/Mar/2019:11:24:43 +0000] "POST /v1/get_details_package HTTP/1.1" 200 795 "-" "curl" "13.71.112.75" rt=0.387 ua="10.132.0.7:21015" us="200" ut="0.387" ul="795" cs=-
172.69.135.148 - stay [19/Mar/2019:11:24:53 +0000] "POST /v1/get_details_package HTTP/1.1" 200 794 "-" "curl" "13.71.112.75" rt=0.688 ua="10.132.0.7:21015" us="200" ut="0.688" ul="794" cs=-
162.158.167.132 - stay [19/Mar/2019:11:24:53 +0000] "POST /v1/get_details_package HTTP/1.1" 200 795 "-" "curl" "13.71.112.75" rt=0.715 ua="10.132.0.7:21015" us="200" ut="0.715" ul="795" cs=-
172.69.134.81 - stay [19/Mar/2019:11:25:03 +0000] "POST /v1/get_details_package HTTP/1.1" 200 795 "-" "curl" "13.71.112.75" rt=0.443 ua="10.132.0.7:21015" us="200" ut="0.443" ul="795" cs=-
162.158.166.239 - stay [19/Mar/2019:11:25:03 +0000] "POST /v1/get_details_package HTTP/1.1" 200 794 "-" "curl" "13.71.112.75" rt=0.558 ua="10.132.0.7:21015" us="200" ut="0.558" ul="794" cs=-
172.69.134.201 - stay [19/Mar/2019:11:25:13 +0000] "POST /v1/get_details_package HTTP/1.1" 200 794 "-" "curl" "13.71.112.75" rt=0.606 ua="10.132.0.7:21015" us="200" ut="0.606" ul="794" cs=-
172.69.134.27 - stay [19/Mar/2019:11:25:13 +0000] "POST /v1/get_details_package HTTP/1.1" 200 795 "-" "curl" "13.71.112.75" rt=0.755 ua="10.132.0.7:21015" us="200" ut="0.755" ul="795" cs=-
172.69.134.177 - - [19/Mar/2019:11:25:18 +0000] "OPTIONS /check_auth/?broadcast=false&user_ui_id=ONuJOjrjpl&utm_profile=0 HTTP/1.1" 204 0 "-" "Mozilla/5.0 (X11; Linux x86_64) AppleWebKit/537.36 (KHTML, like Gecko) Chrome/69.0.3497.100 Safari/537.36" "106.51.67.207" rt=0.000 ua="-" us="-" ut="-" ul="-" cs=-
172.69.134.177 - - [19/Mar/2019:11:25:18 +0000] "OPTIONS /get_location_group_data?group_types=all HTTP/1.1" 204 0 "-" "Mozilla/5.0 (X11; Linux x86_64) AppleWebKit/537.36 (KHTML, like Gecko) Chrome/69.0.3497.100 Safari/537.36" "106.51.67.207" rt=0.000 ua="-" us="-" ut="-" ul="-" cs=-
162.158.167.132 - metripping [19/Mar/2019:11:25:18 +0000] "GET /check_auth/?broadcast=false&user_ui_id=ONuJOjrjpl&utm_profile=0 HTTP/1.1" 200 2935 "http://localhost:3333/profile/" "Mozilla/5.0 (X11; Linux x86_64) AppleWebKit/537.36 (KHTML, like Gecko) Chrome/69.0.3497.100 Safari/537.36" "106.51.67.207" rt=0.052 ua="unix:///tmp/MetrippingWeb.sock" us="200" ut="0.052" ul="40897" cs=-
162.158.167.132 - metripping [19/Mar/2019:11:25:19 +0000] "GET /get_location_group_data?group_types=all HTTP/1.1" 200 15712 "http://localhost:3333/profile/" "Mozilla/5.0 (X11; Linux x86_64) AppleWebKit/537.36 (KHTML, like Gecko) Chrome/69.0.3497.100 Safari/537.36" "106.51.67.207" rt=0.460 ua="10.132.0.7:21015" us="200" ut="0.460" ul="91683" cs=-
172.69.134.177 - - [19/Mar/2019:11:25:20 +0000] "OPTIONS /getorder/ HTTP/1.1" 204 0 "-" "Mozilla/5.0 (X11; Linux x86_64) AppleWebKit/537.36 (KHTML, like Gecko) Chrome/69.0.3497.100 Safari/537.36" "106.51.67.207" rt=0.000 ua="-" us="-" ut="-" ul="-" cs=-
162.158.167.132 - metripping [19/Mar/2019:11:25:20 +0000] "POST /getorder/ HTTP/1.1" 200 488 "http://localhost:3333/profile/" "Mozilla/5.0 (X11; Linux x86_64) AppleWebKit/537.36 (KHTML, like Gecko) Chrome/69.0.3497.100 Safari/537.36" "106.51.67.207" rt=0.032 ua="unix:///tmp/MetrippingWeb.sock" us="200" ut="0.032" ul="2289" cs=-
172.69.134.177 - - [19/Mar/2019:11:25:22 +0000] "OPTIONS /location_details_ui HTTP/1.1" 204 0 "-" "Mozilla/5.0 (X11; Linux x86_64) AppleWebKit/537.36 (KHTML, like Gecko) Chrome/69.0.3497.100 Safari/537.36" "106.51.67.207" rt=0.000 ua="-" us="-" ut="-" ul="-" cs=-
172.69.134.177 - - [19/Mar/2019:11:25:22 +0000] "OPTIONS /location_details_ui HTTP/1.1" 204 0 "-" "Mozilla/5.0 (X11; Linux x86_64) AppleWebKit/537.36 (KHTML, like Gecko) Chrome/69.0.3497.100 Safari/537.36" "106.51.67.207" rt=0.000 ua="-" us="-" ut="-" ul="-" cs=-
172.69.134.177 - - [19/Mar/2019:11:25:22 +0000] "OPTIONS /search_api?activity_tag=relax&adults=1&children=0&end_date=2019-03-29&infants=0&location_tag=world&mode=travel_and_stay&origin=25763&page=1&page_size=60&start_date=2019-03-24&type=top_destinations&user_id=32&user_preferences=%7B%22been%22:false,%22wish%22:true%7D&user_ui_id=ONuJOjrjpl HTTP/1.1" 204 0 "-" "Mozilla/5.0 (X11; Linux x86_64) AppleWebKit/537.36 (KHTML, like Gecko) Chrome/69.0.3497.100 Safari/537.36" "106.51.67.207" rt=0.000 ua="-" us="-" ut="-" ul="-" cs=-
172.69.134.177 - stay [19/Mar/2019:11:25:23 +0000] "POST /v1/get_details_package HTTP/1.1" 200 795 "-" "curl" "13.71.112.75" rt=1.224 ua="10.132.0.7:21015" us="200" ut="1.224" ul="795" cs=-
172.68.144.229 - stay [19/Mar/2019:11:25:23 +0000] "POST /v1/get_details_package HTTP/1.1" 200 794 "-" "curl" "13.71.112.75" rt=0.957 ua="10.132.0.7:21015" us="200" ut="0.957" ul="794" cs=-
162.158.167.132 - metripping [19/Mar/2019:11:25:24 +0000] "GET /search_api?activity_tag=relax&adults=1&children=0&end_date=2019-03-29&infants=0&location_tag=world&mode=travel_and_stay&origin=25763&page=1&page_size=60&start_date=2019-03-24&type=top_destinations&user_id=32&user_preferences=%7B%22been%22:false,%22wish%22:true%7D&user_ui_id=ONuJOjrjpl HTTP/1.1" 200 5043 "http://localhost:3333/profile/" "Mozilla/5.0 (X11; Linux x86_64) AppleWebKit/537.36 (KHTML, like Gecko) Chrome/69.0.3497.100 Safari/537.36" "106.51.67.207" rt=1.961 ua="10.132.0.7:21015" us="200" ut="1.961" ul="23521" cs=-
162.158.167.132 - metripping [19/Mar/2019:11:25:24 +0000] "POST /location_details_ui HTTP/1.1" 200 227934 "http://localhost:3333/profile/" "Mozilla/5.0 (X11; Linux x86_64) AppleWebKit/537.36 (KHTML, like Gecko) Chrome/69.0.3497.100 Safari/537.36" "106.51.67.207" rt=2.334 ua="10.132.0.7:21015" us="200" ut="1.470" ul="1014691" cs=-
162.158.167.132 - metripping [19/Mar/2019:11:25:25 +0000] "POST /location_details_ui HTTP/1.1" 200 227934 "http://localhost:3333/profile/" "Mozilla/5.0 (X11; Linux x86_64) AppleWebKit/537.36 (KHTML, like Gecko) Chrome/69.0.3497.100 Safari/537.36" "106.51.67.207" rt=2.051 ua="10.132.0.7:21015" us="200" ut="1.486" ul="1014691" cs=-
172.69.134.177 - - [19/Mar/2019:11:25:25 +0000] "OPTIONS /search_api?activity_tag=relax&adults=1&children=0&end_date=2019-03-29&infants=0&location_filter=%5B%7B%22geo_bounding_box%22:%7B%22top_right%22:%7B%22lat%22:76.8649241082939,%22lon%22:180%7D,%22bottom_left%22:%7B%22lat%22:-60.01190691432012,%22lon%22:-180%7D%7D%7D%5D&location_tag=world&mode=travel_and_stay&origin=25763&page=1&page_size=60&start_date=2019-03-24&type=top_destinations&user_id=32&user_preferences=%7B%22been%22:true,%22wish%22:true%7D&user_ui_id=ONuJOjrjpl HTTP/1.1" 204 0 "-" "Mozilla/5.0 (X11; Linux x86_64) AppleWebKit/537.36 (KHTML, like Gecko) Chrome/69.0.3497.100 Safari/537.36" "106.51.67.207" rt=0.000 ua="-" us="-" ut="-" ul="-" cs=-
162.158.167.132 - metripping [19/Mar/2019:11:25:28 +0000] "GET /search_api?activity_tag=relax&adults=1&children=0&end_date=2019-03-29&infants=0&location_filter=%5B%7B%22geo_bounding_box%22:%7B%22top_right%22:%7B%22lat%22:76.8649241082939,%22lon%22:180%7D,%22bottom_left%22:%7B%22lat%22:-60.01190691432012,%22lon%22:-180%7D%7D%7D%5D&location_tag=world&mode=travel_and_stay&origin=25763&page=1&page_size=60&start_date=2019-03-24&type=top_destinations&user_id=32&user_preferences=%7B%22been%22:true,%22wish%22:true%7D&user_ui_id=ONuJOjrjpl HTTP/1.1" 200 5195 "http://localhost:3333/profile/" "Mozilla/5.0 (X11; Linux x86_64) AppleWebKit/537.36 (KHTML, like Gecko) Chrome/69.0.3497.100 Safari/537.36" "106.51.67.207" rt=2.061 ua="10.132.0.7:21015" us="200" ut="2.061" ul="24986" cs=-
172.69.134.27 - stay [19/Mar/2019:11:25:33 +0000] "POST /v1/get_details_package HTTP/1.1" 200 794 "-" "curl" "13.71.112.75" rt=0.528 ua="10.132.0.7:21015" us="200" ut="0.528" ul="794" cs=-
172.69.134.201 - stay [19/Mar/2019:11:25:33 +0000] "POST /v1/get_details_package HTTP/1.1" 200 795 "-" "curl" "13.71.112.75" rt=0.605 ua="10.132.0.7:21015" us="200" ut="0.605" ul="795" cs=-
172.69.134.201 - stay [19/Mar/2019:11:25:43 +0000] "POST /v1/get_details_package HTTP/1.1" 200 794 "-" "curl" "13.71.112.75" rt=0.464 ua="10.132.0.7:21015" us="200" ut="0.464" ul="794" cs=-
172.69.134.27 - stay [19/Mar/2019:11:25:43 +0000] "POST /v1/get_details_package HTTP/1.1" 200 795 "-" "curl" "13.71.112.75" rt=0.369 ua="10.132.0.7:21015" us="200" ut="0.369" ul="795" cs=-
172.69.134.99 - stay [19/Mar/2019:11:25:53 +0000] "POST /v1/get_details_package HTTP/1.1" 200 794 "-" "curl" "13.71.112.75" rt=0.611 ua="10.132.0.7:21015" us="200" ut="0.611" ul="794" cs=-
162.158.165.116 - stay [19/Mar/2019:11:25:53 +0000] "POST /v1/get_details_package HTTP/1.1" 200 817 "-" "curl" "13.71.112.75" rt=0.787 ua="10.132.0.7:21015" us="200" ut="0.787" ul="817" cs=-
172.69.134.177 - stay [19/Mar/2019:11:26:03 +0000] "POST /v1/get_details_package HTTP/1.1" 200 794 "-" "curl" "13.71.112.75" rt=0.657 ua="10.132.0.7:21015" us="200" ut="0.657" ul="794" cs=-
172.68.146.74 - stay [19/Mar/2019:11:26:03 +0000] "POST /v1/get_details_package HTTP/1.1" 200 795 "-" "curl" "13.71.112.75" rt=0.865 ua="10.132.0.7:21015" us="200" ut="0.865" ul="795" cs=-
172.69.134.201 - stay [19/Mar/2019:11:26:13 +0000] "POST /v1/get_details_package HTTP/1.1" 200 795 "-" "curl" "13.71.112.75" rt=0.558 ua="10.132.0.7:21015" us="200" ut="0.558" ul="795" cs=-
172.69.134.27 - stay [19/Mar/2019:11:26:13 +0000] "POST /v1/get_details_package HTTP/1.1" 200 794 "-" "curl" "13.71.112.75" rt=0.810 ua="10.132.0.7:21015" us="200" ut="0.810" ul="794" cs=-
172.68.146.74 - stay [19/Mar/2019:11:26:24 +0000] "POST /v1/get_details_package HTTP/1.1" 200 795 "-" "curl" "13.71.112.75" rt=0.514 ua="10.132.0.7:21015" us="200" ut="0.514" ul="795" cs=-
162.158.167.96 - stay [19/Mar/2019:11:26:24 +0000] "POST /v1/get_details_package HTTP/1.1" 200 794 "-" "curl" "13.71.112.75" rt=0.640 ua="10.132.0.7:21015" us="200" ut="0.640" ul="794" cs=-
172.68.146.212 - stay [19/Mar/2019:11:26:33 +0000] "POST /v1/get_details_package HTTP/1.1" 200 794 "-" "curl" "13.71.112.75" rt=0.561 ua="10.132.0.7:21015" us="200" ut="0.561" ul="794" cs=-
162.158.165.70 - stay [19/Mar/2019:11:26:33 +0000] "POST /v1/get_details_package HTTP/1.1" 200 795 "-" "curl" "13.71.112.75" rt=0.593 ua="10.132.0.7:21015" us="200" ut="0.593" ul="795" cs=-
162.158.167.96 - stay [19/Mar/2019:11:26:43 +0000] "POST /v1/get_details_package HTTP/1.1" 200 794 "-" "curl" "13.71.112.75" rt=0.440 ua="10.132.0.7:21015" us="200" ut="0.440" ul="794" cs=-
162.158.165.116 - stay [19/Mar/2019:11:26:43 +0000] "POST /v1/get_details_package HTTP/1.1" 200 795 "-" "curl" "13.71.112.75" rt=0.347 ua="10.132.0.7:21015" us="200" ut="0.347" ul="795" cs=-
112.66.42.59 - - [19/Mar/2019:11:26:46 +0000] "\x01\x00\x00\x00\x01\x00\x00\x00\x08\x08" 400 182 "-" "-" "-" rt=0.291 ua="-" us="-" ut="-" ul="-" cs=-
172.68.146.26 - stay [19/Mar/2019:11:26:53 +0000] "POST /v1/get_details_package HTTP/1.1" 200 795 "-" "curl" "13.71.112.75" rt=0.514 ua="10.132.0.7:21015" us="200" ut="0.514" ul="795" cs=-
172.69.134.81 - stay [19/Mar/2019:11:26:53 +0000] "POST /v1/get_details_package HTTP/1.1" 200 794 "-" "curl" "13.71.112.75" rt=0.610 ua="10.132.0.7:21015" us="200" ut="0.610" ul="794" cs=-
172.69.135.160 - stay [19/Mar/2019:11:27:03 +0000] "POST /v1/get_details_package HTTP/1.1" 200 794 "-" "curl" "13.71.112.75" rt=0.634 ua="10.132.0.7:21015" us="200" ut="0.634" ul="794" cs=-
172.68.144.229 - stay [19/Mar/2019:11:27:03 +0000] "POST /v1/get_details_package HTTP/1.1" 200 795 "-" "curl" "13.71.112.75" rt=0.710 ua="10.132.0.7:21015" us="200" ut="0.710" ul="795" cs=-
162.158.167.96 - stay [19/Mar/2019:11:27:13 +0000] "POST /v1/get_details_package HTTP/1.1" 200 794 "-" "curl" "13.71.112.75" rt=0.547 ua="10.132.0.7:21015" us="200" ut="0.547" ul="794" cs=-
162.158.166.239 - stay [19/Mar/2019:11:27:13 +0000] "POST /v1/get_details_package HTTP/1.1" 200 795 "-" "curl" "13.71.112.75" rt=0.568 ua="10.132.0.7:21015" us="200" ut="0.568" ul="795" cs=-
172.69.134.99 - stay [19/Mar/2019:11:27:23 +0000] "POST /v1/get_details_package HTTP/1.1" 200 794 "-" "curl" "13.71.112.75" rt=0.653 ua="10.132.0.7:21015" us="200" ut="0.653" ul="794" cs=-
162.158.165.116 - stay [19/Mar/2019:11:27:23 +0000] "POST /v1/get_details_package HTTP/1.1" 200 795 "-" "curl" "13.71.112.75" rt=0.665 ua="10.132.0.7:21015" us="200" ut="0.665" ul="795" cs=-
162.158.166.239 - stay [19/Mar/2019:11:27:33 +0000] "POST /v1/get_details_package HTTP/1.1" 200 795 "-" "curl" "13.71.112.75" rt=0.467 ua="10.132.0.7:21015" us="200" ut="0.467" ul="795" cs=-
172.69.134.99 - stay [19/Mar/2019:11:27:33 +0000] "POST /v1/get_details_package HTTP/1.1" 200 794 "-" "curl" "13.71.112.75" rt=0.479 ua="10.132.0.7:21015" us="200" ut="0.479" ul="794" cs=-
172.69.135.148 - stay [19/Mar/2019:11:27:43 +0000] "POST /v1/get_details_package HTTP/1.1" 200 794 "-" "curl" "13.71.112.75" rt=0.408 ua="10.132.0.7:21015" us="200" ut="0.408" ul="794" cs=-
162.158.167.132 - stay [19/Mar/2019:11:27:43 +0000] "POST /v1/get_details_package HTTP/1.1" 200 795 "-" "curl" "13.71.112.75" rt=0.543 ua="10.132.0.7:21015" us="200" ut="0.543" ul="795" cs=-
172.68.146.26 - stay [19/Mar/2019:11:27:53 +0000] "POST /v1/get_details_package HTTP/1.1" 200 795 "-" "curl" "13.71.112.75" rt=0.440 ua="10.132.0.7:21015" us="200" ut="0.440" ul="795" cs=-
172.69.135.160 - stay [19/Mar/2019:11:27:53 +0000] "POST /v1/get_details_package HTTP/1.1" 200 794 "-" "curl" "13.71.112.75" rt=0.354 ua="10.132.0.7:21015" us="200" ut="0.354" ul="794" cs=-
172.69.134.99 - stay [19/Mar/2019:11:28:03 +0000] "POST /v1/get_details_package HTTP/1.1" 200 795 "-" "curl" "13.71.112.75" rt=0.482 ua="10.132.0.7:21015" us="200" ut="0.482" ul="795" cs=-
162.158.166.239 - stay [19/Mar/2019:11:28:03 +0000] "POST /v1/get_details_package HTTP/1.1" 200 794 "-" "curl" "13.71.112.75" rt=0.723 ua="10.132.0.7:21015" us="200" ut="0.723" ul="794" cs=-
162.158.165.70 - stay [19/Mar/2019:11:28:13 +0000] "POST /v1/get_details_package HTTP/1.1" 200 795 "-" "curl" "13.71.112.75" rt=0.583 ua="10.132.0.7:21015" us="200" ut="0.583" ul="795" cs=-
172.68.146.212 - stay [19/Mar/2019:11:28:13 +0000] "POST /v1/get_details_package HTTP/1.1" 200 794 "-" "curl" "13.71.112.75" rt=0.600 ua="10.132.0.7:21015" us="200" ut="0.600" ul="794" cs=-
162.158.165.70 - stay [19/Mar/2019:11:28:23 +0000] "POST /v1/get_details_package HTTP/1.1" 200 795 "-" "curl" "13.71.112.75" rt=0.574 ua="10.132.0.7:21015" us="200" ut="0.574" ul="795" cs=-
172.68.146.212 - stay [19/Mar/2019:11:28:23 +0000] "POST /v1/get_details_package HTTP/1.1" 200 794 "-" "curl" "13.71.112.75" rt=0.596 ua="10.132.0.7:21015" us="200" ut="0.596" ul="794" cs=-
162.158.167.96 - stay [19/Mar/2019:11:28:33 +0000] "POST /v1/get_details_package HTTP/1.1" 200 795 "-" "curl" "13.71.112.75" rt=0.479 ua="10.132.0.7:21015" us="200" ut="0.479" ul="795" cs=-
162.158.165.116 - stay [19/Mar/2019:11:28:33 +0000] "POST /v1/get_details_package HTTP/1.1" 200 794 "-" "curl" "13.71.112.75" rt=0.595 ua="10.132.0.7:21015" us="200" ut="0.595" ul="794" cs=-
162.158.166.239 - stay [19/Mar/2019:11:28:43 +0000] "POST /v1/get_details_package HTTP/1.1" 200 794 "-" "curl" "13.71.112.75" rt=0.416 ua="10.132.0.7:21015" us="200" ut="0.416" ul="794" cs=-
172.69.134.99 - stay [19/Mar/2019:11:28:43 +0000] "POST /v1/get_details_package HTTP/1.1" 200 795 "-" "curl" "13.71.112.75" rt=0.576 ua="10.132.0.7:21015" us="200" ut="0.576" ul="795" cs=-
172.69.134.27 - stay [19/Mar/2019:11:28:53 +0000] "POST /v1/get_details_package HTTP/1.1" 200 795 "-" "curl" "13.71.112.75" rt=0.512 ua="10.132.0.7:21015" us="200" ut="0.512" ul="795" cs=-
172.69.134.201 - stay [19/Mar/2019:11:28:53 +0000] "POST /v1/get_details_package HTTP/1.1" 200 794 "-" "curl" "13.71.112.75" rt=0.617 ua="10.132.0.7:21015" us="200" ut="0.617" ul="794" cs=-
162.158.165.70 - stay [19/Mar/2019:11:29:03 +0000] "POST /v1/get_details_package HTTP/1.1" 200 795 "-" "curl" "13.71.112.75" rt=0.668 ua="10.132.0.7:21015" us="200" ut="0.668" ul="795" cs=-
172.68.146.212 - stay [19/Mar/2019:11:29:03 +0000] "POST /v1/get_details_package HTTP/1.1" 200 794 "-" "curl" "13.71.112.75" rt=0.455 ua="10.132.0.7:21015" us="200" ut="0.455" ul="794" cs=-
172.69.135.160 - stay [19/Mar/2019:11:29:13 +0000] "POST /v1/get_details_package HTTP/1.1" 200 795 "-" "curl" "13.71.112.75" rt=0.431 ua="10.132.0.7:21015" us="200" ut="0.431" ul="795" cs=-
172.68.144.229 - stay [19/Mar/2019:11:29:13 +0000] "POST /v1/get_details_package HTTP/1.1" 200 794 "-" "curl" "13.71.112.75" rt=0.559 ua="10.132.0.7:21015" us="200" ut="0.559" ul="794" cs=-
172.69.134.81 - stay [19/Mar/2019:11:29:23 +0000] "POST /v1/get_details_package HTTP/1.1" 200 795 "-" "curl" "13.71.112.75" rt=0.392 ua="10.132.0.7:21015" us="200" ut="0.392" ul="795" cs=-
172.69.134.201 - stay [19/Mar/2019:11:29:23 +0000] "POST /v1/get_details_package HTTP/1.1" 200 794 "-" "curl" "13.71.112.75" rt=0.542 ua="10.132.0.7:21015" us="200" ut="0.542" ul="794" cs=-
172.69.135.160 - stay [19/Mar/2019:11:29:33 +0000] "POST /v1/get_details_package HTTP/1.1" 200 795 "-" "curl" "13.71.112.75" rt=0.473 ua="10.132.0.7:21015" us="200" ut="0.473" ul="795" cs=-
172.68.146.26 - stay [19/Mar/2019:11:29:33 +0000] "POST /v1/get_details_package HTTP/1.1" 200 794 "-" "curl" "13.71.112.75" rt=0.383 ua="10.132.0.7:21015" us="200" ut="0.383" ul="794" cs=-
172.68.146.26 - stay [19/Mar/2019:11:29:43 +0000] "POST /v1/get_details_package HTTP/1.1" 200 795 "-" "curl" "13.71.112.75" rt=0.666 ua="10.132.0.7:21015" us="200" ut="0.666" ul="795" cs=-
172.68.146.74 - stay [19/Mar/2019:11:29:43 +0000] "POST /v1/get_details_package HTTP/1.1" 200 816 "-" "curl" "13.71.112.75" rt=0.712 ua="10.132.0.7:21015" us="200" ut="0.712" ul="816" cs=-
172.69.134.99 - stay [19/Mar/2019:11:29:53 +0000] "POST /v1/get_details_package HTTP/1.1" 200 795 "-" "curl" "13.71.112.75" rt=0.420 ua="10.132.0.7:21015" us="200" ut="0.420" ul="795" cs=-
162.158.166.239 - stay [19/Mar/2019:11:29:53 +0000] "POST /v1/get_details_package HTTP/1.1" 200 794 "-" "curl" "13.71.112.75" rt=0.644 ua="10.132.0.7:21015" us="200" ut="0.644" ul="794" cs=-
172.69.135.148 - stay [19/Mar/2019:11:30:03 +0000] "POST /v1/get_details_package HTTP/1.1" 200 794 "-" "curl" "13.71.112.75" rt=0.786 ua="10.132.0.7:21015" us="200" ut="0.786" ul="794" cs=-
162.158.167.132 - stay [19/Mar/2019:11:30:03 +0000] "POST /v1/get_details_package HTTP/1.1" 200 795 "-" "curl" "13.71.112.75" rt=0.790 ua="10.132.0.7:21015" us="200" ut="0.790" ul="795" cs=-
162.158.166.239 - stay [19/Mar/2019:11:30:13 +0000] "POST /v1/get_details_package HTTP/1.1" 200 794 "-" "curl" "13.71.112.75" rt=0.403 ua="10.132.0.7:21015" us="200" ut="0.403" ul="794" cs=-
172.69.134.99 - stay [19/Mar/2019:11:30:13 +0000] "POST /v1/get_details_package HTTP/1.1" 200 795 "-" "curl" "13.71.112.75" rt=0.554 ua="10.132.0.7:21015" us="200" ut="0.554" ul="795" cs=-
162.158.165.116 - stay [19/Mar/2019:11:30:23 +0000] "POST /v1/get_details_package HTTP/1.1" 200 795 "-" "curl" "13.71.112.75" rt=0.562 ua="10.132.0.7:21015" us="200" ut="0.562" ul="795" cs=-
162.158.167.96 - stay [19/Mar/2019:11:30:23 +0000] "POST /v1/get_details_package HTTP/1.1" 200 794 "-" "curl" "13.71.112.75" rt=0.585 ua="10.132.0.7:21015" us="200" ut="0.585" ul="794" cs=-
172.69.134.201 - stay [19/Mar/2019:11:30:33 +0000] "POST /v1/get_details_package HTTP/1.1" 200 795 "-" "curl" "13.71.112.75" rt=0.456 ua="10.132.0.7:21015" us="200" ut="0.456" ul="795" cs=-
172.69.134.27 - stay [19/Mar/2019:11:30:33 +0000] "POST /v1/get_details_package HTTP/1.1" 200 794 "-" "curl" "13.71.112.75" rt=0.582 ua="10.132.0.7:21015" us="200" ut="0.582" ul="794" cs=-
172.68.146.212 - stay [19/Mar/2019:11:30:43 +0000] "POST /v1/get_details_package HTTP/1.1" 200 794 "-" "curl" "13.71.112.75" rt=0.709 ua="10.132.0.7:21015" us="200" ut="0.709" ul="794" cs=-
162.158.165.70 - stay [19/Mar/2019:11:30:43 +0000] "POST /v1/get_details_package HTTP/1.1" 200 795 "-" "curl" "13.71.112.75" rt=0.747 ua="10.132.0.7:21015" us="200" ut="0.747" ul="795" cs=-
172.69.134.99 - stay [19/Mar/2019:11:30:53 +0000] "POST /v1/get_details_package HTTP/1.1" 200 795 "-" "curl" "13.71.112.75" rt=0.349 ua="10.132.0.7:21015" us="200" ut="0.349" ul="795" cs=-
162.158.165.116 - stay [19/Mar/2019:11:30:53 +0000] "POST /v1/get_details_package HTTP/1.1" 200 794 "-" "curl" "13.71.112.75" rt=0.427 ua="10.132.0.7:21015" us="200" ut="0.427" ul="794" cs=-
162.158.166.239 - stay [19/Mar/2019:11:31:03 +0000] "POST /v1/get_details_package HTTP/1.1" 200 794 "-" "curl" "13.71.112.75" rt=0.537 ua="10.132.0.7:21015" us="200" ut="0.537" ul="794" cs=-
172.69.134.177 - stay [19/Mar/2019:11:31:03 +0000] "POST /v1/get_details_package HTTP/1.1" 200 817 "-" "curl" "13.71.112.75" rt=0.645 ua="10.132.0.7:21015" us="200" ut="0.645" ul="817" cs=-
172.68.146.74 - stay [19/Mar/2019:11:31:13 +0000] "POST /v1/get_details_package HTTP/1.1" 200 794 "-" "curl" "13.71.112.75" rt=0.446 ua="10.132.0.7:21015" us="200" ut="0.446" ul="794" cs=-
172.69.134.201 - stay [19/Mar/2019:11:31:13 +0000] "POST /v1/get_details_package HTTP/1.1" 200 795 "-" "curl" "13.71.112.75" rt=0.599 ua="10.132.0.7:21015" us="200" ut="0.599" ul="795" cs=-
172.69.134.27 - stay [19/Mar/2019:11:31:23 +0000] "POST /v1/get_details_package HTTP/1.1" 200 795 "-" "curl" "13.71.112.75" rt=0.397 ua="10.132.0.7:21015" us="200" ut="0.397" ul="795" cs=-
172.69.134.27 - stay [19/Mar/2019:11:31:23 +0000] "POST /v1/get_details_package HTTP/1.1" 200 794 "-" "curl" "13.71.112.75" rt=0.616 ua="10.132.0.7:21015" us="200" ut="0.416" ul="794" cs=-
172.69.134.177 - stay [19/Mar/2019:11:31:33 +0000] "POST /v1/get_details_package HTTP/1.1" 200 795 "-" "curl" "13.71.112.75" rt=0.535 ua="10.132.0.7:21015" us="200" ut="0.535" ul="795" cs=-
172.68.144.229 - stay [19/Mar/2019:11:31:33 +0000] "POST /v1/get_details_package HTTP/1.1" 200 794 "-" "curl" "13.71.112.75" rt=0.619 ua="10.132.0.7:21015" us="200" ut="0.619" ul="794" cs=-
172.69.135.148 - stay [19/Mar/2019:11:31:43 +0000] "POST /v1/get_details_package HTTP/1.1" 200 794 "-" "curl" "13.71.112.75" rt=0.363 ua="10.132.0.7:21015" us="200" ut="0.363" ul="794" cs=-
162.158.167.132 - stay [19/Mar/2019:11:31:43 +0000] "POST /v1/get_details_package HTTP/1.1" 200 795 "-" "curl" "13.71.112.75" rt=0.664 ua="10.132.0.7:21015" us="200" ut="0.664" ul="795" cs=-
172.69.134.81 - stay [19/Mar/2019:11:31:53 +0000] "POST /v1/get_details_package HTTP/1.1" 200 794 "-" "curl" "13.71.112.75" rt=0.461 ua="10.132.0.7:21015" us="200" ut="0.461" ul="794" cs=-
172.68.146.212 - stay [19/Mar/2019:11:31:53 +0000] "POST /v1/get_details_package HTTP/1.1" 200 795 "-" "curl" "13.71.112.75" rt=0.585 ua="10.132.0.7:21015" us="200" ut="0.585" ul="795" cs=-
162.158.167.96 - stay [19/Mar/2019:11:32:04 +0000] "POST /v1/get_details_package HTTP/1.1" 200 795 "-" "curl" "13.71.112.75" rt=0.716 ua="10.132.0.7:21015" us="200" ut="0.716" ul="795" cs=-
162.158.165.70 - stay [19/Mar/2019:11:32:04 +0000] "POST /v1/get_details_package HTTP/1.1" 200 794 "-" "curl" "13.71.112.75" rt=0.749 ua="10.132.0.7:21015" us="200" ut="0.749" ul="794" cs=-
162.158.166.239 - stay [19/Mar/2019:11:32:13 +0000] "POST /v1/get_details_package HTTP/1.1" 200 795 "-" "curl" "13.71.112.75" rt=0.503 ua="10.132.0.7:21015" us="200" ut="0.503" ul="795" cs=-
162.158.165.116 - stay [19/Mar/2019:11:32:13 +0000] "POST /v1/get_details_package HTTP/1.1" 200 794 "-" "curl" "13.71.112.75" rt=0.583 ua="10.132.0.7:21015" us="200" ut="0.583" ul="794" cs=-
172.69.134.99 - stay [19/Mar/2019:11:32:23 +0000] "POST /v1/get_details_package HTTP/1.1" 200 794 "-" "curl" "13.71.112.75" rt=0.538 ua="10.132.0.7:21015" us="200" ut="0.538" ul="794" cs=-
172.68.146.74 - stay [19/Mar/2019:11:32:24 +0000] "POST /v1/get_details_package HTTP/1.1" 200 795 "-" "curl" "13.71.112.75" rt=0.722 ua="10.132.0.7:21015" us="200" ut="0.722" ul="795" cs=-
172.69.134.177 - stay [19/Mar/2019:11:32:33 +0000] "POST /v1/get_details_package HTTP/1.1" 200 794 "-" "curl" "13.71.112.75" rt=0.645 ua="10.132.0.7:21015" us="200" ut="0.645" ul="794" cs=-
162.158.167.96 - stay [19/Mar/2019:11:32:34 +0000] "POST /v1/get_details_package HTTP/1.1" 200 795 "-" "curl" "13.71.112.75" rt=0.822 ua="10.132.0.7:21015" us="200" ut="0.822" ul="795" cs=-
162.158.167.96 - stay [19/Mar/2019:11:32:43 +0000] "POST /v1/get_details_package HTTP/1.1" 200 795 "-" "curl" "13.71.112.75" rt=0.461 ua="10.132.0.7:21015" us="200" ut="0.461" ul="795" cs=-
162.158.165.116 - stay [19/Mar/2019:11:32:43 +0000] "POST /v1/get_details_package HTTP/1.1" 200 794 "-" "curl" "13.71.112.75" rt=0.379 ua="10.132.0.7:21015" us="200" ut="0.379" ul="794" cs=-
162.158.166.239 - stay [19/Mar/2019:11:32:53 +0000] "POST /v1/get_details_package HTTP/1.1" 200 794 "-" "curl" "13.71.112.75" rt=0.320 ua="10.132.0.7:21015" us="200" ut="0.320" ul="794" cs=-
172.69.134.99 - stay [19/Mar/2019:11:32:53 +0000] "POST /v1/get_details_package HTTP/1.1" 200 795 "-" "curl" "13.71.112.75" rt=0.368 ua="10.132.0.7:21015" us="200" ut="0.368" ul="795" cs=-
172.69.134.27 - stay [19/Mar/2019:11:33:03 +0000] "POST /v1/get_details_package HTTP/1.1" 200 795 "-" "curl" "13.71.112.75" rt=0.603 ua="10.132.0.7:21015" us="200" ut="0.603" ul="795" cs=-
172.69.134.201 - stay [19/Mar/2019:11:33:03 +0000] "POST /v1/get_details_package HTTP/1.1" 200 794 "-" "curl" "13.71.112.75" rt=0.591 ua="10.132.0.7:21015" us="200" ut="0.591" ul="794" cs=-
172.68.146.212 - stay [19/Mar/2019:11:33:13 +0000] "POST /v1/get_details_package HTTP/1.1" 200 794 "-" "curl" "13.71.112.75" rt=0.566 ua="10.132.0.7:21015" us="200" ut="0.566" ul="794" cs=-
162.158.165.70 - stay [19/Mar/2019:11:33:14 +0000] "POST /v1/get_details_package HTTP/1.1" 200 795 "-" "curl" "13.71.112.75" rt=0.651 ua="10.132.0.7:21015" us="200" ut="0.651" ul="795" cs=-
172.68.144.229 - stay [19/Mar/2019:11:33:23 +0000] "POST /v1/get_details_package HTTP/1.1" 200 794 "-" "curl" "13.71.112.75" rt=0.585 ua="10.132.0.7:21015" us="200" ut="0.585" ul="794" cs=-
172.69.135.160 - stay [19/Mar/2019:11:33:23 +0000] "POST /v1/get_details_package HTTP/1.1" 200 795 "-" "curl" "13.71.112.75" rt=0.600 ua="10.132.0.7:21015" us="200" ut="0.600" ul="795" cs=-
172.69.134.81 - stay [19/Mar/2019:11:33:33 +0000] "POST /v1/get_details_package HTTP/1.1" 200 795 "-" "curl" "13.71.112.75" rt=0.496 ua="10.132.0.7:21015" us="200" ut="0.496" ul="795" cs=-
172.69.134.201 - stay [19/Mar/2019:11:33:33 +0000] "POST /v1/get_details_package HTTP/1.1" 200 794 "-" "curl" "13.71.112.75" rt=0.602 ua="10.132.0.7:21015" us="200" ut="0.602" ul="794" cs=-
172.69.134.201 - stay [19/Mar/2019:11:33:43 +0000] "POST /v1/get_details_package HTTP/1.1" 200 794 "-" "curl" "13.71.112.75" rt=0.568 ua="10.132.0.7:21015" us="200" ut="0.568" ul="794" cs=-
172.69.134.27 - stay [19/Mar/2019:11:33:43 +0000] "POST /v1/get_details_package HTTP/1.1" 200 795 "-" "curl" "13.71.112.75" rt=0.581 ua="10.132.0.7:21015" us="200" ut="0.581" ul="795" cs=-
172.69.134.81 - stay [19/Mar/2019:11:33:53 +0000] "POST /v1/get_details_package HTTP/1.1" 200 794 "-" "curl" "13.71.112.75" rt=0.380 ua="10.132.0.7:21015" us="200" ut="0.380" ul="794" cs=-
172.68.144.229 - stay [19/Mar/2019:11:33:54 +0000] "POST /v1/get_details_package HTTP/1.1" 200 795 "-" "curl" "13.71.112.75" rt=0.677 ua="10.132.0.7:21015" us="200" ut="0.677" ul="795" cs=-
162.158.166.239 - stay [19/Mar/2019:11:34:03 +0000] "POST /v1/get_details_package HTTP/1.1" 200 794 "-" "curl" "13.71.112.75" rt=0.627 ua="10.132.0.7:21015" us="200" ut="0.627" ul="794" cs=-
172.69.135.148 - stay [19/Mar/2019:11:34:04 +0000] "POST /v1/get_details_package HTTP/1.1" 200 795 "-" "curl" "13.71.112.75" rt=0.689 ua="10.132.0.7:21015" us="200" ut="0.689" ul="795" cs=-
172.68.146.212 - stay [19/Mar/2019:11:34:13 +0000] "POST /v1/get_details_package HTTP/1.1" 200 794 "-" "curl" "13.71.112.75" rt=0.515 ua="10.132.0.7:21015" us="200" ut="0.515" ul="794" cs=-
162.158.165.70 - stay [19/Mar/2019:11:34:13 +0000] "POST /v1/get_details_package HTTP/1.1" 200 795 "-" "curl" "13.71.112.75" rt=0.620 ua="10.132.0.7:21015" us="200" ut="0.620" ul="795" cs=-
172.69.134.201 - stay [19/Mar/2019:11:34:23 +0000] "POST /v1/get_details_package HTTP/1.1" 200 794 "-" "curl" "13.71.112.75" rt=0.460 ua="10.132.0.7:21015" us="200" ut="0.460" ul="794" cs=-
172.69.134.27 - stay [19/Mar/2019:11:34:23 +0000] "POST /v1/get_details_package HTTP/1.1" 200 795 "-" "curl" "13.71.112.75" rt=0.407 ua="10.132.0.7:21015" us="200" ut="0.407" ul="795" cs=-
162.158.166.239 - stay [19/Mar/2019:11:34:33 +0000] "POST /v1/get_details_package HTTP/1.1" 200 794 "-" "curl" "13.71.112.75" rt=0.484 ua="10.132.0.7:21015" us="200" ut="0.484" ul="794" cs=-
172.69.134.99 - stay [19/Mar/2019:11:34:33 +0000] "POST /v1/get_details_package HTTP/1.1" 200 795 "-" "curl" "13.71.112.75" rt=0.399 ua="10.132.0.7:21015" us="200" ut="0.399" ul="795" cs=-
162.158.165.116 - stay [19/Mar/2019:11:34:43 +0000] "POST /v1/get_details_package HTTP/1.1" 200 794 "-" "curl" "13.71.112.75" rt=0.603 ua="10.132.0.7:21015" us="200" ut="0.603" ul="794" cs=-
172.69.134.177 - stay [19/Mar/2019:11:34:44 +0000] "POST /v1/get_details_package HTTP/1.1" 200 795 "-" "curl" "13.71.112.75" rt=0.618 ua="10.132.0.7:21015" us="200" ut="0.618" ul="795" cs=-
172.68.146.74 - stay [19/Mar/2019:11:34:53 +0000] "POST /v1/get_details_package HTTP/1.1" 200 816 "-" "curl" "13.71.112.75" rt=0.581 ua="10.132.0.7:21015" us="200" ut="0.581" ul="816" cs=-
172.69.134.27 - stay [19/Mar/2019:11:34:54 +0000] "POST /v1/get_details_package HTTP/1.1" 200 795 "-" "curl" "13.71.112.75" rt=0.988 ua="10.132.0.7:21015" us="200" ut="0.988" ul="795" cs=-
162.158.165.116 - stay [19/Mar/2019:11:35:03 +0000] "POST /v1/get_details_package HTTP/1.1" 200 794 "-" "curl" "13.71.112.75" rt=0.401 ua="10.132.0.7:21015" us="200" ut="0.401" ul="794" cs=-
162.158.167.96 - stay [19/Mar/2019:11:35:03 +0000] "POST /v1/get_details_package HTTP/1.1" 200 795 "-" "curl" "13.71.112.75" rt=0.455 ua="10.132.0.7:21015" us="200" ut="0.455" ul="795" cs=-
172.69.134.177 - stay [19/Mar/2019:11:35:13 +0000] "POST /v1/get_details_package HTTP/1.1" 200 795 "-" "curl" "13.71.112.75" rt=0.498 ua="10.132.0.7:21015" us="200" ut="0.498" ul="795" cs=-
172.68.146.74 - stay [19/Mar/2019:11:35:13 +0000] "POST /v1/get_details_package HTTP/1.1" 200 794 "-" "curl" "13.71.112.75" rt=0.404 ua="10.132.0.7:21015" us="200" ut="0.404" ul="794" cs=-
162.158.166.239 - stay [19/Mar/2019:11:35:24 +0000] "POST /v1/get_details_package HTTP/1.1" 200 794 "-" "curl" "13.71.112.75" rt=0.757 ua="10.132.0.7:21015" us="200" ut="0.757" ul="794" cs=-
172.69.134.99 - stay [19/Mar/2019:11:35:24 +0000] "POST /v1/get_details_package HTTP/1.1" 200 795 "-" "curl" "13.71.112.75" rt=0.757 ua="10.132.0.7:21015" us="200" ut="0.757" ul="795" cs=-
162.158.167.96 - stay [19/Mar/2019:11:35:33 +0000] "POST /v1/get_details_package HTTP/1.1" 200 794 "-" "curl" "13.71.112.75" rt=0.514 ua="10.132.0.7:21015" us="200" ut="0.514" ul="794" cs=-
172.69.134.201 - stay [19/Mar/2019:11:35:33 +0000] "POST /v1/get_details_package HTTP/1.1" 200 795 "-" "curl" "13.71.112.75" rt=0.437 ua="10.132.0.7:21015" us="200" ut="0.437" ul="795" cs=-
172.69.134.27 - stay [19/Mar/2019:11:35:43 +0000] "POST /v1/get_details_package HTTP/1.1" 200 795 "-" "curl" "13.71.112.75" rt=0.336 ua="10.132.0.7:21015" us="200" ut="0.336" ul="795" cs=-
172.69.134.201 - stay [19/Mar/2019:11:35:43 +0000] "POST /v1/get_details_package HTTP/1.1" 200 794 "-" "curl" "13.71.112.75" rt=0.385 ua="10.132.0.7:21015" us="200" ut="0.385" ul="794" cs=-
172.68.146.212 - stay [19/Mar/2019:11:35:53 +0000] "POST /v1/get_details_package HTTP/1.1" 200 794 "-" "curl" "13.71.112.75" rt=0.480 ua="10.132.0.7:21015" us="200" ut="0.480" ul="794" cs=-
162.158.165.70 - stay [19/Mar/2019:11:35:54 +0000] "POST /v1/get_details_package HTTP/1.1" 200 795 "-" "curl" "13.71.112.75" rt=0.599 ua="10.132.0.7:21015" us="200" ut="0.599" ul="795" cs=-
162.158.165.70 - stay [19/Mar/2019:11:36:03 +0000] "POST /v1/get_details_package HTTP/1.1" 200 794 "-" "curl" "13.71.112.75" rt=0.343 ua="10.132.0.7:21015" us="200" ut="0.343" ul="794" cs=-
162.158.167.96 - stay [19/Mar/2019:11:36:03 +0000] "POST /v1/get_details_package HTTP/1.1" 200 795 "-" "curl" "13.71.112.75" rt=0.496 ua="10.132.0.7:21015" us="200" ut="0.496" ul="795" cs=-
162.158.165.116 - stay [19/Mar/2019:11:36:13 +0000] "POST /v1/get_details_package HTTP/1.1" 200 794 "-" "curl" "13.71.112.75" rt=0.552 ua="10.132.0.7:21015" us="200" ut="0.552" ul="794" cs=-
162.158.166.239 - stay [19/Mar/2019:11:36:14 +0000] "POST /v1/get_details_package HTTP/1.1" 200 817 "-" "curl" "13.71.112.75" rt=0.627 ua="10.132.0.7:21015" us="200" ut="0.627" ul="817" cs=-
172.69.134.99 - stay [19/Mar/2019:11:36:23 +0000] "POST /v1/get_details_package HTTP/1.1" 200 794 "-" "curl" "13.71.112.75" rt=0.338 ua="10.132.0.7:21015" us="200" ut="0.338" ul="794" cs=-
172.68.144.229 - stay [19/Mar/2019:11:36:23 +0000] "POST /v1/get_details_package HTTP/1.1" 200 795 "-" "curl" "13.71.112.75" rt=0.404 ua="10.132.0.7:21015" us="200" ut="0.404" ul="795" cs=-
172.69.134.27 - - [19/Mar/2019:11:36:28 +0000] "OPTIONS /search_api?activity_tag=relax&adults=1&children=0&end_date=2019-03-29&infants=0&location_filter=%5B%7B%22geo_bounding_box%22:%7B%22top_right%22:%7B%22lat%22:89.36720755694795,%22lon%22:180%7D,%22bottom_left%22:%7B%22lat%22:-70.46015473283494,%22lon%22:-180%7D%7D%7D%5D&location_tag=world&mode=travel_and_stay&origin=25763&page=1&page_size=60&start_date=2019-03-24&type=top_destinations&user_id=32&user_preferences=%7B%22been%22:true,%22wish%22:true%7D&user_ui_id=ONuJOjrjpl HTTP/1.1" 204 0 "-" "Mozilla/5.0 (X11; Linux x86_64) AppleWebKit/537.36 (KHTML, like Gecko) Chrome/69.0.3497.100 Safari/537.36" "106.51.67.207" rt=0.000 ua="-" us="-" ut="-" ul="-" cs=-
162.158.166.239 - metripping [19/Mar/2019:11:36:32 +0000] "GET /search_api?activity_tag=relax&adults=1&children=0&end_date=2019-03-29&infants=0&location_filter=%5B%7B%22geo_bounding_box%22:%7B%22top_right%22:%7B%22lat%22:89.36720755694795,%22lon%22:180%7D,%22bottom_left%22:%7B%22lat%22:-70.46015473283494,%22lon%22:-180%7D%7D%7D%5D&location_tag=world&mode=travel_and_stay&origin=25763&page=1&page_size=60&start_date=2019-03-24&type=top_destinations&user_id=32&user_preferences=%7B%22been%22:true,%22wish%22:true%7D&user_ui_id=ONuJOjrjpl HTTP/1.1" 200 5195 "http://localhost:3333/profile/" "Mozilla/5.0 (X11; Linux x86_64) AppleWebKit/537.36 (KHTML, like Gecko) Chrome/69.0.3497.100 Safari/537.36" "106.51.67.207" rt=3.471 ua="10.132.0.7:21015" us="200" ut="3.471" ul="24986" cs=-
172.68.146.212 - stay [19/Mar/2019:11:36:34 +0000] "POST /v1/get_details_package HTTP/1.1" 200 795 "-" "curl" "13.71.112.75" rt=0.730 ua="10.132.0.7:21015" us="200" ut="0.730" ul="795" cs=-
172.69.135.160 - stay [19/Mar/2019:11:36:34 +0000] "POST /v1/get_details_package HTTP/1.1" 200 794 "-" "curl" "13.71.112.75" rt=0.748 ua="10.132.0.7:21015" us="200" ut="0.748" ul="794" cs=-
162.158.167.132 - stay [19/Mar/2019:11:36:44 +0000] "POST /v1/get_details_package HTTP/1.1" 200 795 "-" "curl" "13.71.112.75" rt=0.808 ua="10.132.0.7:21015" us="200" ut="0.808" ul="795" cs=-
172.69.135.148 - stay [19/Mar/2019:11:36:44 +0000] "POST /v1/get_details_package HTTP/1.1" 200 794 "-" "curl" "13.71.112.75" rt=0.821 ua="10.132.0.7:21015" us="200" ut="0.821" ul="794" cs=-
172.69.134.81 - stay [19/Mar/2019:11:36:54 +0000] "POST /v1/get_details_package HTTP/1.1" 200 794 "-" "curl" "13.71.112.75" rt=0.566 ua="10.132.0.7:21015" us="200" ut="0.566" ul="794" cs=-
172.68.146.26 - stay [19/Mar/2019:11:36:54 +0000] "POST /v1/get_details_package HTTP/1.1" 200 795 "-" "curl" "13.71.112.75" rt=0.613 ua="10.132.0.7:21015" us="200" ut="0.613" ul="795" cs=-
162.158.167.96 - stay [19/Mar/2019:11:37:04 +0000] "POST /v1/get_details_package HTTP/1.1" 200 795 "-" "curl" "13.71.112.75" rt=0.619 ua="10.132.0.7:21015" us="200" ut="0.619" ul="795" cs=-
162.158.165.116 - stay [19/Mar/2019:11:37:04 +0000] "POST /v1/get_details_package HTTP/1.1" 200 794 "-" "curl" "13.71.112.75" rt=0.634 ua="10.132.0.7:21015" us="200" ut="0.634" ul="794" cs=-
162.158.167.132 - stay [19/Mar/2019:11:37:13 +0000] "POST /v1/get_details_package HTTP/1.1" 200 795 "-" "curl" "13.71.112.75" rt=0.430 ua="10.132.0.7:21015" us="200" ut="0.430" ul="795" cs=-
172.69.134.99 - stay [19/Mar/2019:11:37:13 +0000] "POST /v1/get_details_package HTTP/1.1" 200 794 "-" "curl" "13.71.112.75" rt=0.357 ua="10.132.0.7:21015" us="200" ut="0.357" ul="794" cs=-
172.69.135.160 - stay [19/Mar/2019:11:37:23 +0000] "POST /v1/get_details_package HTTP/1.1" 200 795 "-" "curl" "13.71.112.75" rt=0.491 ua="10.132.0.7:21015" us="200" ut="0.491" ul="795" cs=-
